[ahmed@admin AppleSiliconM4]$ ./Scripts/m1n1/perstn-run.sh 2
[sudo] password for ahmed: 
TTY> Initialized dockchannel UART at 0x388128000
TTY> Device info:
TTY>   Model: Mac16,10
TTY>   Target: J773g
TTY>   Board-ID: 0x2a
TTY>   Chip-ID: 0x8132
TTY> 
TTY> CPU init (MIDR: 0x611f0531 smp_id:0x6)...
TTY>   CPU part: 0x53 rev: 0x11
TTY>   CPU: M4 Donan (P core)
TTY> 
TTY> boot_args at 0x100030c8000
TTY>   revision:     3
TTY>   version:      2
TTY>   virt_base:    0x130f0000
TTY>   phys_base:    0x100010f0000
TTY>   mem_size:     0x3df834000
TTY>   top_of_kdata: 0x100030d8000
TTY>   video:
TTY>     base:       0x103e5234000
TTY>     display:    0x1
TTY>     stride:     0xa00
TTY>     width:      640
TTY>     height:     1136
TTY>     depth:      32bpp
TTY>     density:    1
TTY>   machine_type: 0
TTY>   devtree:      0x1487c000
TTY>   devtree_size: 0x68000
TTY>   cmdline:      
TTY>   boot_flags:   0x0
TTY>   mem_size_act: 0x400000000
TTY> 
TTY> 
TTY> 
TTY> m1n1 v1.6.0-rc1-56-g6b277bc
TTY> Copyright The Asahi Linux Contributors
TTY> Licensed under the MIT license
TTY> 
TTY> Running in EL2
TTY> 
TTY> OS FW version: 15.1 (iBoot-11881.41.5)
TTY> System FW version: 15.1 (iBoot-11881.41.5)
TTY> Heap base: 0x100030d8000
TTY> MCC: Unsupported version:mcc,t8132
TTY> MMU: Initializing...
TTY> MMU: RAM base: 0x10000000000
TTY> MMU: Top of normal RAM: 0x103e0924000
TTY> MMU: Adding Device-nGnRE mapping at 0x1c50000000 (0x4000)
TTY> MMU: Adding Device-nGnRE mapping at 0x1c60000000 (0x4000)
TTY> MMU: Adding Device-nGnRE mapping at 0x1c70000000 (0x4000)
TTY> MMU: Adding Device-nGnRE mapping at 0x1c80000000 (0x4000)
TTY> MMU: Adding Device-nGnRE mapping at 0x1cb0000000 (0x14000)
TTY> MMU: Adding Normal-NC mapping at 0x103fff1c000 (0x20000)
TTY> MMU: Adding Normal-NC mapping at 0x103ffe6c000 (0x10000)
TTY> MMU: Adding Normal-NC mapping at 0x103ffe4c000 (0x20000)
TTY> MMU: Adding Normal-NC mapping at 0x103ffddc000 (0x10000)
TTY> MMU: Adding Normal-NC mapping at 0x103ffdbc000 (0x20000)
TTY> MMU: Adding Normal-NC mapping at 0x103ffd4c000 (0x10000)
TTY> MMU: Adding Normal-NC mapping at 0x103fffb8000 (0x4000)
TTY> MMU: Adding Normal-NC mapping at 0x103fff70000 (0x4000)
TTY> MMU: SCTLR_EL1: 30000180 -> 30901085
TTY> MMU: running with MMU and caches enabled!
TTY> AIC: Version 3 @ 0x381000000
TTY> AIC: AIC3 with 1/2 dies, 2048/4096 IRQs, reg_size:40004, config:10000, extintrcfg_stride:04a00, intmaskset_stride:04a00, intmaskclear_stride:04a00
TTY> Primary WDT register @ 0x3882b0000
TTY> Primary WDT disabled
TTY> Secondary WDT register @ 0x3882b8008
TTY> Secondary WDT disabled
TTY> pmgr: Cleaning up device states...
TTY> pmgr: initialized, 392 devices on 1 dies found.
TTY> display: Display is external
TTY> display: Dummy framebuffer found, initializing display
TTY> dart: dart /arm-io/dart-dcp at 0x30a340000 is a t8110 (locked)
TTY> dart: dart /arm-io/dart-disp0 at 0x30a300000 is a t8110 (locked)
TTY> dart: dart /arm-io/dart-disp0.0.0 L1 0 is real-time at 0x103fff1c000
TTY> dart: allocating L2 tbl at 0, 1 to 0x103fff24000
TTY> dcp: Mapping segment #2 10002a4c000 -> 10002a4c000 [24000]
TTY> rtkit(dcp): booting with version 12
TTY> rtkit(dcp): unknown system endpoint 0x0a
TTY> rtkit(dcp): pre-allocated buffer (ep 0x1, dva 0x100025eb000, phys 0x103e51a3000)
TTY> rtkit(dcp): unknown oslog message 105ff8010002604
TTY> rtkit(dcp): unknown oslog message 3010042100000a1
TTY> rtkit(dcp): unknown oslog message 4000020d51e4021
TTY> rtkit(dcp): unknown oslog message 4000040d28078a1
TTY> rtkit(dcp): unknown oslog message 4000060d51e4001
TTY> AFK: ring buffer size mismatch
TTY> AFK: ring buffer size mismatch
TTY> dcp-iboot: failed to initialize disp0 service
TTY> display: failed to initialize DCP iBoot interface
TTY> rtkit(dcp): IOP crashed!
TTY> rtkit(dcp): == CRASH INFO ==
TTY> rtkit(dcp):   Message 1: ASSERT!Messenger.c:299 0xc0000000000000 0x7 
TTY> rtkit(dcp):   0x43766572
TTY> rtkit(dcp):   0x4374696d
TTY> rtkit(dcp):   0x43637374
TTY> rtkit(dcp):   0x4372746b
TTY> rtkit(dcp):   0x43617343
TTY> rtkit(dcp):   0x436d6278
TTY> rtkit(dcp):   0x43636470
TTY> rtkit(dcp):   0x43706374
TTY> rtkit(dcp):   0x43737461
TTY> rtkit(dcp):   0x43737461
TTY> rtkit(dcp): IOP died during shutdown
TTY> fb init: 640x1136 (32) [s=640] @0x103e5234000
TTY> fb console: max rows 35, max cols 40
TTY> fb: display logo
TTY> cpufreq: Chip 0x8132 is unsupported
TTY> Initialization complete.
TTY> Checking for payloads...
TTY> Devicetree compatible value: apple,j773g
TTY> Unknown payload at 0x10002a4c000 (magic: 5b41464b)
TTY> No valid payload found
TTY> dart: dart /arm-io/dart-usb0 at 0x402f80000 is a t8110
TTY> USB0: initialized at 0x100034c6030
TTY> dart: dart /arm-io/dart-usb1 at 0x40af80000 is a t8110
TTY> USB1: initialized at 0x100034c6360
TTY> dart: dart /arm-io/dart-usb2 at 0x412f80000 is a t8110
TTY> USB2: initialized at 0x100034c6690
TTY> dart: dart /arm-io/dart-usb3 at 0x41af80000 is a t8110
TTY> USB3: initialized at 0x100034c69c0
TTY> Running proxy...
m1n1 base: 0x10002940000
Fetching ADT (0x00068000 bytes)...
[pcie_up] === Phase 3.3 pcie_up ===
[pcie_up] building ApcieMap from ADT...
[pcie_up] [flush:adt-map] wrote partial log (2430 bytes) to /tmp/m4-recon/nic-runtime.txt
[pcie_up] dumping apcie-phy-ip-{pll,auspma}-tunables report...
[pcie_up] [flush:phy-ip-report] wrote partial log (18440 bytes) to /tmp/m4-recon/nic-runtime.txt
[pcie_up] dumping apcie-{cio3pllcore,pcieclkgen}-tunables report...
[pcie_up] [flush:extra-tunables-report] wrote partial log (26107 bytes) to /tmp/m4-recon/nic-runtime.txt
[pcie_up] SMC power on apcie fabric...
[mgmt] Starting via message
[mgmt] Supported versions 12 .. 12
[mgmt] Adding endpoint 0x0
[mgmt] Adding endpoint 0x1
[mgmt] Adding endpoint 0x2
[mgmt] Adding endpoint 0x3
[mgmt] Adding endpoint 0x4
[mgmt] Adding endpoint 0x8
[mgmt] Adding endpoint 0x20
Starting endpoint #0x1 (crash)
Starting endpoint #0x2 (syslog)
Starting endpoint #0x3 (kdebug)
Starting endpoint #0x4 (iorep)
Starting endpoint #0x8 (iorep)
[crash] buf prealloc at dva 0x38de5c000
[iorep] buf prealloc 0x38de61000 / 0x38de61000
[iorep] start
[iorep] report!
[iorep] report!
[iorep] report!
[iorep] report!
[iorep] report!
[iorep] report!
[iorep] report!
[iorep] report!
[iorep] report!
[iorep] report!
[iorep] report!
[iorep] report!
[mgmt] IOP power state is now 0x20
[syslog] count 32, entrysize 96
[syslog] buf prealloc at dva 0x38de60000
[iorep] buf prealloc 0xff800038de66000 / 0xff800038de66000
unknown message: 0x31f10428986d339 / 0x408c0000000008 (EP=0x8)
unknown message: 0x40000209630790a / 0x309c0000000008 (EP=0x8)
unknown message: 0x40000402572ab9b / 0x20ac0000000008 (EP=0x8)
unknown message: 0x400006003168728 / 0x10bc0000000008 (EP=0x8)
[mgmt] AP power state is now 0x20
[mgmt] Startup complete
Starting endpoint #0x20 (smcep)
[smcep] Starting up
[mgmt] Stopping via message
[mgmt] AP power state is now 0x10
[mgmt] IOP power state is now 0x10
[pcie_up] [flush:smc-power] wrote partial log (26253 bytes) to /tmp/m4-recon/nic-runtime.txt
[pcie_up] CLKREQ assert on gpio0 pin 162...
[pcie_up] CLKREQ: drive gpio0[162] low (assert)
[pcie_up] [flush:clkreq] wrote partial log (26399 bytes) to /tmp/m4-recon/nic-runtime.txt
[pcie_up] PERSTN deassert on gpio0 pin 165...
[pcie_up] PERSTN cold reset: drive gpio0[165] low
[pcie_up] PERSTN: drive gpio0[165] high
[pcie_up] [flush:perstn] wrote partial log (26664 bytes) to /tmp/m4-recon/nic-runtime.txt
[pcie_up] Phase 0: PMGR gate readout (no apcie MMIO)...
[pcie_up] [flush:phase0-pmgr-state] wrote partial log (27303 bytes) to /tmp/m4-recon/nic-runtime.txt
[pcie_up] Phase 0.5: PMGR parent-chain readout (no apcie MMIO)...
[pcie_up] [flush:phase0.5-parents] wrote partial log (31514 bytes) to /tmp/m4-recon/nic-runtime.txt
[pcie_up] Phase A: single pre-PMGR probe at phy_ip_base+0...
[pcie_up] [flush:phaseA-preinit-single] wrote partial log (32554 bytes) to /tmp/m4-recon/nic-runtime.txt
[pcie_up] Phase D: direct PS-register poke for gate 151...
[pcie_up] [flush:phaseD-gate151-poke] wrote partial log (33305 bytes) to /tmp/m4-recon/nic-runtime.txt
[pcie_up] Phase E: post-Phase-D rc/axi sanity probe...
[pcie_up] [flush:phaseE-rc-axi-sanity] wrote partial log (34562 bytes) to /tmp/m4-recon/nic-runtime.txt
[pcie_up] ADT fuse recon: searching for missing t8132 fuse-bits programming source...
[pcie_up] [flush:fuse-recon] wrote partial log (38908 bytes) to /tmp/m4-recon/nic-runtime.txt
[pcie_up] Phase F: T8140 controller-init replay (pcie.c) [extra_tunables=False, extra_tunables_only='both', phycmn_first=False, phycmn_early=True, phy4_x10_early=False, phy_ip_diag=True, phy_ip_diag_at='none', reachable_scan=True, phy_ip_write_probe=False, naked_write_test=True, axi2af_naked_apply=True, pcieclkgen_naked_apply_to='axi_sub5_base', cio3pllcore_naked_apply_to='axi_sub5_base', phyif_ctrl_run=False]...
[pcie_up] [flush:phaseF.diag.F.entry.phy-common-enter] wrote partial log (39525 bytes) to /tmp/m4-recon/nic-runtime.txt
[pcie_up] [flush:phaseF.diag.F.entry.reachable-scan-enter] wrote partial log (39667 bytes) to /tmp/m4-recon/nic-runtime.txt
[pcie_up] [flush:phaseF.diag.F.entry.reachable-scan.rc_base] wrote partial log (42098 bytes) to /tmp/m4-recon/nic-runtime.txt
[pcie_up] [flush:phaseF.diag.F.entry.reachable-scan.phy_common_base] wrote partial log (43901 bytes) to /tmp/m4-recon/nic-runtime.txt
[pcie_up] [flush:phaseF.diag.F.entry.reachable-scan.phy_shared] wrote partial log (45619 bytes) to /tmp/m4-recon/nic-runtime.txt
[pcie_up] [flush:phaseF.diag.F.entry.reachable-scan.axi_base] wrote partial log (47303 bytes) to /tmp/m4-recon/nic-runtime.txt
[pcie_up] [flush:phaseF.diag.F.entry.reachable-scan-done] wrote partial log (47463 bytes) to /tmp/m4-recon/nic-runtime.txt
[pcie_up] [flush:phaseF.diag.F.entry] wrote partial log (47463 bytes) to /tmp/m4-recon/nic-runtime.txt
[pcie_up] [flush:phaseF.pre.1.pmgr_adt_power_enable('/arm-io] wrote partial log (47514 bytes) to /tmp/m4-recon/nic-runtime.txt
[pcie_up] [flush:phaseF.post.1.pmgr_adt_power_enable('/arm-io] wrote partial log (47613 bytes) to /tmp/m4-recon/nic-runtime.txt
[pcie_up] [flush:phaseF.diag.post-1.pmgr.phy-common-enter] wrote partial log (47668 bytes) to /tmp/m4-recon/nic-runtime.txt
[pcie_up] [flush:phaseF.diag.post-1.pmgr.reachable-scan-enter] wrote partial log (47818 bytes) to /tmp/m4-recon/nic-runtime.txt
[pcie_up] [flush:phaseF.diag.post-1.pmgr.reachable-scan.rc_base] wrote partial log (50249 bytes) to /tmp/m4-recon/nic-runtime.txt
[pcie_up] [flush:phaseF.diag.post-1.pmgr.reachable-scan.phy_common_base] wrote partial log (52052 bytes) to /tmp/m4-recon/nic-runtime.txt
[pcie_up] [flush:phaseF.diag.post-1.pmgr.reachable-scan.phy_shared] wrote partial log (53770 bytes) to /tmp/m4-recon/nic-runtime.txt
[pcie_up] [flush:phaseF.diag.post-1.pmgr.reachable-scan.axi_base] wrote partial log (55454 bytes) to /tmp/m4-recon/nic-runtime.txt
[pcie_up] [flush:phaseF.diag.post-1.pmgr.reachable-scan-done] wrote partial log (55614 bytes) to /tmp/m4-recon/nic-runtime.txt
[pcie_up] [flush:phaseF.diag.post-1.pmgr] wrote partial log (55614 bytes) to /tmp/m4-recon/nic-runtime.txt
[pcie_up] [flush:phaseF.pre.2.tunables apcie-axi2af-tunables] wrote partial log (55667 bytes) to /tmp/m4-recon/nic-runtime.txt
[pcie_up] [flush:phaseF.post.2.tunables apcie-axi2af-tunables] wrote partial log (55768 bytes) to /tmp/m4-recon/nic-runtime.txt
[pcie_up] [flush:phaseF.pre.3.write32(rc_base+0x4, 0) [pcie.] wrote partial log (55821 bytes) to /tmp/m4-recon/nic-runtime.txt
[pcie_up] [flush:phaseF.post.3.write32(rc_base+0x4, 0) [pcie.] wrote partial log (55913 bytes) to /tmp/m4-recon/nic-runtime.txt
[pcie_up] [flush:phaseF.skip.4] wrote partial log (56105 bytes) to /tmp/m4-recon/nic-runtime.txt
[pcie_up] [flush:phaseF.pre.5.tunables apcie-phy-tunables re] wrote partial log (56155 bytes) to /tmp/m4-recon/nic-runtime.txt
[pcie_up] [flush:phaseF.post.5.tunables apcie-phy-tunables re] wrote partial log (56253 bytes) to /tmp/m4-recon/nic-runtime.txt
[pcie_up] [flush:phaseF.diag.post-5.phy-tunables.phy-common-enter] wrote partial log (56316 bytes) to /tmp/m4-recon/nic-runtime.txt
[pcie_up] [flush:phaseF.diag.post-5.phy-tunables.reachable-scan-enter] wrote partial log (56482 bytes) to /tmp/m4-recon/nic-runtime.txt
[pcie_up] [flush:phaseF.diag.post-5.phy-tunables.reachable-scan.rc_base] wrote partial log (58913 bytes) to /tmp/m4-recon/nic-runtime.txt
[pcie_up] [flush:phaseF.diag.post-5.phy-tunables.reachable-scan.phy_common_base] wrote partial log (60716 bytes) to /tmp/m4-recon/nic-runtime.txt
[pcie_up] [flush:phaseF.diag.post-5.phy-tunables.reachable-scan.phy_shared] wrote partial log (62434 bytes) to /tmp/m4-recon/nic-runtime.txt
[pcie_up] [flush:phaseF.diag.post-5.phy-tunables.reachable-scan.axi_base] wrote partial log (64118 bytes) to /tmp/m4-recon/nic-runtime.txt
[pcie_up] [flush:phaseF.diag.post-5.phy-tunables.reachable-scan-done] wrote partial log (64278 bytes) to /tmp/m4-recon/nic-runtime.txt
[pcie_up] [flush:phaseF.diag.post-5.phy-tunables] wrote partial log (64278 bytes) to /tmp/m4-recon/nic-runtime.txt
[pcie_up] [flush:phaseF.naked-write.enter] wrote partial log (64829 bytes) to /tmp/m4-recon/nic-runtime.txt
[pcie_up] [flush:phaseF.naked-write.pre.axi_sub5_base+0x00] wrote partial log (64942 bytes) to /tmp/m4-recon/nic-runtime.txt
[pcie_up] [flush:phaseF.naked-write.write.axi_sub5_base+0x00] wrote partial log (65114 bytes) to /tmp/m4-recon/nic-runtime.txt
[pcie_up] [flush:phaseF.naked-write.post.axi_sub5_base+0x00] wrote partial log (65200 bytes) to /tmp/m4-recon/nic-runtime.txt
[pcie_up] [flush:phaseF.naked-write.done.axi_sub5_base+0x00] wrote partial log (65346 bytes) to /tmp/m4-recon/nic-runtime.txt
[pcie_up] [flush:phaseF.naked-write.pre.axi_sub6_base+0x00] wrote partial log (65459 bytes) to /tmp/m4-recon/nic-runtime.txt
[pcie_up] [flush:phaseF.naked-write.write.axi_sub6_base+0x00] wrote partial log (65631 bytes) to /tmp/m4-recon/nic-runtime.txt
[pcie_up] [flush:phaseF.naked-write.post.axi_sub6_base+0x00] wrote partial log (65717 bytes) to /tmp/m4-recon/nic-runtime.txt
[pcie_up] [flush:phaseF.naked-write.done.axi_sub6_base+0x00] wrote partial log (65865 bytes) to /tmp/m4-recon/nic-runtime.txt
[pcie_up] [flush:phaseF.naked-write.pre.rc_base+0x54] wrote partial log (65970 bytes) to /tmp/m4-recon/nic-runtime.txt
[pcie_up] [flush:phaseF.naked-write.write.rc_base+0x54] wrote partial log (66048 bytes) to /tmp/m4-recon/nic-runtime.txt
[pcie_up] [flush:phaseF.naked-write.post.rc_base+0x54] wrote partial log (66128 bytes) to /tmp/m4-recon/nic-runtime.txt
[pcie_up] [flush:phaseF.naked-write.done.rc_base+0x54] wrote partial log (66268 bytes) to /tmp/m4-recon/nic-runtime.txt
[pcie_up] [flush:phaseF.naked-write.pre.rc_base+0x100] wrote partial log (66383 bytes) to /tmp/m4-recon/nic-runtime.txt
[pcie_up] [flush:phaseF.naked-write.write.rc_base+0x100] wrote partial log (66462 bytes) to /tmp/m4-recon/nic-runtime.txt
[pcie_up] [flush:phaseF.naked-write.post.rc_base+0x100] wrote partial log (66543 bytes) to /tmp/m4-recon/nic-runtime.txt
[pcie_up] [flush:phaseF.naked-write.done.rc_base+0x100] wrote partial log (66684 bytes) to /tmp/m4-recon/nic-runtime.txt
[pcie_up] [flush:phaseF.naked-write.pre.rc_base+0x00] wrote partial log (66783 bytes) to /tmp/m4-recon/nic-runtime.txt
[pcie_up] [flush:phaseF.naked-write.write.rc_base+0x00] wrote partial log (66861 bytes) to /tmp/m4-recon/nic-runtime.txt
[pcie_up] [flush:phaseF.naked-write.post.rc_base+0x00] wrote partial log (66941 bytes) to /tmp/m4-recon/nic-runtime.txt
[pcie_up] [flush:phaseF.naked-write.done.rc_base+0x00] wrote partial log (67081 bytes) to /tmp/m4-recon/nic-runtime.txt
[pcie_up] [flush:phaseF.naked-write.pre.rc_base+0x24] wrote partial log (67171 bytes) to /tmp/m4-recon/nic-runtime.txt
[pcie_up] [flush:phaseF.naked-write.write.rc_base+0x24] wrote partial log (67249 bytes) to /tmp/m4-recon/nic-runtime.txt
[pcie_up] [flush:phaseF.naked-write.post.rc_base+0x24] wrote partial log (67329 bytes) to /tmp/m4-recon/nic-runtime.txt
[pcie_up] [flush:phaseF.naked-write.done.rc_base+0x24] wrote partial log (67469 bytes) to /tmp/m4-recon/nic-runtime.txt
[pcie_up] [flush:phaseF.naked-write.pre.rc_base+0x28] wrote partial log (67559 bytes) to /tmp/m4-recon/nic-runtime.txt
[pcie_up] [flush:phaseF.naked-write.write.rc_base+0x28] wrote partial log (67637 bytes) to /tmp/m4-recon/nic-runtime.txt
[pcie_up] [flush:phaseF.naked-write.post.rc_base+0x28] wrote partial log (67717 bytes) to /tmp/m4-recon/nic-runtime.txt
[pcie_up] [flush:phaseF.naked-write.done.rc_base+0x28] wrote partial log (67857 bytes) to /tmp/m4-recon/nic-runtime.txt
[pcie_up] [flush:phaseF.naked-write.pre.rc_base+0x38] wrote partial log (67970 bytes) to /tmp/m4-recon/nic-runtime.txt
[pcie_up] [flush:phaseF.naked-write.write.rc_base+0x38] wrote partial log (68048 bytes) to /tmp/m4-recon/nic-runtime.txt
[pcie_up] [flush:phaseF.naked-write.post.rc_base+0x38] wrote partial log (68128 bytes) to /tmp/m4-recon/nic-runtime.txt
[pcie_up] [flush:phaseF.naked-write.done.rc_base+0x38] wrote partial log (68268 bytes) to /tmp/m4-recon/nic-runtime.txt
[pcie_up] [flush:phaseF.naked-write.pre.axi_base+0x00] wrote partial log (68367 bytes) to /tmp/m4-recon/nic-runtime.txt
[pcie_up] [flush:phaseF.naked-write.write.axi_base+0x00] wrote partial log (68446 bytes) to /tmp/m4-recon/nic-runtime.txt
[pcie_up] [flush:phaseF.naked-write.post.axi_base+0x00] wrote partial log (68527 bytes) to /tmp/m4-recon/nic-runtime.txt
[pcie_up] [flush:phaseF.naked-write.done.axi_base+0x00] wrote partial log (68668 bytes) to /tmp/m4-recon/nic-runtime.txt
[pcie_up] [flush:phaseF.naked-write.complete] wrote partial log (68669 bytes) to /tmp/m4-recon/nic-runtime.txt
[pcie_up] [flush:phaseF.diag.post-5.75.naked-write-test.phy-common-enter] wrote partial log (68739 bytes) to /tmp/m4-recon/nic-runtime.txt
[pcie_up] [flush:phaseF.diag.post-5.75.naked-write-test.reachable-scan-enter] wrote partial log (68919 bytes) to /tmp/m4-recon/nic-runtime.txt
[pcie_up] [flush:phaseF.diag.post-5.75.naked-write-test.reachable-scan.rc_base] wrote partial log (71350 bytes) to /tmp/m4-recon/nic-runtime.txt
[pcie_up] [flush:phaseF.diag.post-5.75.naked-write-test.reachable-scan.phy_common_base] wrote partial log (73153 bytes) to /tmp/m4-recon/nic-runtime.txt
[pcie_up] [flush:phaseF.diag.post-5.75.naked-write-test.reachable-scan.phy_shared] wrote partial log (74871 bytes) to /tmp/m4-recon/nic-runtime.txt
[pcie_up] [flush:phaseF.diag.post-5.75.naked-write-test.reachable-scan.axi_base] wrote partial log (76555 bytes) to /tmp/m4-recon/nic-runtime.txt
[pcie_up] [flush:phaseF.diag.post-5.75.naked-write-test.reachable-scan.axi_sub5_base] wrote partial log (83198 bytes) to /tmp/m4-recon/nic-runtime.txt
[pcie_up] [flush:phaseF.diag.post-5.75.naked-write-test.reachable-scan.axi_sub6_base] wrote partial log (89841 bytes) to /tmp/m4-recon/nic-runtime.txt
[pcie_up] [flush:phaseF.diag.post-5.75.naked-write-test.reachable-scan-done] wrote partial log (89841 bytes) to /tmp/m4-recon/nic-runtime.txt
[pcie_up] [flush:phaseF.diag.post-5.75.naked-write-test] wrote partial log (89841 bytes) to /tmp/m4-recon/nic-runtime.txt
[pcie_up] [flush:phaseF.naked-extra.apcie-axi2af-tunables.enter] wrote partial log (90141 bytes) to /tmp/m4-recon/nic-runtime.txt
[pcie_up] [flush:phaseF.naked-extra.pre.apcie-axi2af-tunables#0@0x0] wrote partial log (90141 bytes) to /tmp/m4-recon/nic-runtime.txt
[pcie_up] [flush:phaseF.naked-extra.done.apcie-axi2af-tunables#0@0x0] wrote partial log (90317 bytes) to /tmp/m4-recon/nic-runtime.txt
[pcie_up] [flush:phaseF.naked-extra.pre.apcie-axi2af-tunables#1@0x4] wrote partial log (90317 bytes) to /tmp/m4-recon/nic-runtime.txt
[pcie_up] [flush:phaseF.naked-extra.write.apcie-axi2af-tunables#1@0x4] wrote partial log (90410 bytes) to /tmp/m4-recon/nic-runtime.txt
[pcie_up] [flush:phaseF.naked-extra.post.apcie-axi2af-tunables#1@0x4] wrote partial log (90505 bytes) to /tmp/m4-recon/nic-runtime.txt
[pcie_up] [flush:phaseF.naked-extra.done.apcie-axi2af-tunables#1@0x4] wrote partial log (90709 bytes) to /tmp/m4-recon/nic-runtime.txt
[pcie_up] [flush:phaseF.naked-extra.pre.apcie-axi2af-tunables#2@0x8] wrote partial log (90709 bytes) to /tmp/m4-recon/nic-runtime.txt
[pcie_up] [flush:phaseF.naked-extra.write.apcie-axi2af-tunables#2@0x8] wrote partial log (90802 bytes) to /tmp/m4-recon/nic-runtime.txt
[pcie_up] [flush:phaseF.naked-extra.post.apcie-axi2af-tunables#2@0x8] wrote partial log (90897 bytes) to /tmp/m4-recon/nic-runtime.txt
[pcie_up] [flush:phaseF.naked-extra.done.apcie-axi2af-tunables#2@0x8] wrote partial log (91101 bytes) to /tmp/m4-recon/nic-runtime.txt
[pcie_up] [flush:phaseF.naked-extra.pre.apcie-axi2af-tunables#3@0xc] wrote partial log (91101 bytes) to /tmp/m4-recon/nic-runtime.txt
[pcie_up] [flush:phaseF.naked-extra.write.apcie-axi2af-tunables#3@0xc] wrote partial log (91194 bytes) to /tmp/m4-recon/nic-runtime.txt
[pcie_up] [flush:phaseF.naked-extra.post.apcie-axi2af-tunables#3@0xc] wrote partial log (91289 bytes) to /tmp/m4-recon/nic-runtime.txt
[pcie_up] [flush:phaseF.naked-extra.done.apcie-axi2af-tunables#3@0xc] wrote partial log (91493 bytes) to /tmp/m4-recon/nic-runtime.txt
[pcie_up] [flush:phaseF.naked-extra.pre.apcie-axi2af-tunables#4@0x10] wrote partial log (91493 bytes) to /tmp/m4-recon/nic-runtime.txt
[pcie_up] [flush:phaseF.naked-extra.write.apcie-axi2af-tunables#4@0x10] wrote partial log (91587 bytes) to /tmp/m4-recon/nic-runtime.txt
[pcie_up] [flush:phaseF.naked-extra.post.apcie-axi2af-tunables#4@0x10] wrote partial log (91683 bytes) to /tmp/m4-recon/nic-runtime.txt
[pcie_up] [flush:phaseF.naked-extra.done.apcie-axi2af-tunables#4@0x10] wrote partial log (91888 bytes) to /tmp/m4-recon/nic-runtime.txt
[pcie_up] [flush:phaseF.naked-extra.pre.apcie-axi2af-tunables#5@0x14] wrote partial log (91888 bytes) to /tmp/m4-recon/nic-runtime.txt
[pcie_up] [flush:phaseF.naked-extra.write.apcie-axi2af-tunables#5@0x14] wrote partial log (91982 bytes) to /tmp/m4-recon/nic-runtime.txt
[pcie_up] [flush:phaseF.naked-extra.post.apcie-axi2af-tunables#5@0x14] wrote partial log (92078 bytes) to /tmp/m4-recon/nic-runtime.txt
[pcie_up] [flush:phaseF.naked-extra.done.apcie-axi2af-tunables#5@0x14] wrote partial log (92283 bytes) to /tmp/m4-recon/nic-runtime.txt
[pcie_up] [flush:phaseF.naked-extra.pre.apcie-axi2af-tunables#6@0x18] wrote partial log (92283 bytes) to /tmp/m4-recon/nic-runtime.txt
[pcie_up] [flush:phaseF.naked-extra.write.apcie-axi2af-tunables#6@0x18] wrote partial log (92377 bytes) to /tmp/m4-recon/nic-runtime.txt
[pcie_up] [flush:phaseF.naked-extra.post.apcie-axi2af-tunables#6@0x18] wrote partial log (92473 bytes) to /tmp/m4-recon/nic-runtime.txt
[pcie_up] [flush:phaseF.naked-extra.done.apcie-axi2af-tunables#6@0x18] wrote partial log (92678 bytes) to /tmp/m4-recon/nic-runtime.txt
[pcie_up] [flush:phaseF.naked-extra.pre.apcie-axi2af-tunables#7@0x1c] wrote partial log (92678 bytes) to /tmp/m4-recon/nic-runtime.txt
[pcie_up] [flush:phaseF.naked-extra.write.apcie-axi2af-tunables#7@0x1c] wrote partial log (92772 bytes) to /tmp/m4-recon/nic-runtime.txt
[pcie_up] [flush:phaseF.naked-extra.post.apcie-axi2af-tunables#7@0x1c] wrote partial log (92868 bytes) to /tmp/m4-recon/nic-runtime.txt
[pcie_up] [flush:phaseF.naked-extra.done.apcie-axi2af-tunables#7@0x1c] wrote partial log (93073 bytes) to /tmp/m4-recon/nic-runtime.txt
[pcie_up] [flush:phaseF.naked-extra.pre.apcie-axi2af-tunables#8@0x20] wrote partial log (93073 bytes) to /tmp/m4-recon/nic-runtime.txt
[pcie_up] [flush:phaseF.naked-extra.write.apcie-axi2af-tunables#8@0x20] wrote partial log (93167 bytes) to /tmp/m4-recon/nic-runtime.txt
[pcie_up] [flush:phaseF.naked-extra.post.apcie-axi2af-tunables#8@0x20] wrote partial log (93263 bytes) to /tmp/m4-recon/nic-runtime.txt
[pcie_up] [flush:phaseF.naked-extra.done.apcie-axi2af-tunables#8@0x20] wrote partial log (93468 bytes) to /tmp/m4-recon/nic-runtime.txt
[pcie_up] [flush:phaseF.naked-extra.pre.apcie-axi2af-tunables#9@0x24] wrote partial log (93468 bytes) to /tmp/m4-recon/nic-runtime.txt
[pcie_up] [flush:phaseF.naked-extra.write.apcie-axi2af-tunables#9@0x24] wrote partial log (93562 bytes) to /tmp/m4-recon/nic-runtime.txt
[pcie_up] [flush:phaseF.naked-extra.post.apcie-axi2af-tunables#9@0x24] wrote partial log (93658 bytes) to /tmp/m4-recon/nic-runtime.txt
[pcie_up] [flush:phaseF.naked-extra.done.apcie-axi2af-tunables#9@0x24] wrote partial log (93863 bytes) to /tmp/m4-recon/nic-runtime.txt
[pcie_up] [flush:phaseF.naked-extra.pre.apcie-axi2af-tunables#10@0x28] wrote partial log (93863 bytes) to /tmp/m4-recon/nic-runtime.txt
[pcie_up] [flush:phaseF.naked-extra.write.apcie-axi2af-tunables#10@0x28] wrote partial log (93958 bytes) to /tmp/m4-recon/nic-runtime.txt
[pcie_up] [flush:phaseF.naked-extra.post.apcie-axi2af-tunables#10@0x28] wrote partial log (94055 bytes) to /tmp/m4-recon/nic-runtime.txt
[pcie_up] [flush:phaseF.naked-extra.done.apcie-axi2af-tunables#10@0x28] wrote partial log (94261 bytes) to /tmp/m4-recon/nic-runtime.txt
[pcie_up] [flush:phaseF.naked-extra.pre.apcie-axi2af-tunables#11@0x2c] wrote partial log (94261 bytes) to /tmp/m4-recon/nic-runtime.txt
[pcie_up] [flush:phaseF.naked-extra.write.apcie-axi2af-tunables#11@0x2c] wrote partial log (94356 bytes) to /tmp/m4-recon/nic-runtime.txt
[pcie_up] [flush:phaseF.naked-extra.post.apcie-axi2af-tunables#11@0x2c] wrote partial log (94453 bytes) to /tmp/m4-recon/nic-runtime.txt
[pcie_up] [flush:phaseF.naked-extra.done.apcie-axi2af-tunables#11@0x2c] wrote partial log (94659 bytes) to /tmp/m4-recon/nic-runtime.txt
[pcie_up] [flush:phaseF.naked-extra.pre.apcie-axi2af-tunables#12@0x30] wrote partial log (94659 bytes) to /tmp/m4-recon/nic-runtime.txt
[pcie_up] [flush:phaseF.naked-extra.write.apcie-axi2af-tunables#12@0x30] wrote partial log (94754 bytes) to /tmp/m4-recon/nic-runtime.txt
[pcie_up] [flush:phaseF.naked-extra.post.apcie-axi2af-tunables#12@0x30] wrote partial log (94851 bytes) to /tmp/m4-recon/nic-runtime.txt
[pcie_up] [flush:phaseF.naked-extra.done.apcie-axi2af-tunables#12@0x30] wrote partial log (95057 bytes) to /tmp/m4-recon/nic-runtime.txt
[pcie_up] [flush:phaseF.naked-extra.pre.apcie-axi2af-tunables#13@0x34] wrote partial log (95057 bytes) to /tmp/m4-recon/nic-runtime.txt
[pcie_up] [flush:phaseF.naked-extra.write.apcie-axi2af-tunables#13@0x34] wrote partial log (95152 bytes) to /tmp/m4-recon/nic-runtime.txt
[pcie_up] [flush:phaseF.naked-extra.post.apcie-axi2af-tunables#13@0x34] wrote partial log (95249 bytes) to /tmp/m4-recon/nic-runtime.txt
[pcie_up] [flush:phaseF.naked-extra.done.apcie-axi2af-tunables#13@0x34] wrote partial log (95455 bytes) to /tmp/m4-recon/nic-runtime.txt
[pcie_up] [flush:phaseF.naked-extra.pre.apcie-axi2af-tunables#14@0x38] wrote partial log (95455 bytes) to /tmp/m4-recon/nic-runtime.txt
[pcie_up] [flush:phaseF.naked-extra.write.apcie-axi2af-tunables#14@0x38] wrote partial log (95550 bytes) to /tmp/m4-recon/nic-runtime.txt
[pcie_up] [flush:phaseF.naked-extra.post.apcie-axi2af-tunables#14@0x38] wrote partial log (95647 bytes) to /tmp/m4-recon/nic-runtime.txt
[pcie_up] [flush:phaseF.naked-extra.done.apcie-axi2af-tunables#14@0x38] wrote partial log (95853 bytes) to /tmp/m4-recon/nic-runtime.txt
[pcie_up] [flush:phaseF.naked-extra.pre.apcie-axi2af-tunables#15@0x3c] wrote partial log (95853 bytes) to /tmp/m4-recon/nic-runtime.txt
[pcie_up] [flush:phaseF.naked-extra.write.apcie-axi2af-tunables#15@0x3c] wrote partial log (95948 bytes) to /tmp/m4-recon/nic-runtime.txt
[pcie_up] [flush:phaseF.naked-extra.post.apcie-axi2af-tunables#15@0x3c] wrote partial log (96045 bytes) to /tmp/m4-recon/nic-runtime.txt
[pcie_up] [flush:phaseF.naked-extra.done.apcie-axi2af-tunables#15@0x3c] wrote partial log (96251 bytes) to /tmp/m4-recon/nic-runtime.txt
[pcie_up] [flush:phaseF.naked-extra.pre.apcie-axi2af-tunables#16@0x40] wrote partial log (96251 bytes) to /tmp/m4-recon/nic-runtime.txt
[pcie_up] [flush:phaseF.naked-extra.write.apcie-axi2af-tunables#16@0x40] wrote partial log (96346 bytes) to /tmp/m4-recon/nic-runtime.txt
[pcie_up] [flush:phaseF.naked-extra.post.apcie-axi2af-tunables#16@0x40] wrote partial log (96443 bytes) to /tmp/m4-recon/nic-runtime.txt
[pcie_up] [flush:phaseF.naked-extra.done.apcie-axi2af-tunables#16@0x40] wrote partial log (96649 bytes) to /tmp/m4-recon/nic-runtime.txt
[pcie_up] [flush:phaseF.naked-extra.pre.apcie-axi2af-tunables#17@0x100] wrote partial log (96649 bytes) to /tmp/m4-recon/nic-runtime.txt
[pcie_up] [flush:phaseF.naked-extra.done.apcie-axi2af-tunables#17@0x100] wrote partial log (96816 bytes) to /tmp/m4-recon/nic-runtime.txt
[pcie_up] [flush:phaseF.naked-extra.pre.apcie-axi2af-tunables#18@0x104] wrote partial log (96816 bytes) to /tmp/m4-recon/nic-runtime.txt
[pcie_up] [flush:phaseF.naked-extra.done.apcie-axi2af-tunables#18@0x104] wrote partial log (96990 bytes) to /tmp/m4-recon/nic-runtime.txt
[pcie_up] [flush:phaseF.naked-extra.pre.apcie-axi2af-tunables#19@0x108] wrote partial log (96990 bytes) to /tmp/m4-recon/nic-runtime.txt
[pcie_up] [flush:phaseF.naked-extra.done.apcie-axi2af-tunables#19@0x108] wrote partial log (97166 bytes) to /tmp/m4-recon/nic-runtime.txt
[pcie_up] [flush:phaseF.naked-extra.pre.apcie-axi2af-tunables#20@0x304] wrote partial log (97166 bytes) to /tmp/m4-recon/nic-runtime.txt
[pcie_up] [flush:phaseF.naked-extra.done.apcie-axi2af-tunables#20@0x304] wrote partial log (97344 bytes) to /tmp/m4-recon/nic-runtime.txt
[pcie_up] [flush:phaseF.naked-extra.pre.apcie-axi2af-tunables#21@0x314] wrote partial log (97344 bytes) to /tmp/m4-recon/nic-runtime.txt
[pcie_up] [flush:phaseF.naked-extra.done.apcie-axi2af-tunables#21@0x314] wrote partial log (97523 bytes) to /tmp/m4-recon/nic-runtime.txt
[pcie_up] [flush:phaseF.naked-extra.pre.apcie-axi2af-tunables#22@0x31c] wrote partial log (97523 bytes) to /tmp/m4-recon/nic-runtime.txt
[pcie_up] [flush:phaseF.naked-extra.done.apcie-axi2af-tunables#22@0x31c] wrote partial log (97702 bytes) to /tmp/m4-recon/nic-runtime.txt
[pcie_up] [flush:phaseF.naked-extra.pre.apcie-axi2af-tunables#23@0x324] wrote partial log (97702 bytes) to /tmp/m4-recon/nic-runtime.txt
[pcie_up] [flush:phaseF.naked-extra.done.apcie-axi2af-tunables#23@0x324] wrote partial log (97881 bytes) to /tmp/m4-recon/nic-runtime.txt
[pcie_up] [flush:phaseF.naked-extra.pre.apcie-axi2af-tunables#24@0x348] wrote partial log (97881 bytes) to /tmp/m4-recon/nic-runtime.txt
[pcie_up] [flush:phaseF.naked-extra.done.apcie-axi2af-tunables#24@0x348] wrote partial log (98056 bytes) to /tmp/m4-recon/nic-runtime.txt
[pcie_up] [flush:phaseF.naked-extra.pre.apcie-axi2af-tunables#25@0x34c] wrote partial log (98056 bytes) to /tmp/m4-recon/nic-runtime.txt
[pcie_up] [flush:phaseF.naked-extra.done.apcie-axi2af-tunables#25@0x34c] wrote partial log (98231 bytes) to /tmp/m4-recon/nic-runtime.txt
[pcie_up] [flush:phaseF.naked-extra.pre.apcie-axi2af-tunables#26@0x408] wrote partial log (98231 bytes) to /tmp/m4-recon/nic-runtime.txt
[pcie_up] [flush:phaseF.naked-extra.done.apcie-axi2af-tunables#26@0x408] wrote partial log (98407 bytes) to /tmp/m4-recon/nic-runtime.txt
[pcie_up] [flush:phaseF.naked-extra.pre.apcie-axi2af-tunables#27@0x948] wrote partial log (98407 bytes) to /tmp/m4-recon/nic-runtime.txt
[pcie_up] [flush:phaseF.naked-extra.done.apcie-axi2af-tunables#27@0x948] wrote partial log (98583 bytes) to /tmp/m4-recon/nic-runtime.txt
[pcie_up] [flush:phaseF.naked-extra.pre.apcie-axi2af-tunables#28@0xa48] wrote partial log (98583 bytes) to /tmp/m4-recon/nic-runtime.txt
[pcie_up] [flush:phaseF.naked-extra.done.apcie-axi2af-tunables#28@0xa48] wrote partial log (98758 bytes) to /tmp/m4-recon/nic-runtime.txt
[pcie_up] [flush:phaseF.naked-extra.pre.apcie-axi2af-tunables#29@0xb48] wrote partial log (98758 bytes) to /tmp/m4-recon/nic-runtime.txt
[pcie_up] [flush:phaseF.naked-extra.done.apcie-axi2af-tunables#29@0xb48] wrote partial log (98934 bytes) to /tmp/m4-recon/nic-runtime.txt
[pcie_up] [flush:phaseF.naked-extra.pre.apcie-axi2af-tunables#30@0xe00] wrote partial log (98934 bytes) to /tmp/m4-recon/nic-runtime.txt
[pcie_up] [flush:phaseF.naked-extra.done.apcie-axi2af-tunables#30@0xe00] wrote partial log (99113 bytes) to /tmp/m4-recon/nic-runtime.txt
[pcie_up] [flush:phaseF.naked-extra.pre.apcie-axi2af-tunables#31@0xe04] wrote partial log (99113 bytes) to /tmp/m4-recon/nic-runtime.txt
[pcie_up] [flush:phaseF.naked-extra.done.apcie-axi2af-tunables#31@0xe04] wrote partial log (99282 bytes) to /tmp/m4-recon/nic-runtime.txt
[pcie_up] [flush:phaseF.naked-extra.pre.apcie-axi2af-tunables#32@0x4008] wrote partial log (99282 bytes) to /tmp/m4-recon/nic-runtime.txt
[pcie_up] [flush:phaseF.naked-extra.done.apcie-axi2af-tunables#32@0x4008] wrote partial log (99448 bytes) to /tmp/m4-recon/nic-runtime.txt
[pcie_up] [flush:phaseF.naked-extra.pre.apcie-axi2af-tunables#33@0x400c] wrote partial log (99448 bytes) to /tmp/m4-recon/nic-runtime.txt
[pcie_up] [flush:phaseF.naked-extra.done.apcie-axi2af-tunables#33@0x400c] wrote partial log (99614 bytes) to /tmp/m4-recon/nic-runtime.txt
[pcie_up] [flush:phaseF.naked-extra.pre.apcie-axi2af-tunables#34@0x4014] wrote partial log (99614 bytes) to /tmp/m4-recon/nic-runtime.txt
[pcie_up] [flush:phaseF.naked-extra.done.apcie-axi2af-tunables#34@0x4014] wrote partial log (99780 bytes) to /tmp/m4-recon/nic-runtime.txt
[pcie_up] [flush:phaseF.naked-extra.pre.apcie-axi2af-tunables#35@0x4018] wrote partial log (99780 bytes) to /tmp/m4-recon/nic-runtime.txt
[pcie_up] [flush:phaseF.naked-extra.done.apcie-axi2af-tunables#35@0x4018] wrote partial log (99946 bytes) to /tmp/m4-recon/nic-runtime.txt
[pcie_up] [flush:phaseF.naked-extra.pre.apcie-axi2af-tunables#36@0x401c] wrote partial log (99946 bytes) to /tmp/m4-recon/nic-runtime.txt
[pcie_up] [flush:phaseF.naked-extra.done.apcie-axi2af-tunables#36@0x401c] wrote partial log (100112 bytes) to /tmp/m4-recon/nic-runtime.txt
[pcie_up] [flush:phaseF.naked-extra.pre.apcie-axi2af-tunables#37@0x4020] wrote partial log (100112 bytes) to /tmp/m4-recon/nic-runtime.txt
[pcie_up] [flush:phaseF.naked-extra.done.apcie-axi2af-tunables#37@0x4020] wrote partial log (100285 bytes) to /tmp/m4-recon/nic-runtime.txt
[pcie_up] [flush:phaseF.naked-extra.pre.apcie-axi2af-tunables#38@0x4024] wrote partial log (100285 bytes) to /tmp/m4-recon/nic-runtime.txt
[pcie_up] [flush:phaseF.naked-extra.done.apcie-axi2af-tunables#38@0x4024] wrote partial log (100458 bytes) to /tmp/m4-recon/nic-runtime.txt
[pcie_up] [flush:phaseF.naked-extra.pre.apcie-axi2af-tunables#39@0x4028] wrote partial log (100458 bytes) to /tmp/m4-recon/nic-runtime.txt
[pcie_up] [flush:phaseF.naked-extra.done.apcie-axi2af-tunables#39@0x4028] wrote partial log (100631 bytes) to /tmp/m4-recon/nic-runtime.txt
[pcie_up] [flush:phaseF.naked-extra.pre.apcie-axi2af-tunables#40@0x402c] wrote partial log (100631 bytes) to /tmp/m4-recon/nic-runtime.txt
[pcie_up] [flush:phaseF.naked-extra.done.apcie-axi2af-tunables#40@0x402c] wrote partial log (100804 bytes) to /tmp/m4-recon/nic-runtime.txt
[pcie_up] [flush:phaseF.naked-extra.pre.apcie-axi2af-tunables#41@0x4030] wrote partial log (100804 bytes) to /tmp/m4-recon/nic-runtime.txt
[pcie_up] [flush:phaseF.naked-extra.done.apcie-axi2af-tunables#41@0x4030] wrote partial log (100977 bytes) to /tmp/m4-recon/nic-runtime.txt
[pcie_up] [flush:phaseF.naked-extra.pre.apcie-axi2af-tunables#42@0x4034] wrote partial log (100977 bytes) to /tmp/m4-recon/nic-runtime.txt
[pcie_up] [flush:phaseF.naked-extra.done.apcie-axi2af-tunables#42@0x4034] wrote partial log (101150 bytes) to /tmp/m4-recon/nic-runtime.txt
[pcie_up] [flush:phaseF.naked-extra.pre.apcie-axi2af-tunables#43@0x10f8] wrote partial log (101150 bytes) to /tmp/m4-recon/nic-runtime.txt
[pcie_up] [flush:phaseF.naked-extra.done.apcie-axi2af-tunables#43@0x10f8] wrote partial log (101316 bytes) to /tmp/m4-recon/nic-runtime.txt
[pcie_up] [flush:phaseF.naked-extra.pre.apcie-axi2af-tunables#44@0x11f8] wrote partial log (101316 bytes) to /tmp/m4-recon/nic-runtime.txt
[pcie_up] [flush:phaseF.naked-extra.done.apcie-axi2af-tunables#44@0x11f8] wrote partial log (101482 bytes) to /tmp/m4-recon/nic-runtime.txt
[pcie_up] [flush:phaseF.naked-extra.pre.apcie-axi2af-tunables#45@0x12f8] wrote partial log (101482 bytes) to /tmp/m4-recon/nic-runtime.txt
[pcie_up] [flush:phaseF.naked-extra.done.apcie-axi2af-tunables#45@0x12f8] wrote partial log (101648 bytes) to /tmp/m4-recon/nic-runtime.txt
[pcie_up] [flush:phaseF.naked-extra.pre.apcie-axi2af-tunables#46@0x13f8] wrote partial log (101648 bytes) to /tmp/m4-recon/nic-runtime.txt
[pcie_up] [flush:phaseF.naked-extra.done.apcie-axi2af-tunables#46@0x13f8] wrote partial log (101814 bytes) to /tmp/m4-recon/nic-runtime.txt
[pcie_up] [flush:phaseF.naked-extra.pre.apcie-axi2af-tunables#47@0x14f8] wrote partial log (101814 bytes) to /tmp/m4-recon/nic-runtime.txt
[pcie_up] [flush:phaseF.naked-extra.done.apcie-axi2af-tunables#47@0x14f8] wrote partial log (101980 bytes) to /tmp/m4-recon/nic-runtime.txt
[pcie_up] [flush:phaseF.naked-extra.pre.apcie-axi2af-tunables#48@0x10fc] wrote partial log (101980 bytes) to /tmp/m4-recon/nic-runtime.txt
[pcie_up] [flush:phaseF.naked-extra.done.apcie-axi2af-tunables#48@0x10fc] wrote partial log (102146 bytes) to /tmp/m4-recon/nic-runtime.txt
[pcie_up] [flush:phaseF.naked-extra.pre.apcie-axi2af-tunables#49@0x11fc] wrote partial log (102146 bytes) to /tmp/m4-recon/nic-runtime.txt
[pcie_up] [flush:phaseF.naked-extra.done.apcie-axi2af-tunables#49@0x11fc] wrote partial log (102312 bytes) to /tmp/m4-recon/nic-runtime.txt
[pcie_up] [flush:phaseF.naked-extra.pre.apcie-axi2af-tunables#50@0x12fc] wrote partial log (102312 bytes) to /tmp/m4-recon/nic-runtime.txt
[pcie_up] [flush:phaseF.naked-extra.done.apcie-axi2af-tunables#50@0x12fc] wrote partial log (102478 bytes) to /tmp/m4-recon/nic-runtime.txt
[pcie_up] [flush:phaseF.naked-extra.pre.apcie-axi2af-tunables#51@0x13fc] wrote partial log (102478 bytes) to /tmp/m4-recon/nic-runtime.txt
[pcie_up] [flush:phaseF.naked-extra.done.apcie-axi2af-tunables#51@0x13fc] wrote partial log (102644 bytes) to /tmp/m4-recon/nic-runtime.txt
[pcie_up] [flush:phaseF.naked-extra.pre.apcie-axi2af-tunables#52@0x14fc] wrote partial log (102644 bytes) to /tmp/m4-recon/nic-runtime.txt
[pcie_up] [flush:phaseF.naked-extra.done.apcie-axi2af-tunables#52@0x14fc] wrote partial log (102810 bytes) to /tmp/m4-recon/nic-runtime.txt
[pcie_up] [flush:phaseF.naked-extra.pre.apcie-axi2af-tunables#53@0x20028] wrote partial log (102810 bytes) to /tmp/m4-recon/nic-runtime.txt
[pcie_up] [flush:phaseF.naked-extra.done.apcie-axi2af-tunables#53@0x20028] wrote partial log (102980 bytes) to /tmp/m4-recon/nic-runtime.txt
[pcie_up] [flush:phaseF.naked-extra.pre.apcie-axi2af-tunables#54@0x2002c] wrote partial log (102980 bytes) to /tmp/m4-recon/nic-runtime.txt
[pcie_up] [flush:phaseF.naked-extra.done.apcie-axi2af-tunables#54@0x2002c] wrote partial log (103147 bytes) to /tmp/m4-recon/nic-runtime.txt
[pcie_up] [flush:phaseF.naked-extra.pre.apcie-axi2af-tunables#55@0x20030] wrote partial log (103147 bytes) to /tmp/m4-recon/nic-runtime.txt
[pcie_up] [flush:phaseF.naked-extra.done.apcie-axi2af-tunables#55@0x20030] wrote partial log (103315 bytes) to /tmp/m4-recon/nic-runtime.txt
[pcie_up] [flush:phaseF.naked-extra.pre.apcie-axi2af-tunables#56@0x20034] wrote partial log (103315 bytes) to /tmp/m4-recon/nic-runtime.txt
[pcie_up] [flush:phaseF.naked-extra.done.apcie-axi2af-tunables#56@0x20034] wrote partial log (103483 bytes) to /tmp/m4-recon/nic-runtime.txt
[pcie_up] [flush:phaseF.naked-extra.pre.apcie-axi2af-tunables#57@0x20058] wrote partial log (103483 bytes) to /tmp/m4-recon/nic-runtime.txt
[pcie_up] [flush:phaseF.naked-extra.done.apcie-axi2af-tunables#57@0x20058] wrote partial log (103652 bytes) to /tmp/m4-recon/nic-runtime.txt
[pcie_up] [flush:phaseF.naked-extra.apcie-axi2af-tunables.complete] wrote partial log (103833 bytes) to /tmp/m4-recon/nic-runtime.txt
[pcie_up] [flush:phaseF.diag.post-5.8.a.axi2af-naked-apply.phy-common-enter] wrote partial log (103906 bytes) to /tmp/m4-recon/nic-runtime.txt
[pcie_up] [flush:phaseF.diag.post-5.8.a.axi2af-naked-apply.reachable-scan-enter] wrote partial log (104092 bytes) to /tmp/m4-recon/nic-runtime.txt
[pcie_up] [flush:phaseF.diag.post-5.8.a.axi2af-naked-apply.reachable-scan.rc_base] wrote partial log (106523 bytes) to /tmp/m4-recon/nic-runtime.txt
[pcie_up] [flush:phaseF.diag.post-5.8.a.axi2af-naked-apply.reachable-scan.phy_common_base] wrote partial log (108326 bytes) to /tmp/m4-recon/nic-runtime.txt
[pcie_up] [flush:phaseF.diag.post-5.8.a.axi2af-naked-apply.reachable-scan.phy_shared] wrote partial log (110044 bytes) to /tmp/m4-recon/nic-runtime.txt
[pcie_up] [flush:phaseF.diag.post-5.8.a.axi2af-naked-apply.reachable-scan.axi_base] wrote partial log (111728 bytes) to /tmp/m4-recon/nic-runtime.txt
[pcie_up] [flush:phaseF.diag.post-5.8.a.axi2af-naked-apply.reachable-scan.axi_sub5_base] wrote partial log (118371 bytes) to /tmp/m4-recon/nic-runtime.txt
[pcie_up] [flush:phaseF.diag.post-5.8.a.axi2af-naked-apply.reachable-scan.axi_sub6_base] wrote partial log (125014 bytes) to /tmp/m4-recon/nic-runtime.txt
[pcie_up] [flush:phaseF.diag.post-5.8.a.axi2af-naked-apply.reachable-scan-done] wrote partial log (125014 bytes) to /tmp/m4-recon/nic-runtime.txt
[pcie_up] [flush:phaseF.diag.post-5.8.a.axi2af-naked-apply] wrote partial log (125014 bytes) to /tmp/m4-recon/nic-runtime.txt
[pcie_up] [flush:phaseF.naked-extra.apcie-pcieclkgen-tunables.enter] wrote partial log (125332 bytes) to /tmp/m4-recon/nic-runtime.txt
[pcie_up] [flush:phaseF.naked-extra.pre.apcie-pcieclkgen-tunables#0@0x0] wrote partial log (125332 bytes) to /tmp/m4-recon/nic-runtime.txt
[pcie_up] [flush:phaseF.naked-extra.write.apcie-pcieclkgen-tunables#0@0x0] wrote partial log (125429 bytes) to /tmp/m4-recon/nic-runtime.txt
[pcie_up] [flush:phaseF.naked-extra.post.apcie-pcieclkgen-tunables#0@0x0] wrote partial log (125528 bytes) to /tmp/m4-recon/nic-runtime.txt
[pcie_up] [flush:phaseF.naked-extra.done.apcie-pcieclkgen-tunables#0@0x0] wrote partial log (125726 bytes) to /tmp/m4-recon/nic-runtime.txt
[pcie_up] [flush:phaseF.naked-extra.apcie-pcieclkgen-tunables.complete] wrote partial log (125915 bytes) to /tmp/m4-recon/nic-runtime.txt
[pcie_up] [flush:phaseF.diag.post-5.8.b.pcieclkgen-naked-apply.phy-common-enter] wrote partial log (125992 bytes) to /tmp/m4-recon/nic-runtime.txt
[pcie_up] [flush:phaseF.diag.post-5.8.b.pcieclkgen-naked-apply.reachable-scan-enter] wrote partial log (126186 bytes) to /tmp/m4-recon/nic-runtime.txt
[pcie_up] [flush:phaseF.diag.post-5.8.b.pcieclkgen-naked-apply.reachable-scan.rc_base] wrote partial log (128617 bytes) to /tmp/m4-recon/nic-runtime.txt
[pcie_up] [flush:phaseF.diag.post-5.8.b.pcieclkgen-naked-apply.reachable-scan.phy_common_base] wrote partial log (130420 bytes) to /tmp/m4-recon/nic-runtime.txt
[pcie_up] [flush:phaseF.diag.post-5.8.b.pcieclkgen-naked-apply.reachable-scan.phy_shared] wrote partial log (132138 bytes) to /tmp/m4-recon/nic-runtime.txt
[pcie_up] [flush:phaseF.diag.post-5.8.b.pcieclkgen-naked-apply.reachable-scan.axi_base] wrote partial log (133822 bytes) to /tmp/m4-recon/nic-runtime.txt
[pcie_up] [flush:phaseF.diag.post-5.8.b.pcieclkgen-naked-apply.reachable-scan.axi_sub5_base] wrote partial log (140465 bytes) to /tmp/m4-recon/nic-runtime.txt
[pcie_up] [flush:phaseF.diag.post-5.8.b.pcieclkgen-naked-apply.reachable-scan.axi_sub6_base] wrote partial log (147108 bytes) to /tmp/m4-recon/nic-runtime.txt
[pcie_up] [flush:phaseF.diag.post-5.8.b.pcieclkgen-naked-apply.reachable-scan-done] wrote partial log (147108 bytes) to /tmp/m4-recon/nic-runtime.txt
[pcie_up] [flush:phaseF.diag.post-5.8.b.pcieclkgen-naked-apply] wrote partial log (147108 bytes) to /tmp/m4-recon/nic-runtime.txt
[pcie_up] [flush:phaseF.naked-extra.apcie-cio3pllcore-tunables.enter] wrote partial log (147427 bytes) to /tmp/m4-recon/nic-runtime.txt
[pcie_up] [flush:phaseF.naked-extra.pre.apcie-cio3pllcore-tunables#0@0x0] wrote partial log (147427 bytes) to /tmp/m4-recon/nic-runtime.txt
[pcie_up] [flush:phaseF.naked-extra.done.apcie-cio3pllcore-tunables#0@0x0] wrote partial log (147598 bytes) to /tmp/m4-recon/nic-runtime.txt
[pcie_up] [flush:phaseF.naked-extra.pre.apcie-cio3pllcore-tunables#1@0x24] wrote partial log (147598 bytes) to /tmp/m4-recon/nic-runtime.txt
[pcie_up] [flush:phaseF.naked-extra.done.apcie-cio3pllcore-tunables#1@0x24] wrote partial log (147770 bytes) to /tmp/m4-recon/nic-runtime.txt
[pcie_up] [flush:phaseF.naked-extra.pre.apcie-cio3pllcore-tunables#2@0x28] wrote partial log (147770 bytes) to /tmp/m4-recon/nic-runtime.txt
[pcie_up] [flush:phaseF.naked-extra.done.apcie-cio3pllcore-tunables#2@0x28] wrote partial log (147942 bytes) to /tmp/m4-recon/nic-runtime.txt
[pcie_up] [flush:phaseF.naked-extra.pre.apcie-cio3pllcore-tunables#3@0x38] wrote partial log (147942 bytes) to /tmp/m4-recon/nic-runtime.txt
[pcie_up] [flush:phaseF.naked-extra.done.apcie-cio3pllcore-tunables#3@0x38] wrote partial log (148111 bytes) to /tmp/m4-recon/nic-runtime.txt
[pcie_up] [flush:phaseF.naked-extra.pre.apcie-cio3pllcore-tunables#4@0x4c] wrote partial log (148111 bytes) to /tmp/m4-recon/nic-runtime.txt
[pcie_up] [flush:phaseF.naked-extra.done.apcie-cio3pllcore-tunables#4@0x4c] wrote partial log (148281 bytes) to /tmp/m4-recon/nic-runtime.txt
[pcie_up] [flush:phaseF.naked-extra.pre.apcie-cio3pllcore-tunables#5@0xe8] wrote partial log (148281 bytes) to /tmp/m4-recon/nic-runtime.txt
[pcie_up] [flush:phaseF.naked-extra.done.apcie-cio3pllcore-tunables#5@0xe8] wrote partial log (148457 bytes) to /tmp/m4-recon/nic-runtime.txt
[pcie_up] [flush:phaseF.naked-extra.pre.apcie-cio3pllcore-tunables#6@0x100] wrote partial log (148457 bytes) to /tmp/m4-recon/nic-runtime.txt
[pcie_up] [flush:phaseF.naked-extra.done.apcie-cio3pllcore-tunables#6@0x100] wrote partial log (148635 bytes) to /tmp/m4-recon/nic-runtime.txt
[pcie_up] [flush:phaseF.naked-extra.apcie-cio3pllcore-tunables.complete] wrote partial log (148825 bytes) to /tmp/m4-recon/nic-runtime.txt
[pcie_up] [flush:phaseF.diag.post-5.8.c.cio3pllcore-naked-apply.phy-common-enter] wrote partial log (148903 bytes) to /tmp/m4-recon/nic-runtime.txt
[pcie_up] [flush:phaseF.diag.post-5.8.c.cio3pllcore-naked-apply.reachable-scan-enter] wrote partial log (149099 bytes) to /tmp/m4-recon/nic-runtime.txt
[pcie_up] [flush:phaseF.diag.post-5.8.c.cio3pllcore-naked-apply.reachable-scan.rc_base] wrote partial log (151530 bytes) to /tmp/m4-recon/nic-runtime.txt
[pcie_up] [flush:phaseF.diag.post-5.8.c.cio3pllcore-naked-apply.reachable-scan.phy_common_base] wrote partial log (153333 bytes) to /tmp/m4-recon/nic-runtime.txt
[pcie_up] [flush:phaseF.diag.post-5.8.c.cio3pllcore-naked-apply.reachable-scan.phy_shared] wrote partial log (155051 bytes) to /tmp/m4-recon/nic-runtime.txt
[pcie_up] [flush:phaseF.diag.post-5.8.c.cio3pllcore-naked-apply.reachable-scan.axi_base] wrote partial log (156735 bytes) to /tmp/m4-recon/nic-runtime.txt
[pcie_up] [flush:phaseF.diag.post-5.8.c.cio3pllcore-naked-apply.reachable-scan.axi_sub5_base] wrote partial log (163378 bytes) to /tmp/m4-recon/nic-runtime.txt
[pcie_up] [flush:phaseF.diag.post-5.8.c.cio3pllcore-naked-apply.reachable-scan.axi_sub6_base] wrote partial log (170021 bytes) to /tmp/m4-recon/nic-runtime.txt
[pcie_up] [flush:phaseF.diag.post-5.8.c.cio3pllcore-naked-apply.reachable-scan-done] wrote partial log (170021 bytes) to /tmp/m4-recon/nic-runtime.txt
[pcie_up] [flush:phaseF.diag.post-5.8.c.cio3pllcore-naked-apply] wrote partial log (170021 bytes) to /tmp/m4-recon/nic-runtime.txt
[pcie_up] [flush:phaseF.skip.5.5] wrote partial log (170092 bytes) to /tmp/m4-recon/nic-runtime.txt
[pcie_up] [flush:phaseF.pre.6.a.set32(phy_shared+0, CLK0REQ=] wrote partial log (170142 bytes) to /tmp/m4-recon/nic-runtime.txt
[pcie_up] [flush:phaseF.post.6.a.set32(phy_shared+0, CLK0REQ=] wrote partial log (170249 bytes) to /tmp/m4-recon/nic-runtime.txt
[pcie_up] [flush:phaseF.pre.6.b.poll_CLK0ACK] wrote partial log (170333 bytes) to /tmp/m4-recon/nic-runtime.txt
[pcie_up] [flush:phaseF.post.6.b.poll_CLK0ACK] wrote partial log (170437 bytes) to /tmp/m4-recon/nic-runtime.txt
[pcie_up] [flush:phaseF.diag.post-6.b.CLK0ACK.phy-common-enter] wrote partial log (170497 bytes) to /tmp/m4-recon/nic-runtime.txt
[pcie_up] [flush:phaseF.diag.post-6.b.CLK0ACK.reachable-scan-enter] wrote partial log (170657 bytes) to /tmp/m4-recon/nic-runtime.txt
[pcie_up] [flush:phaseF.diag.post-6.b.CLK0ACK.reachable-scan.rc_base] wrote partial log (173088 bytes) to /tmp/m4-recon/nic-runtime.txt
[pcie_up] [flush:phaseF.diag.post-6.b.CLK0ACK.reachable-scan.phy_common_base] wrote partial log (174891 bytes) to /tmp/m4-recon/nic-runtime.txt
[pcie_up] [flush:phaseF.diag.post-6.b.CLK0ACK.reachable-scan.phy_shared] wrote partial log (176609 bytes) to /tmp/m4-recon/nic-runtime.txt
[pcie_up] [flush:phaseF.diag.post-6.b.CLK0ACK.reachable-scan.axi_base] wrote partial log (178293 bytes) to /tmp/m4-recon/nic-runtime.txt
[pcie_up] [flush:phaseF.diag.post-6.b.CLK0ACK.reachable-scan.axi_sub5_base] wrote partial log (184936 bytes) to /tmp/m4-recon/nic-runtime.txt
[pcie_up] [flush:phaseF.diag.post-6.b.CLK0ACK.reachable-scan.axi_sub6_base] wrote partial log (191579 bytes) to /tmp/m4-recon/nic-runtime.txt
[pcie_up] [flush:phaseF.diag.post-6.b.CLK0ACK.reachable-scan-done] wrote partial log (191579 bytes) to /tmp/m4-recon/nic-runtime.txt
[pcie_up] [flush:phaseF.diag.post-6.b.CLK0ACK] wrote partial log (191579 bytes) to /tmp/m4-recon/nic-runtime.txt
[pcie_up] [flush:phaseF.pre.6.c.set32(phy_shared+0, CLK1REQ=] wrote partial log (191629 bytes) to /tmp/m4-recon/nic-runtime.txt
[pcie_up] [flush:phaseF.post.6.c.set32(phy_shared+0, CLK1REQ=] wrote partial log (191736 bytes) to /tmp/m4-recon/nic-runtime.txt
[pcie_up] [flush:phaseF.pre.6.d.poll_CLK1ACK] wrote partial log (191820 bytes) to /tmp/m4-recon/nic-runtime.txt
[pcie_up] [flush:phaseF.post.6.d.poll_CLK1ACK] wrote partial log (191924 bytes) to /tmp/m4-recon/nic-runtime.txt
[pcie_up] [flush:phaseF.diag.post-6.d.CLK1ACK.phy-common-enter] wrote partial log (191984 bytes) to /tmp/m4-recon/nic-runtime.txt
[pcie_up] [flush:phaseF.diag.post-6.d.CLK1ACK.reachable-scan-enter] wrote partial log (192144 bytes) to /tmp/m4-recon/nic-runtime.txt
[pcie_up] [flush:phaseF.diag.post-6.d.CLK1ACK.reachable-scan.rc_base] wrote partial log (194575 bytes) to /tmp/m4-recon/nic-runtime.txt
[pcie_up] [flush:phaseF.diag.post-6.d.CLK1ACK.reachable-scan.phy_common_base] wrote partial log (196378 bytes) to /tmp/m4-recon/nic-runtime.txt
[pcie_up] [flush:phaseF.diag.post-6.d.CLK1ACK.reachable-scan.phy_shared] wrote partial log (198096 bytes) to /tmp/m4-recon/nic-runtime.txt
[pcie_up] [flush:phaseF.diag.post-6.d.CLK1ACK.reachable-scan.axi_base] wrote partial log (199780 bytes) to /tmp/m4-recon/nic-runtime.txt
[pcie_up] [flush:phaseF.diag.post-6.d.CLK1ACK.reachable-scan.axi_sub5_base] wrote partial log (206423 bytes) to /tmp/m4-recon/nic-runtime.txt
[pcie_up] [flush:phaseF.diag.post-6.d.CLK1ACK.reachable-scan.axi_sub6_base] wrote partial log (213066 bytes) to /tmp/m4-recon/nic-runtime.txt
[pcie_up] [flush:phaseF.diag.post-6.d.CLK1ACK.reachable-scan-done] wrote partial log (213066 bytes) to /tmp/m4-recon/nic-runtime.txt
[pcie_up] [flush:phaseF.diag.post-6.d.CLK1ACK] wrote partial log (213066 bytes) to /tmp/m4-recon/nic-runtime.txt
[pcie_up] [flush:phaseF.pre.6.e.clear32(phy_shared+0, RESET=] wrote partial log (213116 bytes) to /tmp/m4-recon/nic-runtime.txt
[pcie_up] [flush:phaseF.post.6.e.clear32(phy_shared+0, RESET=] wrote partial log (213223 bytes) to /tmp/m4-recon/nic-runtime.txt
[pcie_up] [flush:phaseF.pre.6.f.readback-enter] wrote partial log (213282 bytes) to /tmp/m4-recon/nic-runtime.txt
[pcie_up] [flush:phaseF.pre.6.f.readback] wrote partial log (213373 bytes) to /tmp/m4-recon/nic-runtime.txt
[pcie_up] [flush:phaseF.pre.6.f.set32(phy_shared+4, 0x01) [T] wrote partial log (213440 bytes) to /tmp/m4-recon/nic-runtime.txt
[pcie_up] [flush:phaseF.post.6.f.set32(phy_shared+4, 0x01) [T] wrote partial log (213555 bytes) to /tmp/m4-recon/nic-runtime.txt
[pcie_up] [flush:phaseF.post.6.f.readback-enter] wrote partial log (213615 bytes) to /tmp/m4-recon/nic-runtime.txt
[pcie_up] [flush:phaseF.post.6.f.readback] wrote partial log (213708 bytes) to /tmp/m4-recon/nic-runtime.txt
[pcie_up] [flush:phaseF.pre.7.mask32(phy_common+0, MODE_MASK] wrote partial log (213769 bytes) to /tmp/m4-recon/nic-runtime.txt
[pcie_up] [flush:phaseF.post.7.mask32(phy_common+0, MODE_MASK] wrote partial log (213887 bytes) to /tmp/m4-recon/nic-runtime.txt
[pcie_up] [flush:phaseF.diag.post-7.phycmn-early.phy-common-enter] wrote partial log (213950 bytes) to /tmp/m4-recon/nic-runtime.txt
[pcie_up] [flush:phaseF.diag.post-7.phycmn-early.reachable-scan-enter] wrote partial log (214116 bytes) to /tmp/m4-recon/nic-runtime.txt
[pcie_up] [flush:phaseF.diag.post-7.phycmn-early.reachable-scan.rc_base] wrote partial log (216547 bytes) to /tmp/m4-recon/nic-runtime.txt
[pcie_up] [flush:phaseF.diag.post-7.phycmn-early.reachable-scan.phy_common_base] wrote partial log (218350 bytes) to /tmp/m4-recon/nic-runtime.txt
[pcie_up] [flush:phaseF.diag.post-7.phycmn-early.reachable-scan.phy_shared] wrote partial log (220068 bytes) to /tmp/m4-recon/nic-runtime.txt
[pcie_up] [flush:phaseF.diag.post-7.phycmn-early.reachable-scan.axi_base] wrote partial log (221752 bytes) to /tmp/m4-recon/nic-runtime.txt
[pcie_up] [flush:phaseF.diag.post-7.phycmn-early.reachable-scan.axi_sub5_base] wrote partial log (228395 bytes) to /tmp/m4-recon/nic-runtime.txt
[pcie_up] [flush:phaseF.diag.post-7.phycmn-early.reachable-scan.axi_sub6_base] wrote partial log (235038 bytes) to /tmp/m4-recon/nic-runtime.txt
[pcie_up] [flush:phaseF.diag.post-7.phycmn-early.reachable-scan-done] wrote partial log (235038 bytes) to /tmp/m4-recon/nic-runtime.txt
[pcie_up] [flush:phaseF.diag.post-7.phycmn-early] wrote partial log (235038 bytes) to /tmp/m4-recon/nic-runtime.txt
[pcie_up] [flush:phaseF.diag.post-6.f.T8140-marker.phy-common-enter] wrote partial log (235103 bytes) to /tmp/m4-recon/nic-runtime.txt
[pcie_up] [flush:phaseF.diag.post-6.f.T8140-marker.reachable-scan-enter] wrote partial log (235273 bytes) to /tmp/m4-recon/nic-runtime.txt
[pcie_up] [flush:phaseF.diag.post-6.f.T8140-marker.reachable-scan.rc_base] wrote partial log (237704 bytes) to /tmp/m4-recon/nic-runtime.txt
[pcie_up] [flush:phaseF.diag.post-6.f.T8140-marker.reachable-scan.phy_common_base] wrote partial log (239507 bytes) to /tmp/m4-recon/nic-runtime.txt
[pcie_up] [flush:phaseF.diag.post-6.f.T8140-marker.reachable-scan.phy_shared] wrote partial log (241225 bytes) to /tmp/m4-recon/nic-runtime.txt
[pcie_up] [flush:phaseF.diag.post-6.f.T8140-marker.reachable-scan.axi_base] wrote partial log (242909 bytes) to /tmp/m4-recon/nic-runtime.txt
[pcie_up] [flush:phaseF.diag.post-6.f.T8140-marker.reachable-scan.axi_sub5_base] wrote partial log (249552 bytes) to /tmp/m4-recon/nic-runtime.txt
[pcie_up] [flush:phaseF.diag.post-6.f.T8140-marker.reachable-scan.axi_sub6_base] wrote partial log (256195 bytes) to /tmp/m4-recon/nic-runtime.txt
[pcie_up] [flush:phaseF.diag.post-6.f.T8140-marker.reachable-scan-done] wrote partial log (256195 bytes) to /tmp/m4-recon/nic-runtime.txt
[pcie_up] [flush:phaseF.diag.post-6.f.T8140-marker] wrote partial log (256195 bytes) to /tmp/m4-recon/nic-runtime.txt
[pcie_up] [flush:phaseF.plan.6.g] wrote partial log (256545 bytes) to /tmp/m4-recon/nic-runtime.txt
[pcie_up] [flush:phaseF.raise.6.g.0] wrote partial log (256627 bytes) to /tmp/m4-recon/nic-runtime.txt

**WEDGES RIGHT HERE!!**
**WEDGES RIGHT HERE!!**
**WEDGES RIGHT HERE!!**
**WEDGES RIGHT HERE!!**
**WEDGES RIGHT HERE!!**
