[ahmed@admin AppleSiliconM4]$ ./Scripts/m1n1/perstn-run.sh 31
using m1n1 device: /dev/ttyACM0
[sudo] password for ahmed: 
TTY> Initialized dockchannel UART at 0x388128000
TTY> Device info:
TTY>   Model: Mac16,10
TTY>   Target: J773g
TTY>   Board-ID: 0x2a
TTY>   Chip-ID: 0x8132
TTY> 
TTY> CPU init (MIDR: 0x611f0531 smp_id:0x6)...
TTY>   CPU part: 0x53 rev: 0x11
TTY>   CPU: M4 Donan (P core)
TTY> 
TTY> boot_args at 0x10003284000
TTY>   revision:     3
TTY>   version:      2
TTY>   virt_base:    0xd0f0000
TTY>   phys_base:    0x100010f0000
TTY>   mem_size:     0x3df834000
TTY>   top_of_kdata: 0x10003294000
TTY>   video:
TTY>     base:       0x103e5234000
TTY>     display:    0x1
TTY>     stride:     0xa00
TTY>     width:      640
TTY>     height:     1136
TTY>     depth:      32bpp
TTY>     density:    1
TTY>   machine_type: 0
TTY>   devtree:      0xea38000
TTY>   devtree_size: 0x68000
TTY>   cmdline:      
TTY>   boot_flags:   0x0
TTY>   mem_size_act: 0x400000000
TTY> 
TTY> 
TTY> 
TTY> m1n1 v1.6.0-42-gdf2ae61
TTY> Copyright The Asahi Linux Contributors
TTY> Licensed under the MIT license
TTY> 
TTY> Running in EL2
TTY> 
TTY> OS FW version: 15.1 (iBoot-11881.41.5)
TTY> System FW version: 15.1 (iBoot-11881.41.5)
TTY> Heap base: 0x10003294000
TTY> MCC: Unsupported version:mcc,t8132
TTY> MMU: Initializing...
TTY> MMU: RAM base: 0x10000000000
TTY> MMU: Top of normal RAM: 0x103e0924000
TTY> MMU: Adding Device-nGnRE mapping at 0x1c50000000 (0x4000)
TTY> MMU: Adding Device-nGnRE mapping at 0x1c60000000 (0x4000)
TTY> MMU: Adding Device-nGnRE mapping at 0x1c70000000 (0x4000)
TTY> MMU: Adding Device-nGnRE mapping at 0x1c80000000 (0x4000)
TTY> MMU: Adding Device-nGnRE mapping at 0x1cb0000000 (0x14000)
TTY> MMU: Adding Normal-NC mapping at 0x103fff1c000 (0x20000)
TTY> MMU: Adding Normal-NC mapping at 0x103ffe6c000 (0x10000)
TTY> MMU: Adding Normal-NC mapping at 0x103ffe4c000 (0x20000)
TTY> MMU: Adding Normal-NC mapping at 0x103ffddc000 (0x10000)
TTY> MMU: Adding Normal-NC mapping at 0x103ffdbc000 (0x20000)
TTY> MMU: Adding Normal-NC mapping at 0x103ffd4c000 (0x10000)
TTY> MMU: Adding Normal-NC mapping at 0x103fffb8000 (0x4000)
TTY> MMU: Adding Normal-NC mapping at 0x103fff70000 (0x4000)
TTY> MMU: SCTLR_EL1: 30000180 -> 30901085
TTY> MMU: running with MMU and caches enabled!
TTY> AIC: Version 3 @ 0x381000000
TTY> AIC: AIC3 with 1/2 dies, 2048/4096 IRQs, reg_size:40004, config:10000, extintrcfg_stride:04a00, intmaskset_stride:04a00, intmaskclear_stride:04a00
TTY> Primary WDT register @ 0x3882b0000
TTY> Primary WDT disabled
TTY> Secondary WDT register @ 0x3882b8008
TTY> Secondary WDT disabled
TTY> pmgr: Cleaning up device states...
TTY> pmgr: initialized, 392 devices on 1 dies found.
TTY> display: Display is external
TTY> display: Dummy framebuffer found, initializing display
TTY> dart: dart /arm-io/dart-dcp at 0x30a340000 is a t8110 (locked)
TTY> dart: dart /arm-io/dart-disp0 at 0x30a300000 is a t8110 (locked)
TTY> dart: dart /arm-io/dart-disp0.0.0 L1 0 is real-time at 0x103fff1c000
TTY> dart: allocating L2 tbl at 0, 1 to 0x103fff24000
TTY> dcp: Mapping segment #2 10002c08000 -> 10002c08000 [24000]
TTY> rtkit(dcp): booting with version 12
TTY> rtkit(dcp): unknown system endpoint 0x0a
TTY> rtkit(dcp): pre-allocated buffer (ep 0x1, dva 0x100025eb000, phys 0x103e51a3000)
TTY> rtkit(dcp): unknown oslog message 105ff8010002604
TTY> rtkit(dcp): unknown oslog message 3010042100000a1
TTY> rtkit(dcp): unknown oslog message 4000020d51e4021
TTY> rtkit(dcp): unknown oslog message 4000040d28078a1
TTY> rtkit(dcp): unknown oslog message 4000060d51e4001
TTY> AFK: ring buffer size mismatch
TTY> AFK: ring buffer size mismatch
TTY> dcp-iboot: failed to initialize disp0 service
TTY> display: failed to initialize DCP iBoot interface
TTY> rtkit(dcp): IOP crashed!
TTY> rtkit(dcp): == CRASH INFO ==
TTY> rtkit(dcp):   Message 1: ASSERT!Messenger.c:299 0xc0000000000000 0x7 
TTY> rtkit(dcp):   0x43766572
TTY> rtkit(dcp):   0x4374696d
TTY> rtkit(dcp):   0x43637374
TTY> rtkit(dcp):   0x4372746b
TTY> rtkit(dcp):   0x43617343
TTY> rtkit(dcp):   0x436d6278
TTY> rtkit(dcp):   0x43636470
TTY> rtkit(dcp):   0x43706374
TTY> rtkit(dcp):   0x43737461
TTY> rtkit(dcp):   0x43737461
TTY> rtkit(dcp): IOP died during shutdown
TTY> fb init: 640x1136 (32) [s=640] @0x103e5234000
TTY> fb console: max rows 35, max cols 40
TTY> fb: display logo
TTY> cpufreq: Chip 0x8132 is unsupported
TTY> Initialization complete.
TTY> Checking for payloads...
TTY> Devicetree compatible value: apple,j773g
TTY> Unknown payload at 0x10002c08000 (magic: 5b41464b)
TTY> No valid payload found
TTY> dart: dart /arm-io/dart-usb0 at 0x402f80000 is a t8110
TTY> USB0: initialized at 0x1000367e030
TTY> dart: dart /arm-io/dart-usb1 at 0x40af80000 is a t8110
TTY> USB1: initialized at 0x1000367e360
TTY> dart: dart /arm-io/dart-usb2 at 0x412f80000 is a t8110
TTY> USB2: initialized at 0x1000367e690
TTY> dart: dart /arm-io/dart-usb3 at 0x41af80000 is a t8110
TTY> USB3: initialized at 0x1000367e9c0
TTY> Running proxy...
m1n1 base: 0x10002afc000
Fetching ADT (0x00068000 bytes)...
[pcie_up] require-build OK: 'm1n1 uartproxy v1.6.0-42-gdf2a' contains 'v1.6.0-42-g'
[pcie_up] === soc_bringup (SoC-first recon) ===
[pcie_up] [flush:start] wrote partial log (47 bytes) to /tmp/m4-recon/nic-runtime.txt
[pcie_up] starting secondary CPUs (p.smp_start_secondaries())...
TTY> Starting secondary CPUs...
TTY> Starting CPU 0 (0:0:0)... Failed!
TTY> Starting CPU 1 (0:0:1)... Failed!
TTY> Starting CPU 2 (0:0:2)... Failed!
TTY> Starting CPU 3 (0:0:3)... Failed!
TTY> Starting CPU 4 (0:0:4)... Failed!
TTY> Starting CPU 5 (0:0:5)... Failed!
TTY> Starting CPU 7 (0:1:1)... Failed!
TTY> Starting CPU 8 (0:1:2)... Failed!
TTY> Starting CPU 9 (0:1:3)... Failed!
[pcie_up] [flush:smp-start] wrote partial log (136 bytes) to /tmp/m4-recon/nic-runtime.txt
[pcie_up] SMP probe (RVBAR + CPU-start block)...
[pcie_up]     read64(0x210050000) [cpu0.RVBAR]...
[pcie_up]       -> 0x0010010002afc001
[pcie_up]     read64(0x210050100) [cpu0.impl+0x100]...
[pcie_up]       -> 0x0080802a0f20d102
[pcie_up]     read64(0x210150000) [cpu1.RVBAR]...
[pcie_up]       -> 0x0010010002afc001
[pcie_up]     read64(0x210150100) [cpu1.impl+0x100]...
[pcie_up]       -> 0x1180802a0f20d102
[pcie_up]     read64(0x210250000) [cpu2.RVBAR]...
[pcie_up]       -> 0x0010010002afc001
[pcie_up]     read64(0x210250100) [cpu2.impl+0x100]...
[pcie_up]       -> 0x2280802a0f20d102
[pcie_up]     read64(0x210350000) [cpu3.RVBAR]...
[pcie_up]       -> 0x0010010002afc001
[pcie_up]     read64(0x210350100) [cpu3.impl+0x100]...
[pcie_up]       -> 0x3380802a0f20d102
[pcie_up]     read64(0x210450000) [cpu4.RVBAR]...
[pcie_up]       -> 0x0010010002afc001
[pcie_up]     read64(0x210450100) [cpu4.impl+0x100]...
[pcie_up]       -> 0x4480802a0f20d102
[pcie_up]     read64(0x210550000) [cpu5.RVBAR]...
[pcie_up]       -> 0x0010010002afc001
[pcie_up]     read64(0x210550100) [cpu5.impl+0x100]...
[pcie_up]       -> 0x5580802a0f20d102
[pcie_up]     read64(0x211050000) [cpu6.RVBAR]...
[pcie_up]       -> 0x0110010002afc001
[pcie_up]     read64(0x211050100) [cpu6.impl+0x100]...
[pcie_up]       -> 0x0080800aee201102
[pcie_up]     read64(0x211150000) [cpu7.RVBAR]...
[pcie_up]       -> 0x0110010002afc001
[pcie_up]     read64(0x211150100) [cpu7.impl+0x100]...
[pcie_up]       -> 0x1180808aef20d102
[pcie_up]     read64(0x211250000) [cpu8.RVBAR]...
[pcie_up]       -> 0x0110010002afc001
[pcie_up]     read64(0x211250100) [cpu8.impl+0x100]...
[pcie_up]       -> 0x2280808aef20d102
[pcie_up]     read64(0x211350000) [cpu9.RVBAR]...
[pcie_up]       -> 0x0110010002afc001
[pcie_up]     read64(0x211350100) [cpu9.impl+0x100]...
[pcie_up]       -> 0x3380808aef20d102
[pcie_up]     read32(0x380734000) [die0.cpustart+0x0]...
[pcie_up]       -> 0x00000300
[pcie_up]     read32(0x380734004) [die0.cpustart+0x4]...
[pcie_up]       -> 0x00000300
[pcie_up]     read32(0x380734008) [die0.cpustart+0x8+4*0]...
[pcie_up]       -> 0x00000000
[pcie_up]     read32(0x38073400c) [die0.cpustart+0x8+4*1]...
[pcie_up]       -> 0x00000000
[pcie_up] [flush:smp-probe] wrote partial log (4186 bytes) to /tmp/m4-recon/nic-runtime.txt
[pcie_up] CPU-start scan (last read-only offset search)...
TTY> Exception: SYNC
[pcie_up]       probing m1n1 liveness after failed read...
[pcie_up]       m1n1 DEAD -- bailing from dump



