[ahmed@admin m1n1]$ pwd 
/home/ahmed/Projects/AsahiLinux/m4/m1n1
[ahmed@admin m1n1]$ git --no-pager show HEAD
commit 6b277bc9078d89c4a324991afef69ed504dd6087 (HEAD -> t8132-pcie, my_origin/t8132-pcie)
Author: Ahmed <ahmedmoti767@gmail.com>
Date:   Fri Jul 10 11:11:41 2026 +0200

    pcie: apply apcie-phy-ip-{pll,auspma}-tunables on T8140 (fixes t8132 LTSSM stuck at BUSY)
    
    On j773g (base M4 / t8132) both active ports finish port bring-up with
    LINKSTS still asserting BUSY (0x8300020c / 0x83000204), meaning the port
    controller is running but LTSSM training never converges. Comparing the
    runtime dump to the source shows PHY digital brought up cleanly
    (PHYCMN_CLK=0x80300001 with the 100 MHz bit set, PHY_CTRL CLK0/CLK1 ACKs
    back), but the per-lane analog blocks were never tuned: the ADT under
    /arm-io/apcie carries apcie-phy-ip-pll-tunables and
    apcie-phy-ip-auspma-tunables, yet the PHY IP tunable application block
    at pcie_init_controller() was gated to T81XX / T602X / T8122 only. T8140
    (and by extension the t8132 clause which reuses regs_t8140) silently
    skipped both properties.
    
    Add APCIE_T8140 to the gate so those tunables get applied. The property
    names picked in the num_phys==1 branch (apcie-phy-ip-pll-tunables /
    apcie-phy-ip-auspma-tunables, un-indexed) match the t8132 ADT exactly.
    
    Prior attempt to switch t8132 to regs_t8122 wholesale wedged m1n1 with
    an SError because it dragged in T8122-only PHY register writes on top
    of the tunables. This change is the minimal delta: T8140 keeps its own
    code path and only picks up the tunable application.
    
    Signed-off-by: Ahmed <ahmedmoti767@gmail.com>

diff --git a/src/pcie.c b/src/pcie.c
index 9e9c774..6aef192 100644
--- a/src/pcie.c
+++ b/src/pcie.c
@@ -503,7 +503,7 @@ static int pcie_init_controller(int controller, const char *path)
         }
 
         if (state->pcie_regs->type == APCIE_T81XX || state->pcie_regs->type == APCIE_T602X ||
-            state->pcie_regs->compat == APCIE_T8122) {
+            state->pcie_regs->compat == APCIE_T8122 || state->pcie_regs->type == APCIE_T8140) {
             char pll_prop[64];
             char auspma_prop[64];
 
[ahmed@admin m1n1]$ 
after this i will run the same command as pcie_up_1.log

[ahmed@admin AppleSiliconM4]$ ./Scripts/m1n1/perstn.sh --tier2 --t602x-init --t602x-do-again --t602x-aggressive --t602x-msimap
[sudo] password for ahmed: 
Sorry, try again.
[sudo] password for ahmed: 
TTY> Initialized dockchannel UART at 0x388128000
TTY> Device info:
TTY>   Model: Mac16,10
TTY>   Target: J773g
TTY>   Board-ID: 0x2a
TTY>   Chip-ID: 0x8132
TTY> 
TTY> CPU init (MIDR: 0x611f0531 smp_id:0x6)...
TTY>   CPU part: 0x53 rev: 0x11
TTY>   CPU: M4 Donan (P core)
TTY> 
TTY> boot_args at 0x100043c0000
TTY>   revision:     3
TTY>   version:      2
TTY>   virt_base:    0xf0f0000
TTY>   phys_base:    0x100010f0000
TTY>   mem_size:     0x3df834000
TTY>   top_of_kdata: 0x100043d0000
TTY>   video:
TTY>     base:       0x103e5234000
TTY>     display:    0x1
TTY>     stride:     0xa00
TTY>     width:      640
TTY>     height:     1136
TTY>     depth:      32bpp
TTY>     density:    1
TTY>   machine_type: 0
TTY>   devtree:      0x11b74000
TTY>   devtree_size: 0x68000
TTY>   cmdline:      
TTY>   boot_flags:   0x0
TTY>   mem_size_act: 0x400000000
TTY> 
TTY> 
TTY> 
TTY> m1n1 v1.6.0-rc1-56-g6b277bc
TTY> Copyright The Asahi Linux Contributors
TTY> Licensed under the MIT license
TTY> 
TTY> Running in EL2
TTY> 
TTY> OS FW version: 15.1 (iBoot-11881.41.5)
TTY> System FW version: 15.1 (iBoot-11881.41.5)
TTY> Heap base: 0x100043d0000
TTY> MCC: Unsupported version:mcc,t8132
TTY> MMU: Initializing...
TTY> MMU: RAM base: 0x10000000000
TTY> MMU: Top of normal RAM: 0x103e0924000
TTY> MMU: Adding Device-nGnRE mapping at 0x1c50000000 (0x4000)
TTY> MMU: Adding Device-nGnRE mapping at 0x1c60000000 (0x4000)
TTY> MMU: Adding Device-nGnRE mapping at 0x1c70000000 (0x4000)
TTY> MMU: Adding Device-nGnRE mapping at 0x1c80000000 (0x4000)
TTY> MMU: Adding Device-nGnRE mapping at 0x1cb0000000 (0x14000)
TTY> MMU: Adding Normal-NC mapping at 0x103fff1c000 (0x20000)
TTY> MMU: Adding Normal-NC mapping at 0x103ffe6c000 (0x10000)
TTY> MMU: Adding Normal-NC mapping at 0x103ffe4c000 (0x20000)
TTY> MMU: Adding Normal-NC mapping at 0x103ffddc000 (0x10000)
TTY> MMU: Adding Normal-NC mapping at 0x103ffdbc000 (0x20000)
TTY> MMU: Adding Normal-NC mapping at 0x103ffd4c000 (0x10000)
TTY> MMU: Adding Normal-NC mapping at 0x103fffb8000 (0x4000)
TTY> MMU: Adding Normal-NC mapping at 0x103fff70000 (0x4000)
TTY> MMU: SCTLR_EL1: 30000180 -> 30901085
TTY> MMU: running with MMU and caches enabled!
TTY> AIC: Version 3 @ 0x381000000
TTY> AIC: AIC3 with 1/2 dies, 2048/4096 IRQs, reg_size:40004, config:10000, extintrcfg_stride:04a00, intmaskset_stride:04a00, intmaskclear_stride:04a00
TTY> Primary WDT register @ 0x3882b0000
TTY> Primary WDT disabled
TTY> Secondary WDT register @ 0x3882b8008
TTY> Secondary WDT disabled
TTY> pmgr: Cleaning up device states...
TTY> pmgr: initialized, 392 devices on 1 dies found.
TTY> display: Display is external
TTY> display: Dummy framebuffer found, initializing display
TTY> dart: dart /arm-io/dart-dcp at 0x30a340000 is a t8110 (locked)
TTY> dart: dart /arm-io/dart-disp0 at 0x30a300000 is a t8110 (locked)
TTY> dart: dart /arm-io/dart-disp0.0.0 L1 0 is real-time at 0x103fff1c000
TTY> dart: allocating L2 tbl at 0, 1 to 0x103fff24000
TTY> dcp: Mapping segment #2 10003d44000 -> 10003d44000 [24000]
TTY> rtkit(dcp): booting with version 12
TTY> rtkit(dcp): unknown system endpoint 0x0a
TTY> rtkit(dcp): pre-allocated buffer (ep 0x1, dva 0x100025eb000, phys 0x103e51a3000)
TTY> rtkit(dcp): unknown oslog message 105ff8010002604
TTY> rtkit(dcp): unknown oslog message 3010042100000a1
TTY> rtkit(dcp): unknown oslog message 4000020d51e4021
TTY> rtkit(dcp): unknown oslog message 4000040d28078a1
TTY> rtkit(dcp): unknown oslog message 4000060d51e4001
TTY> AFK: ring buffer size mismatch
TTY> AFK: ring buffer size mismatch
TTY> dcp-iboot: failed to initialize disp0 service
TTY> display: failed to initialize DCP iBoot interface
TTY> rtkit(dcp): IOP crashed!
TTY> rtkit(dcp): == CRASH INFO ==
TTY> rtkit(dcp):   Message 1: ASSERT!Messenger.c:299 0xc0000000000000 0x7 
TTY> rtkit(dcp):   0x43766572
TTY> rtkit(dcp):   0x4374696d
TTY> rtkit(dcp):   0x43637374
TTY> rtkit(dcp):   0x4372746b
TTY> rtkit(dcp):   0x43617343
TTY> rtkit(dcp):   0x436d6278
TTY> rtkit(dcp):   0x43636470
TTY> rtkit(dcp):   0x43706374
TTY> rtkit(dcp):   0x43737461
TTY> rtkit(dcp):   0x43737461
TTY> rtkit(dcp): IOP died during shutdown
TTY> fb init: 640x1136 (32) [s=640] @0x103e5234000
TTY> fb console: max rows 35, max cols 40
TTY> fb: display logo
TTY> cpufreq: Chip 0x8132 is unsupported
TTY> Initialization complete.
TTY> Checking for payloads...
TTY> Devicetree compatible value: apple,j773g
TTY> Unknown payload at 0x10003d44000 (magic: 5b41464b)
TTY> No valid payload found
TTY> dart: dart /arm-io/dart-usb0 at 0x402f80000 is a t8110
TTY> USB0: initialized at 0x100047be030
TTY> dart: dart /arm-io/dart-usb1 at 0x40af80000 is a t8110
TTY> USB1: initialized at 0x100047be360
TTY> dart: dart /arm-io/dart-usb2 at 0x412f80000 is a t8110
TTY> USB2: initialized at 0x100047be690
TTY> dart: dart /arm-io/dart-usb3 at 0x41af80000 is a t8110
TTY> USB3: initialized at 0x100047be9c0
TTY> Running proxy...
m1n1 base: 0x10003c38000
Fetching ADT (0x00068000 bytes)...
[pcie_up] === Phase 3.3 pcie_up ===
[pcie_up] building ApcieMap from ADT...
[pcie_up] SMC power on apcie fabric...
[mgmt] Starting via message
[mgmt] Supported versions 12 .. 12
[mgmt] Adding endpoint 0x0
[mgmt] Adding endpoint 0x1
[mgmt] Adding endpoint 0x2
[mgmt] Adding endpoint 0x3
[mgmt] Adding endpoint 0x4
[mgmt] Adding endpoint 0x8
[mgmt] Adding endpoint 0x20
Starting endpoint #0x1 (crash)
Starting endpoint #0x2 (syslog)
Starting endpoint #0x3 (kdebug)
Starting endpoint #0x4 (iorep)
Starting endpoint #0x8 (iorep)
[crash] buf prealloc at dva 0x38de5c000
[iorep] buf prealloc 0x38de61000 / 0x38de61000
[iorep] start
[iorep] report!
[iorep] report!
[iorep] report!
[iorep] report!
[iorep] report!
[iorep] report!
[iorep] report!
[iorep] report!
[iorep] report!
[iorep] report!
[iorep] report!
[iorep] report!
[mgmt] IOP power state is now 0x20
[syslog] count 32, entrysize 96
[syslog] buf prealloc at dva 0x38de60000
[iorep] buf prealloc 0xff800038de66000 / 0xff800038de66000
unknown message: 0x31f10428986d339 / 0x408c0000000008 (EP=0x8)
unknown message: 0x40000209630790a / 0x309c0000000008 (EP=0x8)
unknown message: 0x40000402572ab9b / 0x20ac0000000008 (EP=0x8)
unknown message: 0x400006003168728 / 0x10bc0000000008 (EP=0x8)
[mgmt] AP power state is now 0x20
[mgmt] Startup complete
Starting endpoint #0x20 (smcep)
[smcep] Starting up
[mgmt] Stopping via message
[mgmt] AP power state is now 0x10
[mgmt] IOP power state is now 0x10
[pcie_up] CLKREQ assert on gpio0 pin 162...
[pcie_up] CLKREQ: drive gpio0[162] low (assert)
[pcie_up] PERSTN deassert on gpio0 pin 165...
[pcie_up] PERSTN cold reset: drive gpio0[165] low
[pcie_up] PERSTN: drive gpio0[165] high
[pcie_up] p.pcie_init()...
TTY> pcie: Initializing t8132 PCIe controller

[pcie_up] p.pcie_init raised: UartTimeout: Expected 1 bytes, got 0 bytes
Traceback (most recent call last):
  File "/home/ahmed/Projects/C/embedded/AppleSiliconM4/Scripts/m1n1/perstn.py", line 1344, in main
    rc = p.pcie_init()
  File "/home/ahmed/Projects/AsahiLinux/m4/m1n1/proxyclient/m1n1/proxy.py", line 1130, in pcie_init
    return self.request(self.P_PCIE_INIT)
           ~~~~~~~~~~~~^^^^^^^^^^^^^^^^^^
  File "/home/ahmed/Projects/AsahiLinux/m4/m1n1/proxyclient/m1n1/proxy.py", line 707, in request
    return self._request(opcode, *args2, **kwargs)
           ~~~~~~~~~~~~~^^^^^^^^^^^^^^^^^^^^^^^^^^
  File "/home/ahmed/Projects/AsahiLinux/m4/m1n1/proxyclient/m1n1/proxy.py", line 671, in _request
    reply = self.iface.proxyreq(req, reboot=reboot, no_reply=no_reply, pre_reply=None)
  File "/home/ahmed/Projects/AsahiLinux/m4/m1n1/proxyclient/m1n1/proxy.py", line 387, in proxyreq
    return self.reply(self.REQ_PROXY)
           ~~~~~~~~~~^^^^^^^^^^^^^^^^
m1n1.proxy.UartTimeout: Expected 1 bytes, got 0 bytes
[pcie_up] skipping PCIe register dump (m1n1 is wedged, reads would time out)
[pcie_up] m1n1 DEAD before ECAM walk; skipping this and all further sections
[pcie_up] wrote /tmp/m4-recon/nic-runtime.txt
[pcie_up] done. Copy /tmp/m4-recon/nic-runtime.txt into m4_recon/ if it looks sane.


--- /tmp/m4-recon/nic-runtime.txt ---
# Phase 3 PCIe runtime dump

**NIC not found** in the ECAM walk. Check the log below.

## Full walk log

```
=== apcie ADT map ===
compatible   = apcie,t8132
power_gates  = [379, 380, 381, 382, 383, 151]
active ports = [0, 2]

-- shared --
  ecam_base       = 0x1cb0000000 sz 0x10000000
  rc_base         = 0x494000000 sz 0x4000
  phy_packed_base = 0x497000000 sz 0x40000   (phy_common = +0x4000)
  phy_common_base = 0x497004000
  phy_ip_base     = 0x497040000 sz 0x20000
  axi_base        = 0x496000000 sz 0x1000000
  axi_sub5        = 0x495046200 sz 0x4000   (inside AXI window; purpose unknown)
  axi_sub6        = 0x495044000 sz 0x4000   (inside AXI window; purpose unknown)

--- port0 ---
  exists in ADT: True
  port_base       = 0x490028000 sz 0x8000
  ltssm_base      = 0x49003c000 sz 0x4000
  phy_base        = 0x497020000 sz 0x4000
  phy_extra_base  = 0x497048000 sz 0x8000   (inside shared PHY IP)
  intr2axi_base   = 0x490024000 sz 0x4000
  ctrl_lo_base    = 0x490000000 sz 0xc000   (overlaps dart-apcie0)
  bridge          = /arm-io/apcie/pci-bridge0
  PERSTN pin      = gpio0[163] (mode 0)
  CLKREQ pin      = gpio0[160] (mode 2)
  max_link_speed  = 2
  #apcie_config_tunables       = 1
  #pcie_rc_tunables            = 3
  #pcie_rc_gen3_shadow_tunables= 3
  #pcie_rc_gen4_shadow_tunables= 3

--- port1 ---
  exists in ADT: False (pci-bridge missing)
  port_base       = 0x491028000 sz 0x8000
  ltssm_base      = 0x49103c000 sz 0x4000
  phy_base        = 0x497024000 sz 0x4000
  phy_extra_base  = 0x497050000 sz 0x8000   (inside shared PHY IP)
  intr2axi_base   = 0x491024000 sz 0x4000
  ctrl_lo_base    = 0x491000000 sz 0xc000   (overlaps dart-apcie1)

--- port2 ---
  exists in ADT: True
  port_base       = 0x492028000 sz 0x8000
  ltssm_base      = 0x49203c000 sz 0x4000
  phy_base        = 0x497028000 sz 0x4000
  phy_extra_base  = 0x497058000 sz 0x8000   (inside shared PHY IP)
  intr2axi_base   = 0x492024000 sz 0x4000
  ctrl_lo_base    = 0x492000000 sz 0xc000   (overlaps dart-apcie2)
  bridge          = /arm-io/apcie/pci-bridge2
  PERSTN pin      = gpio0[165] (mode 0)
  CLKREQ pin      = gpio0[162] (mode 2)
  max_link_speed  = 1
  #apcie_config_tunables       = 1
  #pcie_rc_tunables            = 3
  #pcie_rc_gen3_shadow_tunables= 3
  #pcie_rc_gen4_shadow_tunables= 3

-- darts --
  dart[port 0]: /arm-io/dart-apcie0  base=0x490000000 sz=0x20000  page_size=16384  sid_count=17
  dart[port 2]: /arm-io/dart-apcie2  base=0x492000000 sz=0x20000  page_size=16384  sid_count=17


NIC GPIO pins: PERSTN=gpio0[165] CLKREQ=gpio0[162]

SMC smc_addr = 0x38c600000
gP0d <- 0x800001  (apcie power)
gP1a <- 1         (apcie-ge power)
=== CLKREQ assert (gpio0 pin 162) ===
gpio0[162] @ 0x39a000288: 0x00074a10 -> 0x00074a12 (read-back 0x00074a12)
settled 1 ms after CLKREQ assert

=== PERSTN deassert (gpio0 pin 165) ===
gpio0 probe: read32(0x39a000000) = 0x008742c0
gpio0[165] @ 0x39a000294: 0x00074a02 -> 0x00074a02 (read-back 0x00074a02)
gpio0[165] @ 0x39a000294: 0x00074a02 -> 0x00074a03 (read-back 0x00074a03)
settled 100 ms after deassert


p.pcie_init raised: UartTimeout: Expected 1 bytes, got 0 bytes

=== PCIe controller register dump ===
SKIPPED: p.pcie_init() raised -- m1n1 is not responding.

[liveness] ECAM walk: m1n1 not responding, skipping

=== enable NIC ===
No class-0x02 device found.
```
[ahmed@admin AppleSiliconM4]$ 

