[ahmed@admin AppleSiliconM4]$ ./Scripts/m1n1/perstn-run.sh O
[sudo] password for ahmed: 
TTY> Initialized dockchannel UART at 0x388128000
TTY> Device info:
TTY>   Model: Mac16,10
TTY>   Target: J773g
TTY>   Board-ID: 0x2a
TTY>   Chip-ID: 0x8132
TTY> 
TTY> CPU init (MIDR: 0x611f0531 smp_id:0x6)...
TTY>   CPU part: 0x53 rev: 0x11
TTY>   CPU: M4 Donan (P core)
TTY> 
TTY> boot_args at 0x10002938000
TTY>   revision:     3
TTY>   version:      2
TTY>   virt_base:    0xb0f0000
TTY>   phys_base:    0x100010f0000
TTY>   mem_size:     0x3df834000
TTY>   top_of_kdata: 0x10002948000
TTY>   video:
TTY>     base:       0x103e5234000
TTY>     display:    0x1
TTY>     stride:     0xa00
TTY>     width:      640
TTY>     height:     1136
TTY>     depth:      32bpp
TTY>     density:    1
TTY>   machine_type: 0
TTY>   devtree:      0xc0ec000
TTY>   devtree_size: 0x68000
TTY>   cmdline:      
TTY>   boot_flags:   0x0
TTY>   mem_size_act: 0x400000000
TTY> 
TTY> 
TTY> 
TTY> m1n1 v1.6.0-rc1-56-g6b277bc
TTY> Copyright The Asahi Linux Contributors
TTY> Licensed under the MIT license
TTY> 
TTY> Running in EL2
TTY> 
TTY> OS FW version: 15.1 (iBoot-11881.41.5)
TTY> System FW version: 15.1 (iBoot-11881.41.5)
TTY> Heap base: 0x10002948000
TTY> MCC: Unsupported version:mcc,t8132
TTY> MMU: Initializing...
TTY> MMU: RAM base: 0x10000000000
TTY> MMU: Top of normal RAM: 0x103e0924000
TTY> MMU: Adding Device-nGnRE mapping at 0x1c50000000 (0x4000)
TTY> MMU: Adding Device-nGnRE mapping at 0x1c60000000 (0x4000)
TTY> MMU: Adding Device-nGnRE mapping at 0x1c70000000 (0x4000)
TTY> MMU: Adding Device-nGnRE mapping at 0x1c80000000 (0x4000)
TTY> MMU: Adding Device-nGnRE mapping at 0x1cb0000000 (0x14000)
TTY> MMU: Adding Normal-NC mapping at 0x103fff1c000 (0x20000)
TTY> MMU: Adding Normal-NC mapping at 0x103ffe6c000 (0x10000)
TTY> MMU: Adding Normal-NC mapping at 0x103ffe4c000 (0x20000)
TTY> MMU: Adding Normal-NC mapping at 0x103ffddc000 (0x10000)
TTY> MMU: Adding Normal-NC mapping at 0x103ffdbc000 (0x20000)
TTY> MMU: Adding Normal-NC mapping at 0x103ffd4c000 (0x10000)
TTY> MMU: Adding Normal-NC mapping at 0x103fffb8000 (0x4000)
TTY> MMU: Adding Normal-NC mapping at 0x103fff70000 (0x4000)
TTY> MMU: SCTLR_EL1: 30000180 -> 30901085
TTY> MMU: running with MMU and caches enabled!
TTY> AIC: Version 3 @ 0x381000000
TTY> AIC: AIC3 with 1/2 dies, 2048/4096 IRQs, reg_size:40004, config:10000, extintrcfg_stride:04a00, intmaskset_stride:04a00, intmaskclear_stride:04a00
TTY> Primary WDT register @ 0x3882b0000
TTY> Primary WDT disabled
TTY> Secondary WDT register @ 0x3882b8008
TTY> Secondary WDT disabled
TTY> pmgr: Cleaning up device states...
TTY> pmgr: initialized, 392 devices on 1 dies found.
TTY> display: Display is external
TTY> display: Dummy framebuffer found, initializing display
TTY> dart: dart /arm-io/dart-dcp at 0x30a340000 is a t8110 (locked)
TTY> dart: dart /arm-io/dart-disp0 at 0x30a300000 is a t8110 (locked)
TTY> dart: dart /arm-io/dart-disp0.0.0 L1 0 is real-time at 0x103fff1c000
TTY> dart: allocating L2 tbl at 0, 1 to 0x103fff24000
TTY> rtkit(dcp): booting with version 12
TTY> rtkit(dcp): unknown system endpoint 0x0a
TTY> rtkit(dcp): pre-allocated buffer (ep 0x1, dva 0x100025eb000, phys 0x103e51a3000)
TTY> rtkit(dcp): unknown oslog message 105ff8010002604
TTY> rtkit(dcp): unknown oslog message 3010042100000a1
TTY> rtkit(dcp): unknown oslog message 4000020d51e4021
TTY> rtkit(dcp): unknown oslog message 4000040d28078a1
TTY> rtkit(dcp): unknown oslog message 4000060d51e4001
TTY> AFK: ring buffer size mismatch
TTY> AFK: ring buffer size mismatch
TTY> dcp-iboot: failed to initialize disp0 service
TTY> display: failed to initialize DCP iBoot interface
TTY> rtkit(dcp): IOP crashed!
TTY> rtkit(dcp): == CRASH INFO ==
TTY> rtkit(dcp):   Message 1: ASSERT!Messenger.c:299 0xc0000000000000 0x7 
TTY> rtkit(dcp):   0x43766572
TTY> rtkit(dcp):   0x4374696d
TTY> rtkit(dcp):   0x43637374
TTY> rtkit(dcp):   0x4372746b
TTY> rtkit(dcp):   0x43617343
TTY> rtkit(dcp):   0x436d6278
TTY> rtkit(dcp):   0x43636470
TTY> rtkit(dcp):   0x43706374
TTY> rtkit(dcp):   0x43737461
TTY> rtkit(dcp):   0x43737461
TTY> rtkit(dcp): IOP died during shutdown
TTY> fb init: 640x1136 (32) [s=640] @0x103e5234000
TTY> fb console: max rows 35, max cols 40
TTY> fb: display logo
TTY> cpufreq: Chip 0x8132 is unsupported
TTY> Initialization complete.
TTY> Checking for payloads...
TTY> Devicetree compatible value: apple,j773g
TTY> Unknown payload at 0x100022bc000 (magic: 5b41464b)
TTY> No valid payload found
TTY> dart: dart /arm-io/dart-usb0 at 0x402f80000 is a t8110
TTY> USB0: initialized at 0x10002d36030
TTY> dart: dart /arm-io/dart-usb1 at 0x40af80000 is a t8110
TTY> USB1: initialized at 0x10002d36360
TTY> dart: dart /arm-io/dart-usb2 at 0x412f80000 is a t8110
TTY> USB2: initialized at 0x10002d36690
TTY> dart: dart /arm-io/dart-usb3 at 0x41af80000 is a t8110
TTY> USB3: initialized at 0x10002d369c0
TTY> Running proxy...
m1n1 base: 0x100021b0000
Fetching ADT (0x00068000 bytes)...
[pcie_up] === Phase 3.3 pcie_up ===
[pcie_up] building ApcieMap from ADT...
[pcie_up] [flush:adt-map] wrote partial log (2392 bytes) to /tmp/m4-recon/nic-runtime.txt
[pcie_up] dumping apcie-phy-ip-{pll,auspma}-tunables report...
[pcie_up] [flush:phy-ip-report] wrote partial log (18402 bytes) to /tmp/m4-recon/nic-runtime.txt
[pcie_up] dumping apcie-{cio3pllcore,pcieclkgen}-tunables report...
[pcie_up] [flush:extra-tunables-report] wrote partial log (26069 bytes) to /tmp/m4-recon/nic-runtime.txt
[pcie_up] SMC power on apcie fabric...
[mgmt] Starting via message
[mgmt] Supported versions 12 .. 12
[mgmt] Adding endpoint 0x0
[mgmt] Adding endpoint 0x1
[mgmt] Adding endpoint 0x2
[mgmt] Adding endpoint 0x3
[mgmt] Adding endpoint 0x4
[mgmt] Adding endpoint 0x8
[mgmt] Adding endpoint 0x20
Starting endpoint #0x1 (crash)
Starting endpoint #0x2 (syslog)
Starting endpoint #0x3 (kdebug)
Starting endpoint #0x4 (iorep)
Starting endpoint #0x8 (iorep)
[crash] buf prealloc at dva 0x38de5c000
[iorep] buf prealloc 0x38de61000 / 0x38de61000
[iorep] start
[iorep] report!
[iorep] report!
[iorep] report!
[iorep] report!
[iorep] report!
[iorep] report!
[iorep] report!
[iorep] report!
[iorep] report!
[iorep] report!
[iorep] report!
[iorep] report!
[mgmt] IOP power state is now 0x20
[syslog] count 32, entrysize 96
[syslog] buf prealloc at dva 0x38de60000
[iorep] buf prealloc 0xff800038de66000 / 0xff800038de66000
unknown message: 0x31f10428986d339 / 0x408c0000000008 (EP=0x8)
unknown message: 0x40000209630790a / 0x309c0000000008 (EP=0x8)
unknown message: 0x40000402572ab9b / 0x20ac0000000008 (EP=0x8)
unknown message: 0x400006003168728 / 0x10bc0000000008 (EP=0x8)
[mgmt] AP power state is now 0x20
[mgmt] Startup complete
Starting endpoint #0x20 (smcep)
[smcep] Starting up
[mgmt] Stopping via message
[mgmt] AP power state is now 0x10
[mgmt] IOP power state is now 0x10
[pcie_up] [flush:smc-power] wrote partial log (26215 bytes) to /tmp/m4-recon/nic-runtime.txt
[pcie_up] CLKREQ assert on gpio0 pin 162...
[pcie_up] CLKREQ: drive gpio0[162] low (assert)
[pcie_up] [flush:clkreq] wrote partial log (26361 bytes) to /tmp/m4-recon/nic-runtime.txt
[pcie_up] PERSTN deassert on gpio0 pin 165...
[pcie_up] PERSTN cold reset: drive gpio0[165] low
[pcie_up] PERSTN: drive gpio0[165] high
[pcie_up] [flush:perstn] wrote partial log (26626 bytes) to /tmp/m4-recon/nic-runtime.txt
[pcie_up] Phase 0: PMGR gate readout (no apcie MMIO)...
[pcie_up] [flush:phase0-pmgr-state] wrote partial log (27265 bytes) to /tmp/m4-recon/nic-runtime.txt
[pcie_up] Phase 0.5: PMGR parent-chain readout (no apcie MMIO)...
[pcie_up] [flush:phase0.5-parents] wrote partial log (31476 bytes) to /tmp/m4-recon/nic-runtime.txt
[pcie_up] Phase A: single pre-PMGR probe at phy_ip_base+0...
[pcie_up] [flush:phaseA-preinit-single] wrote partial log (32516 bytes) to /tmp/m4-recon/nic-runtime.txt
[pcie_up] Phase D: direct PS-register poke for gate 151...
[pcie_up] [flush:phaseD-gate151-poke] wrote partial log (33267 bytes) to /tmp/m4-recon/nic-runtime.txt
[pcie_up] Phase E: post-Phase-D rc/axi sanity probe...
[pcie_up] [flush:phaseE-rc-axi-sanity] wrote partial log (34524 bytes) to /tmp/m4-recon/nic-runtime.txt
[pcie_up] ADT fuse recon: searching for missing t8132 fuse-bits programming source...
[pcie_up] [flush:fuse-recon] wrote partial log (38870 bytes) to /tmp/m4-recon/nic-runtime.txt
[pcie_up] Phase F: T8140 controller-init replay (pcie.c) [extra_tunables=True, extra_tunables_only='both', phycmn_first=False, phycmn_early=False, phy4_x10_early=False, phy_ip_diag=True, phy_ip_diag_at='none', reachable_scan=True, phy_ip_write_probe=False, phyif_ctrl_run=False]...
[pcie_up] [flush:phaseF.diag.F.entry.phy-common-enter] wrote partial log (39487 bytes) to /tmp/m4-recon/nic-runtime.txt
[pcie_up] [flush:phaseF.diag.F.entry.reachable-scan-enter] wrote partial log (39629 bytes) to /tmp/m4-recon/nic-runtime.txt
[pcie_up] [flush:phaseF.diag.F.entry.reachable-scan.rc_base] wrote partial log (42060 bytes) to /tmp/m4-recon/nic-runtime.txt
[pcie_up] [flush:phaseF.diag.F.entry.reachable-scan.phy_common_base] wrote partial log (43863 bytes) to /tmp/m4-recon/nic-runtime.txt
[pcie_up] [flush:phaseF.diag.F.entry.reachable-scan.phy_shared] wrote partial log (45581 bytes) to /tmp/m4-recon/nic-runtime.txt
[pcie_up] [flush:phaseF.diag.F.entry.reachable-scan.axi_base] wrote partial log (47265 bytes) to /tmp/m4-recon/nic-runtime.txt
[pcie_up] [flush:phaseF.diag.F.entry.reachable-scan-done] wrote partial log (47265 bytes) to /tmp/m4-recon/nic-runtime.txt
[pcie_up] [flush:phaseF.diag.F.entry] wrote partial log (47265 bytes) to /tmp/m4-recon/nic-runtime.txt
[pcie_up] [flush:phaseF.pre.1.pmgr_adt_power_enable('/arm-io] wrote partial log (47316 bytes) to /tmp/m4-recon/nic-runtime.txt
[pcie_up] [flush:phaseF.post.1.pmgr_adt_power_enable('/arm-io] wrote partial log (47415 bytes) to /tmp/m4-recon/nic-runtime.txt
[pcie_up] [flush:phaseF.diag.post-1.pmgr.phy-common-enter] wrote partial log (47470 bytes) to /tmp/m4-recon/nic-runtime.txt
[pcie_up] [flush:phaseF.diag.post-1.pmgr.reachable-scan-enter] wrote partial log (47620 bytes) to /tmp/m4-recon/nic-runtime.txt
[pcie_up] [flush:phaseF.diag.post-1.pmgr.reachable-scan.rc_base] wrote partial log (50051 bytes) to /tmp/m4-recon/nic-runtime.txt
[pcie_up] [flush:phaseF.diag.post-1.pmgr.reachable-scan.phy_common_base] wrote partial log (51854 bytes) to /tmp/m4-recon/nic-runtime.txt
[pcie_up] [flush:phaseF.diag.post-1.pmgr.reachable-scan.phy_shared] wrote partial log (53572 bytes) to /tmp/m4-recon/nic-runtime.txt
[pcie_up] [flush:phaseF.diag.post-1.pmgr.reachable-scan.axi_base] wrote partial log (55256 bytes) to /tmp/m4-recon/nic-runtime.txt
[pcie_up] [flush:phaseF.diag.post-1.pmgr.reachable-scan-done] wrote partial log (55256 bytes) to /tmp/m4-recon/nic-runtime.txt
[pcie_up] [flush:phaseF.diag.post-1.pmgr] wrote partial log (55256 bytes) to /tmp/m4-recon/nic-runtime.txt
[pcie_up] [flush:phaseF.pre.2.tunables apcie-axi2af-tunables] wrote partial log (55309 bytes) to /tmp/m4-recon/nic-runtime.txt
[pcie_up] [flush:phaseF.post.2.tunables apcie-axi2af-tunables] wrote partial log (55410 bytes) to /tmp/m4-recon/nic-runtime.txt
[pcie_up] [flush:phaseF.pre.3.write32(rc_base+0x4, 0) [pcie.] wrote partial log (55463 bytes) to /tmp/m4-recon/nic-runtime.txt
[pcie_up] [flush:phaseF.post.3.write32(rc_base+0x4, 0) [pcie.] wrote partial log (55555 bytes) to /tmp/m4-recon/nic-runtime.txt
[pcie_up] [flush:phaseF.skip.4] wrote partial log (55747 bytes) to /tmp/m4-recon/nic-runtime.txt
[pcie_up] [flush:phaseF.pre.5.tunables apcie-phy-tunables re] wrote partial log (55797 bytes) to /tmp/m4-recon/nic-runtime.txt
[pcie_up] [flush:phaseF.post.5.tunables apcie-phy-tunables re] wrote partial log (55895 bytes) to /tmp/m4-recon/nic-runtime.txt
[pcie_up] [flush:phaseF.diag.post-5.phy-tunables.phy-common-enter] wrote partial log (55958 bytes) to /tmp/m4-recon/nic-runtime.txt
[pcie_up] [flush:phaseF.diag.post-5.phy-tunables.reachable-scan-enter] wrote partial log (56124 bytes) to /tmp/m4-recon/nic-runtime.txt
[pcie_up] [flush:phaseF.diag.post-5.phy-tunables.reachable-scan.rc_base] wrote partial log (58555 bytes) to /tmp/m4-recon/nic-runtime.txt
[pcie_up] [flush:phaseF.diag.post-5.phy-tunables.reachable-scan.phy_common_base] wrote partial log (60358 bytes) to /tmp/m4-recon/nic-runtime.txt
[pcie_up] [flush:phaseF.diag.post-5.phy-tunables.reachable-scan.phy_shared] wrote partial log (62076 bytes) to /tmp/m4-recon/nic-runtime.txt
[pcie_up] [flush:phaseF.diag.post-5.phy-tunables.reachable-scan.axi_base] wrote partial log (63760 bytes) to /tmp/m4-recon/nic-runtime.txt
[pcie_up] [flush:phaseF.diag.post-5.phy-tunables.reachable-scan-done] wrote partial log (63760 bytes) to /tmp/m4-recon/nic-runtime.txt
[pcie_up] [flush:phaseF.diag.post-5.phy-tunables] wrote partial log (63760 bytes) to /tmp/m4-recon/nic-runtime.txt
[pcie_up] [flush:phaseF.pre.5.5.a.tunables apcie-cio3pllcore] wrote partial log (64029 bytes) to /tmp/m4-recon/nic-runtime.txt
[pcie_up] [flush:phaseF.post.5.5.a.tunables apcie-cio3pllcore] wrote partial log (64148 bytes) to /tmp/m4-recon/nic-runtime.txt
[pcie_up] [flush:phaseF.pre.5.5.b.tunables apcie-pcieclkgen-] wrote partial log (64413 bytes) to /tmp/m4-recon/nic-runtime.txt
[pcie_up] [flush:phaseF.post.5.5.b.tunables apcie-pcieclkgen-] wrote partial log (64531 bytes) to /tmp/m4-recon/nic-runtime.txt
[pcie_up] [flush:phaseF.diag.post-5.5.extra-tunables.phy-common-enter] wrote partial log (64598 bytes) to /tmp/m4-recon/nic-runtime.txt
[pcie_up] [flush:phaseF.diag.post-5.5.extra-tunables.reachable-scan-enter] wrote partial log (64772 bytes) to /tmp/m4-recon/nic-runtime.txt
[pcie_up] [flush:phaseF.diag.post-5.5.extra-tunables.reachable-scan.rc_base] wrote partial log (67203 bytes) to /tmp/m4-recon/nic-runtime.txt
[pcie_up] [flush:phaseF.diag.post-5.5.extra-tunables.reachable-scan.phy_common_base] wrote partial log (69006 bytes) to /tmp/m4-recon/nic-runtime.txt
[pcie_up] [flush:phaseF.diag.post-5.5.extra-tunables.reachable-scan.phy_shared] wrote partial log (70724 bytes) to /tmp/m4-recon/nic-runtime.txt
[pcie_up] [flush:phaseF.diag.post-5.5.extra-tunables.reachable-scan.axi_base] wrote partial log (72408 bytes) to /tmp/m4-recon/nic-runtime.txt
[pcie_up] [flush:phaseF.diag.post-5.5.extra-tunables.reachable-scan-done] wrote partial log (72408 bytes) to /tmp/m4-recon/nic-runtime.txt
[pcie_up] [flush:phaseF.diag.post-5.5.extra-tunables] wrote partial log (72408 bytes) to /tmp/m4-recon/nic-runtime.txt
[pcie_up] [flush:phaseF.pre.6.a.set32(phy_shared+0, CLK0REQ=] wrote partial log (72458 bytes) to /tmp/m4-recon/nic-runtime.txt
[pcie_up] [flush:phaseF.post.6.a.set32(phy_shared+0, CLK0REQ=] wrote partial log (72565 bytes) to /tmp/m4-recon/nic-runtime.txt
[pcie_up] [flush:phaseF.pre.6.b.poll_CLK0ACK] wrote partial log (72649 bytes) to /tmp/m4-recon/nic-runtime.txt
[pcie_up] [flush:phaseF.post.6.b.poll_CLK0ACK] wrote partial log (72753 bytes) to /tmp/m4-recon/nic-runtime.txt
[pcie_up] [flush:phaseF.diag.post-6.b.CLK0ACK.phy-common-enter] wrote partial log (72813 bytes) to /tmp/m4-recon/nic-runtime.txt
[pcie_up] [flush:phaseF.diag.post-6.b.CLK0ACK.reachable-scan-enter] wrote partial log (72973 bytes) to /tmp/m4-recon/nic-runtime.txt
[pcie_up] [flush:phaseF.diag.post-6.b.CLK0ACK.reachable-scan.rc_base] wrote partial log (75404 bytes) to /tmp/m4-recon/nic-runtime.txt
[pcie_up] [flush:phaseF.diag.post-6.b.CLK0ACK.reachable-scan.phy_common_base] wrote partial log (77207 bytes) to /tmp/m4-recon/nic-runtime.txt
[pcie_up] [flush:phaseF.diag.post-6.b.CLK0ACK.reachable-scan.phy_shared] wrote partial log (78925 bytes) to /tmp/m4-recon/nic-runtime.txt
[pcie_up] [flush:phaseF.diag.post-6.b.CLK0ACK.reachable-scan.axi_base] wrote partial log (80609 bytes) to /tmp/m4-recon/nic-runtime.txt
[pcie_up] [flush:phaseF.diag.post-6.b.CLK0ACK.reachable-scan-done] wrote partial log (80609 bytes) to /tmp/m4-recon/nic-runtime.txt
[pcie_up] [flush:phaseF.diag.post-6.b.CLK0ACK] wrote partial log (80609 bytes) to /tmp/m4-recon/nic-runtime.txt
[pcie_up] [flush:phaseF.pre.6.c.set32(phy_shared+0, CLK1REQ=] wrote partial log (80659 bytes) to /tmp/m4-recon/nic-runtime.txt
[pcie_up] [flush:phaseF.post.6.c.set32(phy_shared+0, CLK1REQ=] wrote partial log (80766 bytes) to /tmp/m4-recon/nic-runtime.txt
[pcie_up] [flush:phaseF.pre.6.d.poll_CLK1ACK] wrote partial log (80850 bytes) to /tmp/m4-recon/nic-runtime.txt
[pcie_up] [flush:phaseF.post.6.d.poll_CLK1ACK] wrote partial log (80954 bytes) to /tmp/m4-recon/nic-runtime.txt
[pcie_up] [flush:phaseF.diag.post-6.d.CLK1ACK.phy-common-enter] wrote partial log (81014 bytes) to /tmp/m4-recon/nic-runtime.txt
[pcie_up] [flush:phaseF.diag.post-6.d.CLK1ACK.reachable-scan-enter] wrote partial log (81174 bytes) to /tmp/m4-recon/nic-runtime.txt
[pcie_up] [flush:phaseF.diag.post-6.d.CLK1ACK.reachable-scan.rc_base] wrote partial log (83605 bytes) to /tmp/m4-recon/nic-runtime.txt
[pcie_up] [flush:phaseF.diag.post-6.d.CLK1ACK.reachable-scan.phy_common_base] wrote partial log (85408 bytes) to /tmp/m4-recon/nic-runtime.txt
[pcie_up] [flush:phaseF.diag.post-6.d.CLK1ACK.reachable-scan.phy_shared] wrote partial log (87126 bytes) to /tmp/m4-recon/nic-runtime.txt
[pcie_up] [flush:phaseF.diag.post-6.d.CLK1ACK.reachable-scan.axi_base] wrote partial log (88810 bytes) to /tmp/m4-recon/nic-runtime.txt
[pcie_up] [flush:phaseF.diag.post-6.d.CLK1ACK.reachable-scan-done] wrote partial log (88810 bytes) to /tmp/m4-recon/nic-runtime.txt
[pcie_up] [flush:phaseF.diag.post-6.d.CLK1ACK] wrote partial log (88810 bytes) to /tmp/m4-recon/nic-runtime.txt
[pcie_up] [flush:phaseF.pre.6.e.clear32(phy_shared+0, RESET=] wrote partial log (88860 bytes) to /tmp/m4-recon/nic-runtime.txt
[pcie_up] [flush:phaseF.post.6.e.clear32(phy_shared+0, RESET=] wrote partial log (88967 bytes) to /tmp/m4-recon/nic-runtime.txt
[pcie_up] [flush:phaseF.pre.6.f.readback-enter] wrote partial log (89026 bytes) to /tmp/m4-recon/nic-runtime.txt
[pcie_up] [flush:phaseF.pre.6.f.readback] wrote partial log (89117 bytes) to /tmp/m4-recon/nic-runtime.txt
[pcie_up] [flush:phaseF.pre.6.f.set32(phy_shared+4, 0x01) [T] wrote partial log (89184 bytes) to /tmp/m4-recon/nic-runtime.txt
[pcie_up] [flush:phaseF.post.6.f.set32(phy_shared+4, 0x01) [T] wrote partial log (89299 bytes) to /tmp/m4-recon/nic-runtime.txt
[pcie_up] [flush:phaseF.post.6.f.readback-enter] wrote partial log (89359 bytes) to /tmp/m4-recon/nic-runtime.txt
[pcie_up] [flush:phaseF.post.6.f.readback] wrote partial log (89452 bytes) to /tmp/m4-recon/nic-runtime.txt
[pcie_up] [flush:phaseF.diag.post-6.f.T8140-marker.phy-common-enter] wrote partial log (89517 bytes) to /tmp/m4-recon/nic-runtime.txt
[pcie_up] [flush:phaseF.diag.post-6.f.T8140-marker.reachable-scan-enter] wrote partial log (89687 bytes) to /tmp/m4-recon/nic-runtime.txt
[pcie_up] [flush:phaseF.diag.post-6.f.T8140-marker.reachable-scan.rc_base] wrote partial log (92118 bytes) to /tmp/m4-recon/nic-runtime.txt
[pcie_up] [flush:phaseF.diag.post-6.f.T8140-marker.reachable-scan.phy_common_base] wrote partial log (93921 bytes) to /tmp/m4-recon/nic-runtime.txt
[pcie_up] [flush:phaseF.diag.post-6.f.T8140-marker.reachable-scan.phy_shared] wrote partial log (95639 bytes) to /tmp/m4-recon/nic-runtime.txt
[pcie_up] [flush:phaseF.diag.post-6.f.T8140-marker.reachable-scan.axi_base] wrote partial log (97323 bytes) to /tmp/m4-recon/nic-runtime.txt
[pcie_up] [flush:phaseF.diag.post-6.f.T8140-marker.reachable-scan-done] wrote partial log (97323 bytes) to /tmp/m4-recon/nic-runtime.txt
[pcie_up] [flush:phaseF.diag.post-6.f.T8140-marker] wrote partial log (97323 bytes) to /tmp/m4-recon/nic-runtime.txt
[pcie_up] [flush:phaseF.plan.6.g] wrote partial log (97673 bytes) to /tmp/m4-recon/nic-runtime.txt
[pcie_up] [flush:phaseF.raise.6.g.0] wrote partial log (97755 bytes) to /tmp/m4-recon/nic-runtime.txt


