[ahmed@admin AppleSiliconM4]$ ./Scripts/m1n1/perstn-run.sh 3
[sudo] password for ahmed: 
TTY> Initialized dockchannel UART at 0x388128000
TTY> Device info:
TTY>   Model: Mac16,10
TTY>   Target: J773g
TTY>   Board-ID: 0x2a
TTY>   Chip-ID: 0x8132
TTY> 
TTY> CPU init (MIDR: 0x611f0531 smp_id:0x6)...
TTY>   CPU part: 0x53 rev: 0x11
TTY>   CPU: M4 Donan (P core)
TTY> 
TTY> boot_args at 0x10003dd0000
TTY>   revision:     3
TTY>   version:      2
TTY>   virt_base:    0x50f0000
TTY>   phys_base:    0x100010f0000
TTY>   mem_size:     0x3df834000
TTY>   top_of_kdata: 0x10003de0000
TTY>   video:
TTY>     base:       0x103e5234000
TTY>     display:    0x1
TTY>     stride:     0xa00
TTY>     width:      640
TTY>     height:     1136
TTY>     depth:      32bpp
TTY>     density:    1
TTY>   machine_type: 0
TTY>   devtree:      0x7584000
TTY>   devtree_size: 0x68000
TTY>   cmdline:      
TTY>   boot_flags:   0x0
TTY>   mem_size_act: 0x400000000
TTY> 
TTY> 
TTY> 
TTY> m1n1 v1.6.0-rc1-56-g6b277bc
TTY> Copyright The Asahi Linux Contributors
TTY> Licensed under the MIT license
TTY> 
TTY> Running in EL2
TTY> 
TTY> OS FW version: 15.1 (iBoot-11881.41.5)
TTY> System FW version: 15.1 (iBoot-11881.41.5)
TTY> Heap base: 0x10003de0000
TTY> MCC: Unsupported version:mcc,t8132
TTY> MMU: Initializing...
TTY> MMU: RAM base: 0x10000000000
TTY> MMU: Top of normal RAM: 0x103e0924000
TTY> MMU: Adding Device-nGnRE mapping at 0x1c50000000 (0x4000)
TTY> MMU: Adding Device-nGnRE mapping at 0x1c60000000 (0x4000)
TTY> MMU: Adding Device-nGnRE mapping at 0x1c70000000 (0x4000)
TTY> MMU: Adding Device-nGnRE mapping at 0x1c80000000 (0x4000)
TTY> MMU: Adding Device-nGnRE mapping at 0x1cb0000000 (0x14000)
TTY> MMU: Adding Normal-NC mapping at 0x103fff1c000 (0x20000)
TTY> MMU: Adding Normal-NC mapping at 0x103ffe6c000 (0x10000)
TTY> MMU: Adding Normal-NC mapping at 0x103ffe4c000 (0x20000)
TTY> MMU: Adding Normal-NC mapping at 0x103ffddc000 (0x10000)
TTY> MMU: Adding Normal-NC mapping at 0x103ffdbc000 (0x20000)
TTY> MMU: Adding Normal-NC mapping at 0x103ffd4c000 (0x10000)
TTY> MMU: Adding Normal-NC mapping at 0x103fffb8000 (0x4000)
TTY> MMU: Adding Normal-NC mapping at 0x103fff70000 (0x4000)
TTY> MMU: SCTLR_EL1: 30000180 -> 30901085
TTY> MMU: running with MMU and caches enabled!
TTY> AIC: Version 3 @ 0x381000000
TTY> AIC: AIC3 with 1/2 dies, 2048/4096 IRQs, reg_size:40004, config:10000, extintrcfg_stride:04a00, intmaskset_stride:04a00, intmaskclear_stride:04a00
TTY> Primary WDT register @ 0x3882b0000
TTY> Primary WDT disabled
TTY> Secondary WDT register @ 0x3882b8008
TTY> Secondary WDT disabled
TTY> pmgr: Cleaning up device states...
TTY> pmgr: initialized, 392 devices on 1 dies found.
TTY> display: Display is external
TTY> display: Dummy framebuffer found, initializing display
TTY> dart: dart /arm-io/dart-dcp at 0x30a340000 is a t8110 (locked)
TTY> dart: dart /arm-io/dart-disp0 at 0x30a300000 is a t8110 (locked)
TTY> dart: dart /arm-io/dart-disp0.0.0 L1 0 is real-time at 0x103fff1c000
TTY> dart: allocating L2 tbl at 0, 1 to 0x103fff24000
TTY> dcp: Mapping segment #2 10003754000 -> 10003754000 [24000]
TTY> rtkit(dcp): booting with version 12
TTY> rtkit(dcp): unknown system endpoint 0x0a
TTY> rtkit(dcp): pre-allocated buffer (ep 0x1, dva 0x100025eb000, phys 0x103e51a3000)
TTY> rtkit(dcp): unknown oslog message 105ff8010002604
TTY> rtkit(dcp): unknown oslog message 3010042100000a1
TTY> rtkit(dcp): unknown oslog message 4000020d51e4021
TTY> rtkit(dcp): unknown oslog message 4000040d28078a1
TTY> rtkit(dcp): unknown oslog message 4000060d51e4001
TTY> AFK: ring buffer size mismatch
TTY> AFK: ring buffer size mismatch
TTY> dcp-iboot: failed to initialize disp0 service
TTY> display: failed to initialize DCP iBoot interface
TTY> rtkit(dcp): IOP crashed!
TTY> rtkit(dcp): == CRASH INFO ==
TTY> rtkit(dcp):   Message 1: ASSERT!Messenger.c:299 0xc0000000000000 0x7 
TTY> rtkit(dcp):   0x43766572
TTY> rtkit(dcp):   0x4374696d
TTY> rtkit(dcp):   0x43637374
TTY> rtkit(dcp):   0x4372746b
TTY> rtkit(dcp):   0x43617343
TTY> rtkit(dcp):   0x436d6278
TTY> rtkit(dcp):   0x43636470
TTY> rtkit(dcp):   0x43706374
TTY> rtkit(dcp):   0x43737461
TTY> rtkit(dcp):   0x43737461
TTY> rtkit(dcp): IOP died during shutdown
TTY> fb init: 640x1136 (32) [s=640] @0x103e5234000
TTY> fb console: max rows 35, max cols 40
TTY> fb: display logo
TTY> cpufreq: Chip 0x8132 is unsupported
TTY> Initialization complete.
TTY> Checking for payloads...
TTY> Devicetree compatible value: apple,j773g
TTY> Unknown payload at 0x10003754000 (magic: 5b41464b)
TTY> No valid payload found
TTY> dart: dart /arm-io/dart-usb0 at 0x402f80000 is a t8110
TTY> USB0: initialized at 0x100041ce030
TTY> dart: dart /arm-io/dart-usb1 at 0x40af80000 is a t8110
TTY> USB1: initialized at 0x100041ce360
TTY> dart: dart /arm-io/dart-usb2 at 0x412f80000 is a t8110
TTY> USB2: initialized at 0x100041ce690
TTY> dart: dart /arm-io/dart-usb3 at 0x41af80000 is a t8110
TTY> USB3: initialized at 0x100041ce9c0
TTY> Running proxy...
m1n1 base: 0x10003648000
Fetching ADT (0x00068000 bytes)...
[pcie_up] === Phase 3.3 pcie_up ===
[pcie_up] building ApcieMap from ADT...
[pcie_up] [flush:adt-map] wrote partial log (2430 bytes) to /tmp/m4-recon/nic-runtime.txt
[pcie_up] dumping apcie-phy-ip-{pll,auspma}-tunables report...
[pcie_up] [flush:phy-ip-report] wrote partial log (18440 bytes) to /tmp/m4-recon/nic-runtime.txt
[pcie_up] dumping apcie-{cio3pllcore,pcieclkgen}-tunables report...
[pcie_up] [flush:extra-tunables-report] wrote partial log (26107 bytes) to /tmp/m4-recon/nic-runtime.txt
[pcie_up] SMC power on apcie fabric...
[mgmt] Starting via message
[mgmt] Supported versions 12 .. 12
[mgmt] Adding endpoint 0x0
[mgmt] Adding endpoint 0x1
[mgmt] Adding endpoint 0x2
[mgmt] Adding endpoint 0x3
[mgmt] Adding endpoint 0x4
[mgmt] Adding endpoint 0x8
[mgmt] Adding endpoint 0x20
Starting endpoint #0x1 (crash)
Starting endpoint #0x2 (syslog)
Starting endpoint #0x3 (kdebug)
Starting endpoint #0x4 (iorep)
Starting endpoint #0x8 (iorep)
[crash] buf prealloc at dva 0x38de5c000
[iorep] buf prealloc 0x38de61000 / 0x38de61000
[iorep] start
[iorep] report!
[iorep] report!
[iorep] report!
[iorep] report!
[iorep] report!
[iorep] report!
[iorep] report!
[iorep] report!
[iorep] report!
[iorep] report!
[iorep] report!
[iorep] report!
[mgmt] IOP power state is now 0x20
[syslog] count 32, entrysize 96
[syslog] buf prealloc at dva 0x38de60000
[iorep] buf prealloc 0xff800038de66000 / 0xff800038de66000
unknown message: 0x31f10428986d339 / 0x408c0000000008 (EP=0x8)
unknown message: 0x40000209630790a / 0x309c0000000008 (EP=0x8)
unknown message: 0x40000402572ab9b / 0x20ac0000000008 (EP=0x8)
unknown message: 0x400006003168728 / 0x10bc0000000008 (EP=0x8)
[mgmt] AP power state is now 0x20
[mgmt] Startup complete
Starting endpoint #0x20 (smcep)
[smcep] Starting up
[mgmt] Stopping via message
[mgmt] AP power state is now 0x10
[mgmt] IOP power state is now 0x10
[pcie_up] [flush:smc-power] wrote partial log (26253 bytes) to /tmp/m4-recon/nic-runtime.txt
[pcie_up] CLKREQ assert on gpio0 pin 162...
[pcie_up] CLKREQ: drive gpio0[162] low (assert)
[pcie_up] [flush:clkreq] wrote partial log (26399 bytes) to /tmp/m4-recon/nic-runtime.txt
[pcie_up] PERSTN deassert on gpio0 pin 165...
[pcie_up] PERSTN cold reset: drive gpio0[165] low
[pcie_up] PERSTN: drive gpio0[165] high
[pcie_up] [flush:perstn] wrote partial log (26664 bytes) to /tmp/m4-recon/nic-runtime.txt
[pcie_up] Phase 0: PMGR gate readout (no apcie MMIO)...
[pcie_up] [flush:phase0-pmgr-state] wrote partial log (27303 bytes) to /tmp/m4-recon/nic-runtime.txt
[pcie_up] Phase 0.5: PMGR parent-chain readout (no apcie MMIO)...
[pcie_up] [flush:phase0.5-parents] wrote partial log (31514 bytes) to /tmp/m4-recon/nic-runtime.txt
[pcie_up] Phase A: single pre-PMGR probe at phy_ip_base+0...
[pcie_up] [flush:phaseA-preinit-single] wrote partial log (32554 bytes) to /tmp/m4-recon/nic-runtime.txt
[pcie_up] Phase D: direct PS-register poke for gate 151...
[pcie_up] [flush:phaseD-gate151-poke] wrote partial log (33305 bytes) to /tmp/m4-recon/nic-runtime.txt
[pcie_up] Phase E: post-Phase-D rc/axi sanity probe...
[pcie_up] [flush:phaseE-rc-axi-sanity] wrote partial log (34562 bytes) to /tmp/m4-recon/nic-runtime.txt
[pcie_up] ADT fuse recon: searching for missing t8132 fuse-bits programming source...
[pcie_up] [flush:fuse-recon] wrote partial log (38908 bytes) to /tmp/m4-recon/nic-runtime.txt
[pcie_up] Phase F: T8140 controller-init replay (pcie.c) [extra_tunables=False, extra_tunables_only='both', phycmn_first=False, phycmn_early=True, phy4_x10_early=False, phy_ip_diag=True, phy_ip_diag_at='none', reachable_scan=True, phy_ip_write_probe=False, naked_write_test=True, axi2af_naked_apply=True, pcieclkgen_naked_apply_to='axi_sub5_base', cio3pllcore_naked_apply_to='phy_common_base', phyif_ctrl_run=False]...
[pcie_up] [flush:phaseF.diag.F.entry.phy-common-enter] wrote partial log (39525 bytes) to /tmp/m4-recon/nic-runtime.txt
[pcie_up] [flush:phaseF.diag.F.entry.reachable-scan-enter] wrote partial log (39667 bytes) to /tmp/m4-recon/nic-runtime.txt
[pcie_up] [flush:phaseF.diag.F.entry.reachable-scan.rc_base] wrote partial log (42110 bytes) to /tmp/m4-recon/nic-runtime.txt
[pcie_up] [flush:phaseF.diag.F.entry.reachable-scan.phy_common_base] wrote partial log (43925 bytes) to /tmp/m4-recon/nic-runtime.txt
[pcie_up] [flush:phaseF.diag.F.entry.reachable-scan.phy_common_base] wrote partial log (57741 bytes) to /tmp/m4-recon/nic-runtime.txt
[pcie_up] [flush:phaseF.diag.F.entry.reachable-scan.phy_shared] wrote partial log (59471 bytes) to /tmp/m4-recon/nic-runtime.txt
[pcie_up] [flush:phaseF.diag.F.entry.reachable-scan.axi_base] wrote partial log (61167 bytes) to /tmp/m4-recon/nic-runtime.txt
[pcie_up] [flush:phaseF.diag.F.entry.reachable-scan-done] wrote partial log (61327 bytes) to /tmp/m4-recon/nic-runtime.txt
[pcie_up] [flush:phaseF.diag.F.entry] wrote partial log (61327 bytes) to /tmp/m4-recon/nic-runtime.txt
[pcie_up] [flush:phaseF.pre.1.pmgr_adt_power_enable('/arm-io] wrote partial log (61378 bytes) to /tmp/m4-recon/nic-runtime.txt
[pcie_up] [flush:phaseF.post.1.pmgr_adt_power_enable('/arm-io] wrote partial log (61477 bytes) to /tmp/m4-recon/nic-runtime.txt
[pcie_up] [flush:phaseF.diag.post-1.pmgr.phy-common-enter] wrote partial log (61532 bytes) to /tmp/m4-recon/nic-runtime.txt
[pcie_up] [flush:phaseF.diag.post-1.pmgr.reachable-scan-enter] wrote partial log (61682 bytes) to /tmp/m4-recon/nic-runtime.txt
[pcie_up] [flush:phaseF.diag.post-1.pmgr.reachable-scan.rc_base] wrote partial log (64125 bytes) to /tmp/m4-recon/nic-runtime.txt
[pcie_up] [flush:phaseF.diag.post-1.pmgr.reachable-scan.phy_common_base] wrote partial log (65940 bytes) to /tmp/m4-recon/nic-runtime.txt
[pcie_up] [flush:phaseF.diag.post-1.pmgr.reachable-scan.phy_common_base] wrote partial log (79756 bytes) to /tmp/m4-recon/nic-runtime.txt
[pcie_up] [flush:phaseF.diag.post-1.pmgr.reachable-scan.phy_shared] wrote partial log (81486 bytes) to /tmp/m4-recon/nic-runtime.txt
[pcie_up] [flush:phaseF.diag.post-1.pmgr.reachable-scan.axi_base] wrote partial log (83182 bytes) to /tmp/m4-recon/nic-runtime.txt
[pcie_up] [flush:phaseF.diag.post-1.pmgr.reachable-scan-done] wrote partial log (83342 bytes) to /tmp/m4-recon/nic-runtime.txt
[pcie_up] [flush:phaseF.diag.post-1.pmgr] wrote partial log (83342 bytes) to /tmp/m4-recon/nic-runtime.txt
[pcie_up] [flush:phaseF.pre.2.tunables apcie-axi2af-tunables] wrote partial log (83395 bytes) to /tmp/m4-recon/nic-runtime.txt
[pcie_up] [flush:phaseF.post.2.tunables apcie-axi2af-tunables] wrote partial log (83496 bytes) to /tmp/m4-recon/nic-runtime.txt
[pcie_up] [flush:phaseF.pre.3.write32(rc_base+0x4, 0) [pcie.] wrote partial log (83549 bytes) to /tmp/m4-recon/nic-runtime.txt
[pcie_up] [flush:phaseF.post.3.write32(rc_base+0x4, 0) [pcie.] wrote partial log (83641 bytes) to /tmp/m4-recon/nic-runtime.txt
[pcie_up] [flush:phaseF.skip.4] wrote partial log (83833 bytes) to /tmp/m4-recon/nic-runtime.txt
[pcie_up] [flush:phaseF.pre.5.tunables apcie-phy-tunables re] wrote partial log (83883 bytes) to /tmp/m4-recon/nic-runtime.txt
[pcie_up] [flush:phaseF.post.5.tunables apcie-phy-tunables re] wrote partial log (83981 bytes) to /tmp/m4-recon/nic-runtime.txt
[pcie_up] [flush:phaseF.diag.post-5.phy-tunables.phy-common-enter] wrote partial log (84044 bytes) to /tmp/m4-recon/nic-runtime.txt
[pcie_up] [flush:phaseF.diag.post-5.phy-tunables.reachable-scan-enter] wrote partial log (84210 bytes) to /tmp/m4-recon/nic-runtime.txt
[pcie_up] [flush:phaseF.diag.post-5.phy-tunables.reachable-scan.rc_base] wrote partial log (86653 bytes) to /tmp/m4-recon/nic-runtime.txt
[pcie_up] [flush:phaseF.diag.post-5.phy-tunables.reachable-scan.phy_common_base] wrote partial log (88468 bytes) to /tmp/m4-recon/nic-runtime.txt
[pcie_up] [flush:phaseF.diag.post-5.phy-tunables.reachable-scan.phy_common_base] wrote partial log (102284 bytes) to /tmp/m4-recon/nic-runtime.txt
[pcie_up] [flush:phaseF.diag.post-5.phy-tunables.reachable-scan.phy_shared] wrote partial log (104014 bytes) to /tmp/m4-recon/nic-runtime.txt
[pcie_up] [flush:phaseF.diag.post-5.phy-tunables.reachable-scan.axi_base] wrote partial log (105710 bytes) to /tmp/m4-recon/nic-runtime.txt
[pcie_up] [flush:phaseF.diag.post-5.phy-tunables.reachable-scan-done] wrote partial log (105870 bytes) to /tmp/m4-recon/nic-runtime.txt
[pcie_up] [flush:phaseF.diag.post-5.phy-tunables] wrote partial log (105870 bytes) to /tmp/m4-recon/nic-runtime.txt
[pcie_up] [flush:phaseF.naked-write.enter] wrote partial log (106421 bytes) to /tmp/m4-recon/nic-runtime.txt
[pcie_up] [flush:phaseF.naked-write.pre.axi_sub5_base+0x00] wrote partial log (106534 bytes) to /tmp/m4-recon/nic-runtime.txt
[pcie_up] [flush:phaseF.naked-write.write.axi_sub5_base+0x00] wrote partial log (106706 bytes) to /tmp/m4-recon/nic-runtime.txt
[pcie_up] [flush:phaseF.naked-write.post.axi_sub5_base+0x00] wrote partial log (106792 bytes) to /tmp/m4-recon/nic-runtime.txt
[pcie_up] [flush:phaseF.naked-write.done.axi_sub5_base+0x00] wrote partial log (106938 bytes) to /tmp/m4-recon/nic-runtime.txt
[pcie_up] [flush:phaseF.naked-write.pre.axi_sub6_base+0x00] wrote partial log (107051 bytes) to /tmp/m4-recon/nic-runtime.txt
[pcie_up] [flush:phaseF.naked-write.write.axi_sub6_base+0x00] wrote partial log (107223 bytes) to /tmp/m4-recon/nic-runtime.txt
[pcie_up] [flush:phaseF.naked-write.post.axi_sub6_base+0x00] wrote partial log (107309 bytes) to /tmp/m4-recon/nic-runtime.txt
[pcie_up] [flush:phaseF.naked-write.done.axi_sub6_base+0x00] wrote partial log (107457 bytes) to /tmp/m4-recon/nic-runtime.txt
[pcie_up] [flush:phaseF.naked-write.pre.rc_base+0x54] wrote partial log (107562 bytes) to /tmp/m4-recon/nic-runtime.txt
[pcie_up] [flush:phaseF.naked-write.write.rc_base+0x54] wrote partial log (107640 bytes) to /tmp/m4-recon/nic-runtime.txt
[pcie_up] [flush:phaseF.naked-write.post.rc_base+0x54] wrote partial log (107720 bytes) to /tmp/m4-recon/nic-runtime.txt
[pcie_up] [flush:phaseF.naked-write.done.rc_base+0x54] wrote partial log (107860 bytes) to /tmp/m4-recon/nic-runtime.txt
[pcie_up] [flush:phaseF.naked-write.pre.rc_base+0x100] wrote partial log (107975 bytes) to /tmp/m4-recon/nic-runtime.txt
[pcie_up] [flush:phaseF.naked-write.write.rc_base+0x100] wrote partial log (108054 bytes) to /tmp/m4-recon/nic-runtime.txt
[pcie_up] [flush:phaseF.naked-write.post.rc_base+0x100] wrote partial log (108135 bytes) to /tmp/m4-recon/nic-runtime.txt
[pcie_up] [flush:phaseF.naked-write.done.rc_base+0x100] wrote partial log (108276 bytes) to /tmp/m4-recon/nic-runtime.txt
[pcie_up] [flush:phaseF.naked-write.pre.rc_base+0x00] wrote partial log (108375 bytes) to /tmp/m4-recon/nic-runtime.txt
[pcie_up] [flush:phaseF.naked-write.write.rc_base+0x00] wrote partial log (108453 bytes) to /tmp/m4-recon/nic-runtime.txt
[pcie_up] [flush:phaseF.naked-write.post.rc_base+0x00] wrote partial log (108533 bytes) to /tmp/m4-recon/nic-runtime.txt
[pcie_up] [flush:phaseF.naked-write.done.rc_base+0x00] wrote partial log (108673 bytes) to /tmp/m4-recon/nic-runtime.txt
[pcie_up] [flush:phaseF.naked-write.pre.rc_base+0x24] wrote partial log (108763 bytes) to /tmp/m4-recon/nic-runtime.txt
[pcie_up] [flush:phaseF.naked-write.write.rc_base+0x24] wrote partial log (108841 bytes) to /tmp/m4-recon/nic-runtime.txt
[pcie_up] [flush:phaseF.naked-write.post.rc_base+0x24] wrote partial log (108921 bytes) to /tmp/m4-recon/nic-runtime.txt
[pcie_up] [flush:phaseF.naked-write.done.rc_base+0x24] wrote partial log (109061 bytes) to /tmp/m4-recon/nic-runtime.txt
[pcie_up] [flush:phaseF.naked-write.pre.rc_base+0x28] wrote partial log (109151 bytes) to /tmp/m4-recon/nic-runtime.txt
[pcie_up] [flush:phaseF.naked-write.write.rc_base+0x28] wrote partial log (109229 bytes) to /tmp/m4-recon/nic-runtime.txt
[pcie_up] [flush:phaseF.naked-write.post.rc_base+0x28] wrote partial log (109309 bytes) to /tmp/m4-recon/nic-runtime.txt
[pcie_up] [flush:phaseF.naked-write.done.rc_base+0x28] wrote partial log (109449 bytes) to /tmp/m4-recon/nic-runtime.txt
[pcie_up] [flush:phaseF.naked-write.pre.rc_base+0x38] wrote partial log (109562 bytes) to /tmp/m4-recon/nic-runtime.txt
[pcie_up] [flush:phaseF.naked-write.write.rc_base+0x38] wrote partial log (109640 bytes) to /tmp/m4-recon/nic-runtime.txt
[pcie_up] [flush:phaseF.naked-write.post.rc_base+0x38] wrote partial log (109720 bytes) to /tmp/m4-recon/nic-runtime.txt
[pcie_up] [flush:phaseF.naked-write.done.rc_base+0x38] wrote partial log (109860 bytes) to /tmp/m4-recon/nic-runtime.txt
[pcie_up] [flush:phaseF.naked-write.pre.axi_base+0x00] wrote partial log (109959 bytes) to /tmp/m4-recon/nic-runtime.txt
[pcie_up] [flush:phaseF.naked-write.write.axi_base+0x00] wrote partial log (110038 bytes) to /tmp/m4-recon/nic-runtime.txt
[pcie_up] [flush:phaseF.naked-write.post.axi_base+0x00] wrote partial log (110119 bytes) to /tmp/m4-recon/nic-runtime.txt
[pcie_up] [flush:phaseF.naked-write.done.axi_base+0x00] wrote partial log (110260 bytes) to /tmp/m4-recon/nic-runtime.txt
[pcie_up] [flush:phaseF.naked-write.complete] wrote partial log (110261 bytes) to /tmp/m4-recon/nic-runtime.txt
[pcie_up] [flush:phaseF.diag.post-5.75.naked-write-test.phy-common-enter] wrote partial log (110331 bytes) to /tmp/m4-recon/nic-runtime.txt
[pcie_up] [flush:phaseF.diag.post-5.75.naked-write-test.reachable-scan-enter] wrote partial log (110511 bytes) to /tmp/m4-recon/nic-runtime.txt
[pcie_up] [flush:phaseF.diag.post-5.75.naked-write-test.reachable-scan.rc_base] wrote partial log (112954 bytes) to /tmp/m4-recon/nic-runtime.txt
[pcie_up] [flush:phaseF.diag.post-5.75.naked-write-test.reachable-scan.phy_common_base] wrote partial log (114769 bytes) to /tmp/m4-recon/nic-runtime.txt
[pcie_up] [flush:phaseF.diag.post-5.75.naked-write-test.reachable-scan.phy_common_base] wrote partial log (128585 bytes) to /tmp/m4-recon/nic-runtime.txt
[pcie_up] [flush:phaseF.diag.post-5.75.naked-write-test.reachable-scan.phy_shared] wrote partial log (130315 bytes) to /tmp/m4-recon/nic-runtime.txt
[pcie_up] [flush:phaseF.diag.post-5.75.naked-write-test.reachable-scan.axi_base] wrote partial log (132011 bytes) to /tmp/m4-recon/nic-runtime.txt
[pcie_up] [flush:phaseF.diag.post-5.75.naked-write-test.reachable-scan.axi_sub5_base] wrote partial log (138667 bytes) to /tmp/m4-recon/nic-runtime.txt
[pcie_up] [flush:phaseF.diag.post-5.75.naked-write-test.reachable-scan.axi_sub6_base] wrote partial log (145323 bytes) to /tmp/m4-recon/nic-runtime.txt
[pcie_up] [flush:phaseF.diag.post-5.75.naked-write-test.reachable-scan-done] wrote partial log (145323 bytes) to /tmp/m4-recon/nic-runtime.txt
[pcie_up] [flush:phaseF.diag.post-5.75.naked-write-test] wrote partial log (145323 bytes) to /tmp/m4-recon/nic-runtime.txt
[pcie_up] [flush:phaseF.naked-extra.apcie-axi2af-tunables.enter] wrote partial log (145623 bytes) to /tmp/m4-recon/nic-runtime.txt
[pcie_up] [flush:phaseF.naked-extra.pre.apcie-axi2af-tunables#0@0x0] wrote partial log (145623 bytes) to /tmp/m4-recon/nic-runtime.txt
[pcie_up] [flush:phaseF.naked-extra.done.apcie-axi2af-tunables#0@0x0] wrote partial log (145799 bytes) to /tmp/m4-recon/nic-runtime.txt
[pcie_up] [flush:phaseF.naked-extra.pre.apcie-axi2af-tunables#1@0x4] wrote partial log (145799 bytes) to /tmp/m4-recon/nic-runtime.txt
[pcie_up] [flush:phaseF.naked-extra.write.apcie-axi2af-tunables#1@0x4] wrote partial log (145892 bytes) to /tmp/m4-recon/nic-runtime.txt
[pcie_up] [flush:phaseF.naked-extra.post.apcie-axi2af-tunables#1@0x4] wrote partial log (145987 bytes) to /tmp/m4-recon/nic-runtime.txt
[pcie_up] [flush:phaseF.naked-extra.done.apcie-axi2af-tunables#1@0x4] wrote partial log (146191 bytes) to /tmp/m4-recon/nic-runtime.txt
[pcie_up] [flush:phaseF.naked-extra.pre.apcie-axi2af-tunables#2@0x8] wrote partial log (146191 bytes) to /tmp/m4-recon/nic-runtime.txt
[pcie_up] [flush:phaseF.naked-extra.write.apcie-axi2af-tunables#2@0x8] wrote partial log (146284 bytes) to /tmp/m4-recon/nic-runtime.txt
[pcie_up] [flush:phaseF.naked-extra.post.apcie-axi2af-tunables#2@0x8] wrote partial log (146379 bytes) to /tmp/m4-recon/nic-runtime.txt
[pcie_up] [flush:phaseF.naked-extra.done.apcie-axi2af-tunables#2@0x8] wrote partial log (146583 bytes) to /tmp/m4-recon/nic-runtime.txt
[pcie_up] [flush:phaseF.naked-extra.pre.apcie-axi2af-tunables#3@0xc] wrote partial log (146583 bytes) to /tmp/m4-recon/nic-runtime.txt
[pcie_up] [flush:phaseF.naked-extra.write.apcie-axi2af-tunables#3@0xc] wrote partial log (146676 bytes) to /tmp/m4-recon/nic-runtime.txt
[pcie_up] [flush:phaseF.naked-extra.post.apcie-axi2af-tunables#3@0xc] wrote partial log (146771 bytes) to /tmp/m4-recon/nic-runtime.txt
[pcie_up] [flush:phaseF.naked-extra.done.apcie-axi2af-tunables#3@0xc] wrote partial log (146975 bytes) to /tmp/m4-recon/nic-runtime.txt
[pcie_up] [flush:phaseF.naked-extra.pre.apcie-axi2af-tunables#4@0x10] wrote partial log (146975 bytes) to /tmp/m4-recon/nic-runtime.txt
[pcie_up] [flush:phaseF.naked-extra.write.apcie-axi2af-tunables#4@0x10] wrote partial log (147069 bytes) to /tmp/m4-recon/nic-runtime.txt
[pcie_up] [flush:phaseF.naked-extra.post.apcie-axi2af-tunables#4@0x10] wrote partial log (147165 bytes) to /tmp/m4-recon/nic-runtime.txt
[pcie_up] [flush:phaseF.naked-extra.done.apcie-axi2af-tunables#4@0x10] wrote partial log (147370 bytes) to /tmp/m4-recon/nic-runtime.txt
[pcie_up] [flush:phaseF.naked-extra.pre.apcie-axi2af-tunables#5@0x14] wrote partial log (147370 bytes) to /tmp/m4-recon/nic-runtime.txt
[pcie_up] [flush:phaseF.naked-extra.write.apcie-axi2af-tunables#5@0x14] wrote partial log (147464 bytes) to /tmp/m4-recon/nic-runtime.txt
[pcie_up] [flush:phaseF.naked-extra.post.apcie-axi2af-tunables#5@0x14] wrote partial log (147560 bytes) to /tmp/m4-recon/nic-runtime.txt
[pcie_up] [flush:phaseF.naked-extra.done.apcie-axi2af-tunables#5@0x14] wrote partial log (147765 bytes) to /tmp/m4-recon/nic-runtime.txt
[pcie_up] [flush:phaseF.naked-extra.pre.apcie-axi2af-tunables#6@0x18] wrote partial log (147765 bytes) to /tmp/m4-recon/nic-runtime.txt
[pcie_up] [flush:phaseF.naked-extra.write.apcie-axi2af-tunables#6@0x18] wrote partial log (147859 bytes) to /tmp/m4-recon/nic-runtime.txt
[pcie_up] [flush:phaseF.naked-extra.post.apcie-axi2af-tunables#6@0x18] wrote partial log (147955 bytes) to /tmp/m4-recon/nic-runtime.txt
[pcie_up] [flush:phaseF.naked-extra.done.apcie-axi2af-tunables#6@0x18] wrote partial log (148160 bytes) to /tmp/m4-recon/nic-runtime.txt
[pcie_up] [flush:phaseF.naked-extra.pre.apcie-axi2af-tunables#7@0x1c] wrote partial log (148160 bytes) to /tmp/m4-recon/nic-runtime.txt
[pcie_up] [flush:phaseF.naked-extra.write.apcie-axi2af-tunables#7@0x1c] wrote partial log (148254 bytes) to /tmp/m4-recon/nic-runtime.txt
[pcie_up] [flush:phaseF.naked-extra.post.apcie-axi2af-tunables#7@0x1c] wrote partial log (148350 bytes) to /tmp/m4-recon/nic-runtime.txt
[pcie_up] [flush:phaseF.naked-extra.done.apcie-axi2af-tunables#7@0x1c] wrote partial log (148555 bytes) to /tmp/m4-recon/nic-runtime.txt
[pcie_up] [flush:phaseF.naked-extra.pre.apcie-axi2af-tunables#8@0x20] wrote partial log (148555 bytes) to /tmp/m4-recon/nic-runtime.txt
[pcie_up] [flush:phaseF.naked-extra.write.apcie-axi2af-tunables#8@0x20] wrote partial log (148649 bytes) to /tmp/m4-recon/nic-runtime.txt
[pcie_up] [flush:phaseF.naked-extra.post.apcie-axi2af-tunables#8@0x20] wrote partial log (148745 bytes) to /tmp/m4-recon/nic-runtime.txt
[pcie_up] [flush:phaseF.naked-extra.done.apcie-axi2af-tunables#8@0x20] wrote partial log (148950 bytes) to /tmp/m4-recon/nic-runtime.txt
[pcie_up] [flush:phaseF.naked-extra.pre.apcie-axi2af-tunables#9@0x24] wrote partial log (148950 bytes) to /tmp/m4-recon/nic-runtime.txt
[pcie_up] [flush:phaseF.naked-extra.write.apcie-axi2af-tunables#9@0x24] wrote partial log (149044 bytes) to /tmp/m4-recon/nic-runtime.txt
[pcie_up] [flush:phaseF.naked-extra.post.apcie-axi2af-tunables#9@0x24] wrote partial log (149140 bytes) to /tmp/m4-recon/nic-runtime.txt
[pcie_up] [flush:phaseF.naked-extra.done.apcie-axi2af-tunables#9@0x24] wrote partial log (149345 bytes) to /tmp/m4-recon/nic-runtime.txt
[pcie_up] [flush:phaseF.naked-extra.pre.apcie-axi2af-tunables#10@0x28] wrote partial log (149345 bytes) to /tmp/m4-recon/nic-runtime.txt
[pcie_up] [flush:phaseF.naked-extra.write.apcie-axi2af-tunables#10@0x28] wrote partial log (149440 bytes) to /tmp/m4-recon/nic-runtime.txt
[pcie_up] [flush:phaseF.naked-extra.post.apcie-axi2af-tunables#10@0x28] wrote partial log (149537 bytes) to /tmp/m4-recon/nic-runtime.txt
[pcie_up] [flush:phaseF.naked-extra.done.apcie-axi2af-tunables#10@0x28] wrote partial log (149743 bytes) to /tmp/m4-recon/nic-runtime.txt
[pcie_up] [flush:phaseF.naked-extra.pre.apcie-axi2af-tunables#11@0x2c] wrote partial log (149743 bytes) to /tmp/m4-recon/nic-runtime.txt
[pcie_up] [flush:phaseF.naked-extra.write.apcie-axi2af-tunables#11@0x2c] wrote partial log (149838 bytes) to /tmp/m4-recon/nic-runtime.txt
[pcie_up] [flush:phaseF.naked-extra.post.apcie-axi2af-tunables#11@0x2c] wrote partial log (149935 bytes) to /tmp/m4-recon/nic-runtime.txt
[pcie_up] [flush:phaseF.naked-extra.done.apcie-axi2af-tunables#11@0x2c] wrote partial log (150141 bytes) to /tmp/m4-recon/nic-runtime.txt
[pcie_up] [flush:phaseF.naked-extra.pre.apcie-axi2af-tunables#12@0x30] wrote partial log (150141 bytes) to /tmp/m4-recon/nic-runtime.txt
[pcie_up] [flush:phaseF.naked-extra.write.apcie-axi2af-tunables#12@0x30] wrote partial log (150236 bytes) to /tmp/m4-recon/nic-runtime.txt
[pcie_up] [flush:phaseF.naked-extra.post.apcie-axi2af-tunables#12@0x30] wrote partial log (150333 bytes) to /tmp/m4-recon/nic-runtime.txt
[pcie_up] [flush:phaseF.naked-extra.done.apcie-axi2af-tunables#12@0x30] wrote partial log (150539 bytes) to /tmp/m4-recon/nic-runtime.txt
[pcie_up] [flush:phaseF.naked-extra.pre.apcie-axi2af-tunables#13@0x34] wrote partial log (150539 bytes) to /tmp/m4-recon/nic-runtime.txt
[pcie_up] [flush:phaseF.naked-extra.write.apcie-axi2af-tunables#13@0x34] wrote partial log (150634 bytes) to /tmp/m4-recon/nic-runtime.txt
[pcie_up] [flush:phaseF.naked-extra.post.apcie-axi2af-tunables#13@0x34] wrote partial log (150731 bytes) to /tmp/m4-recon/nic-runtime.txt
[pcie_up] [flush:phaseF.naked-extra.done.apcie-axi2af-tunables#13@0x34] wrote partial log (150937 bytes) to /tmp/m4-recon/nic-runtime.txt
[pcie_up] [flush:phaseF.naked-extra.pre.apcie-axi2af-tunables#14@0x38] wrote partial log (150937 bytes) to /tmp/m4-recon/nic-runtime.txt
[pcie_up] [flush:phaseF.naked-extra.write.apcie-axi2af-tunables#14@0x38] wrote partial log (151032 bytes) to /tmp/m4-recon/nic-runtime.txt
[pcie_up] [flush:phaseF.naked-extra.post.apcie-axi2af-tunables#14@0x38] wrote partial log (151129 bytes) to /tmp/m4-recon/nic-runtime.txt
[pcie_up] [flush:phaseF.naked-extra.done.apcie-axi2af-tunables#14@0x38] wrote partial log (151335 bytes) to /tmp/m4-recon/nic-runtime.txt
[pcie_up] [flush:phaseF.naked-extra.pre.apcie-axi2af-tunables#15@0x3c] wrote partial log (151335 bytes) to /tmp/m4-recon/nic-runtime.txt
[pcie_up] [flush:phaseF.naked-extra.write.apcie-axi2af-tunables#15@0x3c] wrote partial log (151430 bytes) to /tmp/m4-recon/nic-runtime.txt
[pcie_up] [flush:phaseF.naked-extra.post.apcie-axi2af-tunables#15@0x3c] wrote partial log (151527 bytes) to /tmp/m4-recon/nic-runtime.txt
[pcie_up] [flush:phaseF.naked-extra.done.apcie-axi2af-tunables#15@0x3c] wrote partial log (151733 bytes) to /tmp/m4-recon/nic-runtime.txt
[pcie_up] [flush:phaseF.naked-extra.pre.apcie-axi2af-tunables#16@0x40] wrote partial log (151733 bytes) to /tmp/m4-recon/nic-runtime.txt
[pcie_up] [flush:phaseF.naked-extra.write.apcie-axi2af-tunables#16@0x40] wrote partial log (151828 bytes) to /tmp/m4-recon/nic-runtime.txt
[pcie_up] [flush:phaseF.naked-extra.post.apcie-axi2af-tunables#16@0x40] wrote partial log (151925 bytes) to /tmp/m4-recon/nic-runtime.txt
[pcie_up] [flush:phaseF.naked-extra.done.apcie-axi2af-tunables#16@0x40] wrote partial log (152131 bytes) to /tmp/m4-recon/nic-runtime.txt
[pcie_up] [flush:phaseF.naked-extra.pre.apcie-axi2af-tunables#17@0x100] wrote partial log (152131 bytes) to /tmp/m4-recon/nic-runtime.txt
[pcie_up] [flush:phaseF.naked-extra.done.apcie-axi2af-tunables#17@0x100] wrote partial log (152298 bytes) to /tmp/m4-recon/nic-runtime.txt
[pcie_up] [flush:phaseF.naked-extra.pre.apcie-axi2af-tunables#18@0x104] wrote partial log (152298 bytes) to /tmp/m4-recon/nic-runtime.txt
[pcie_up] [flush:phaseF.naked-extra.done.apcie-axi2af-tunables#18@0x104] wrote partial log (152472 bytes) to /tmp/m4-recon/nic-runtime.txt
[pcie_up] [flush:phaseF.naked-extra.pre.apcie-axi2af-tunables#19@0x108] wrote partial log (152472 bytes) to /tmp/m4-recon/nic-runtime.txt
[pcie_up] [flush:phaseF.naked-extra.done.apcie-axi2af-tunables#19@0x108] wrote partial log (152648 bytes) to /tmp/m4-recon/nic-runtime.txt
[pcie_up] [flush:phaseF.naked-extra.pre.apcie-axi2af-tunables#20@0x304] wrote partial log (152648 bytes) to /tmp/m4-recon/nic-runtime.txt
[pcie_up] [flush:phaseF.naked-extra.done.apcie-axi2af-tunables#20@0x304] wrote partial log (152826 bytes) to /tmp/m4-recon/nic-runtime.txt
[pcie_up] [flush:phaseF.naked-extra.pre.apcie-axi2af-tunables#21@0x314] wrote partial log (152826 bytes) to /tmp/m4-recon/nic-runtime.txt
[pcie_up] [flush:phaseF.naked-extra.done.apcie-axi2af-tunables#21@0x314] wrote partial log (153005 bytes) to /tmp/m4-recon/nic-runtime.txt
[pcie_up] [flush:phaseF.naked-extra.pre.apcie-axi2af-tunables#22@0x31c] wrote partial log (153005 bytes) to /tmp/m4-recon/nic-runtime.txt
[pcie_up] [flush:phaseF.naked-extra.done.apcie-axi2af-tunables#22@0x31c] wrote partial log (153184 bytes) to /tmp/m4-recon/nic-runtime.txt
[pcie_up] [flush:phaseF.naked-extra.pre.apcie-axi2af-tunables#23@0x324] wrote partial log (153184 bytes) to /tmp/m4-recon/nic-runtime.txt
[pcie_up] [flush:phaseF.naked-extra.done.apcie-axi2af-tunables#23@0x324] wrote partial log (153363 bytes) to /tmp/m4-recon/nic-runtime.txt
[pcie_up] [flush:phaseF.naked-extra.pre.apcie-axi2af-tunables#24@0x348] wrote partial log (153363 bytes) to /tmp/m4-recon/nic-runtime.txt
[pcie_up] [flush:phaseF.naked-extra.done.apcie-axi2af-tunables#24@0x348] wrote partial log (153538 bytes) to /tmp/m4-recon/nic-runtime.txt
[pcie_up] [flush:phaseF.naked-extra.pre.apcie-axi2af-tunables#25@0x34c] wrote partial log (153538 bytes) to /tmp/m4-recon/nic-runtime.txt
[pcie_up] [flush:phaseF.naked-extra.done.apcie-axi2af-tunables#25@0x34c] wrote partial log (153713 bytes) to /tmp/m4-recon/nic-runtime.txt
[pcie_up] [flush:phaseF.naked-extra.pre.apcie-axi2af-tunables#26@0x408] wrote partial log (153713 bytes) to /tmp/m4-recon/nic-runtime.txt
[pcie_up] [flush:phaseF.naked-extra.done.apcie-axi2af-tunables#26@0x408] wrote partial log (153889 bytes) to /tmp/m4-recon/nic-runtime.txt
[pcie_up] [flush:phaseF.naked-extra.pre.apcie-axi2af-tunables#27@0x948] wrote partial log (153889 bytes) to /tmp/m4-recon/nic-runtime.txt
[pcie_up] [flush:phaseF.naked-extra.done.apcie-axi2af-tunables#27@0x948] wrote partial log (154065 bytes) to /tmp/m4-recon/nic-runtime.txt
[pcie_up] [flush:phaseF.naked-extra.pre.apcie-axi2af-tunables#28@0xa48] wrote partial log (154065 bytes) to /tmp/m4-recon/nic-runtime.txt
[pcie_up] [flush:phaseF.naked-extra.done.apcie-axi2af-tunables#28@0xa48] wrote partial log (154240 bytes) to /tmp/m4-recon/nic-runtime.txt
[pcie_up] [flush:phaseF.naked-extra.pre.apcie-axi2af-tunables#29@0xb48] wrote partial log (154240 bytes) to /tmp/m4-recon/nic-runtime.txt
[pcie_up] [flush:phaseF.naked-extra.done.apcie-axi2af-tunables#29@0xb48] wrote partial log (154416 bytes) to /tmp/m4-recon/nic-runtime.txt
[pcie_up] [flush:phaseF.naked-extra.pre.apcie-axi2af-tunables#30@0xe00] wrote partial log (154416 bytes) to /tmp/m4-recon/nic-runtime.txt
[pcie_up] [flush:phaseF.naked-extra.done.apcie-axi2af-tunables#30@0xe00] wrote partial log (154595 bytes) to /tmp/m4-recon/nic-runtime.txt
[pcie_up] [flush:phaseF.naked-extra.pre.apcie-axi2af-tunables#31@0xe04] wrote partial log (154595 bytes) to /tmp/m4-recon/nic-runtime.txt
[pcie_up] [flush:phaseF.naked-extra.done.apcie-axi2af-tunables#31@0xe04] wrote partial log (154764 bytes) to /tmp/m4-recon/nic-runtime.txt
[pcie_up] [flush:phaseF.naked-extra.pre.apcie-axi2af-tunables#32@0x4008] wrote partial log (154764 bytes) to /tmp/m4-recon/nic-runtime.txt
[pcie_up] [flush:phaseF.naked-extra.done.apcie-axi2af-tunables#32@0x4008] wrote partial log (154930 bytes) to /tmp/m4-recon/nic-runtime.txt
[pcie_up] [flush:phaseF.naked-extra.pre.apcie-axi2af-tunables#33@0x400c] wrote partial log (154930 bytes) to /tmp/m4-recon/nic-runtime.txt
[pcie_up] [flush:phaseF.naked-extra.done.apcie-axi2af-tunables#33@0x400c] wrote partial log (155096 bytes) to /tmp/m4-recon/nic-runtime.txt
[pcie_up] [flush:phaseF.naked-extra.pre.apcie-axi2af-tunables#34@0x4014] wrote partial log (155096 bytes) to /tmp/m4-recon/nic-runtime.txt
[pcie_up] [flush:phaseF.naked-extra.done.apcie-axi2af-tunables#34@0x4014] wrote partial log (155262 bytes) to /tmp/m4-recon/nic-runtime.txt
[pcie_up] [flush:phaseF.naked-extra.pre.apcie-axi2af-tunables#35@0x4018] wrote partial log (155262 bytes) to /tmp/m4-recon/nic-runtime.txt
[pcie_up] [flush:phaseF.naked-extra.done.apcie-axi2af-tunables#35@0x4018] wrote partial log (155428 bytes) to /tmp/m4-recon/nic-runtime.txt
[pcie_up] [flush:phaseF.naked-extra.pre.apcie-axi2af-tunables#36@0x401c] wrote partial log (155428 bytes) to /tmp/m4-recon/nic-runtime.txt
[pcie_up] [flush:phaseF.naked-extra.done.apcie-axi2af-tunables#36@0x401c] wrote partial log (155594 bytes) to /tmp/m4-recon/nic-runtime.txt
[pcie_up] [flush:phaseF.naked-extra.pre.apcie-axi2af-tunables#37@0x4020] wrote partial log (155594 bytes) to /tmp/m4-recon/nic-runtime.txt
[pcie_up] [flush:phaseF.naked-extra.done.apcie-axi2af-tunables#37@0x4020] wrote partial log (155767 bytes) to /tmp/m4-recon/nic-runtime.txt
[pcie_up] [flush:phaseF.naked-extra.pre.apcie-axi2af-tunables#38@0x4024] wrote partial log (155767 bytes) to /tmp/m4-recon/nic-runtime.txt
[pcie_up] [flush:phaseF.naked-extra.done.apcie-axi2af-tunables#38@0x4024] wrote partial log (155940 bytes) to /tmp/m4-recon/nic-runtime.txt
[pcie_up] [flush:phaseF.naked-extra.pre.apcie-axi2af-tunables#39@0x4028] wrote partial log (155940 bytes) to /tmp/m4-recon/nic-runtime.txt
[pcie_up] [flush:phaseF.naked-extra.done.apcie-axi2af-tunables#39@0x4028] wrote partial log (156113 bytes) to /tmp/m4-recon/nic-runtime.txt
[pcie_up] [flush:phaseF.naked-extra.pre.apcie-axi2af-tunables#40@0x402c] wrote partial log (156113 bytes) to /tmp/m4-recon/nic-runtime.txt
[pcie_up] [flush:phaseF.naked-extra.done.apcie-axi2af-tunables#40@0x402c] wrote partial log (156286 bytes) to /tmp/m4-recon/nic-runtime.txt
[pcie_up] [flush:phaseF.naked-extra.pre.apcie-axi2af-tunables#41@0x4030] wrote partial log (156286 bytes) to /tmp/m4-recon/nic-runtime.txt
[pcie_up] [flush:phaseF.naked-extra.done.apcie-axi2af-tunables#41@0x4030] wrote partial log (156459 bytes) to /tmp/m4-recon/nic-runtime.txt
[pcie_up] [flush:phaseF.naked-extra.pre.apcie-axi2af-tunables#42@0x4034] wrote partial log (156459 bytes) to /tmp/m4-recon/nic-runtime.txt
[pcie_up] [flush:phaseF.naked-extra.done.apcie-axi2af-tunables#42@0x4034] wrote partial log (156632 bytes) to /tmp/m4-recon/nic-runtime.txt
[pcie_up] [flush:phaseF.naked-extra.pre.apcie-axi2af-tunables#43@0x10f8] wrote partial log (156632 bytes) to /tmp/m4-recon/nic-runtime.txt
[pcie_up] [flush:phaseF.naked-extra.done.apcie-axi2af-tunables#43@0x10f8] wrote partial log (156798 bytes) to /tmp/m4-recon/nic-runtime.txt
[pcie_up] [flush:phaseF.naked-extra.pre.apcie-axi2af-tunables#44@0x11f8] wrote partial log (156798 bytes) to /tmp/m4-recon/nic-runtime.txt
[pcie_up] [flush:phaseF.naked-extra.done.apcie-axi2af-tunables#44@0x11f8] wrote partial log (156964 bytes) to /tmp/m4-recon/nic-runtime.txt
[pcie_up] [flush:phaseF.naked-extra.pre.apcie-axi2af-tunables#45@0x12f8] wrote partial log (156964 bytes) to /tmp/m4-recon/nic-runtime.txt
[pcie_up] [flush:phaseF.naked-extra.done.apcie-axi2af-tunables#45@0x12f8] wrote partial log (157130 bytes) to /tmp/m4-recon/nic-runtime.txt
[pcie_up] [flush:phaseF.naked-extra.pre.apcie-axi2af-tunables#46@0x13f8] wrote partial log (157130 bytes) to /tmp/m4-recon/nic-runtime.txt
[pcie_up] [flush:phaseF.naked-extra.done.apcie-axi2af-tunables#46@0x13f8] wrote partial log (157296 bytes) to /tmp/m4-recon/nic-runtime.txt
[pcie_up] [flush:phaseF.naked-extra.pre.apcie-axi2af-tunables#47@0x14f8] wrote partial log (157296 bytes) to /tmp/m4-recon/nic-runtime.txt
[pcie_up] [flush:phaseF.naked-extra.done.apcie-axi2af-tunables#47@0x14f8] wrote partial log (157462 bytes) to /tmp/m4-recon/nic-runtime.txt
[pcie_up] [flush:phaseF.naked-extra.pre.apcie-axi2af-tunables#48@0x10fc] wrote partial log (157462 bytes) to /tmp/m4-recon/nic-runtime.txt
[pcie_up] [flush:phaseF.naked-extra.done.apcie-axi2af-tunables#48@0x10fc] wrote partial log (157628 bytes) to /tmp/m4-recon/nic-runtime.txt
[pcie_up] [flush:phaseF.naked-extra.pre.apcie-axi2af-tunables#49@0x11fc] wrote partial log (157628 bytes) to /tmp/m4-recon/nic-runtime.txt
[pcie_up] [flush:phaseF.naked-extra.done.apcie-axi2af-tunables#49@0x11fc] wrote partial log (157794 bytes) to /tmp/m4-recon/nic-runtime.txt
[pcie_up] [flush:phaseF.naked-extra.pre.apcie-axi2af-tunables#50@0x12fc] wrote partial log (157794 bytes) to /tmp/m4-recon/nic-runtime.txt
[pcie_up] [flush:phaseF.naked-extra.done.apcie-axi2af-tunables#50@0x12fc] wrote partial log (157960 bytes) to /tmp/m4-recon/nic-runtime.txt
[pcie_up] [flush:phaseF.naked-extra.pre.apcie-axi2af-tunables#51@0x13fc] wrote partial log (157960 bytes) to /tmp/m4-recon/nic-runtime.txt
[pcie_up] [flush:phaseF.naked-extra.done.apcie-axi2af-tunables#51@0x13fc] wrote partial log (158126 bytes) to /tmp/m4-recon/nic-runtime.txt
[pcie_up] [flush:phaseF.naked-extra.pre.apcie-axi2af-tunables#52@0x14fc] wrote partial log (158126 bytes) to /tmp/m4-recon/nic-runtime.txt
[pcie_up] [flush:phaseF.naked-extra.done.apcie-axi2af-tunables#52@0x14fc] wrote partial log (158292 bytes) to /tmp/m4-recon/nic-runtime.txt
[pcie_up] [flush:phaseF.naked-extra.pre.apcie-axi2af-tunables#53@0x20028] wrote partial log (158292 bytes) to /tmp/m4-recon/nic-runtime.txt
[pcie_up] [flush:phaseF.naked-extra.done.apcie-axi2af-tunables#53@0x20028] wrote partial log (158462 bytes) to /tmp/m4-recon/nic-runtime.txt
[pcie_up] [flush:phaseF.naked-extra.pre.apcie-axi2af-tunables#54@0x2002c] wrote partial log (158462 bytes) to /tmp/m4-recon/nic-runtime.txt
[pcie_up] [flush:phaseF.naked-extra.done.apcie-axi2af-tunables#54@0x2002c] wrote partial log (158629 bytes) to /tmp/m4-recon/nic-runtime.txt
[pcie_up] [flush:phaseF.naked-extra.pre.apcie-axi2af-tunables#55@0x20030] wrote partial log (158629 bytes) to /tmp/m4-recon/nic-runtime.txt
[pcie_up] [flush:phaseF.naked-extra.done.apcie-axi2af-tunables#55@0x20030] wrote partial log (158797 bytes) to /tmp/m4-recon/nic-runtime.txt
[pcie_up] [flush:phaseF.naked-extra.pre.apcie-axi2af-tunables#56@0x20034] wrote partial log (158797 bytes) to /tmp/m4-recon/nic-runtime.txt
[pcie_up] [flush:phaseF.naked-extra.done.apcie-axi2af-tunables#56@0x20034] wrote partial log (158965 bytes) to /tmp/m4-recon/nic-runtime.txt
[pcie_up] [flush:phaseF.naked-extra.pre.apcie-axi2af-tunables#57@0x20058] wrote partial log (158965 bytes) to /tmp/m4-recon/nic-runtime.txt
[pcie_up] [flush:phaseF.naked-extra.done.apcie-axi2af-tunables#57@0x20058] wrote partial log (159134 bytes) to /tmp/m4-recon/nic-runtime.txt
[pcie_up] [flush:phaseF.naked-extra.apcie-axi2af-tunables.complete] wrote partial log (159315 bytes) to /tmp/m4-recon/nic-runtime.txt
[pcie_up] [flush:phaseF.diag.post-5.8.a.axi2af-naked-apply.phy-common-enter] wrote partial log (159388 bytes) to /tmp/m4-recon/nic-runtime.txt
[pcie_up] [flush:phaseF.diag.post-5.8.a.axi2af-naked-apply.reachable-scan-enter] wrote partial log (159574 bytes) to /tmp/m4-recon/nic-runtime.txt
[pcie_up] [flush:phaseF.diag.post-5.8.a.axi2af-naked-apply.reachable-scan.rc_base] wrote partial log (162017 bytes) to /tmp/m4-recon/nic-runtime.txt
[pcie_up] [flush:phaseF.diag.post-5.8.a.axi2af-naked-apply.reachable-scan.phy_common_base] wrote partial log (163832 bytes) to /tmp/m4-recon/nic-runtime.txt
[pcie_up] [flush:phaseF.diag.post-5.8.a.axi2af-naked-apply.reachable-scan.phy_common_base] wrote partial log (177648 bytes) to /tmp/m4-recon/nic-runtime.txt
[pcie_up] [flush:phaseF.diag.post-5.8.a.axi2af-naked-apply.reachable-scan.phy_shared] wrote partial log (179378 bytes) to /tmp/m4-recon/nic-runtime.txt
[pcie_up] [flush:phaseF.diag.post-5.8.a.axi2af-naked-apply.reachable-scan.axi_base] wrote partial log (181074 bytes) to /tmp/m4-recon/nic-runtime.txt
[pcie_up] [flush:phaseF.diag.post-5.8.a.axi2af-naked-apply.reachable-scan.axi_sub5_base] wrote partial log (187730 bytes) to /tmp/m4-recon/nic-runtime.txt
[pcie_up] [flush:phaseF.diag.post-5.8.a.axi2af-naked-apply.reachable-scan.axi_sub6_base] wrote partial log (194386 bytes) to /tmp/m4-recon/nic-runtime.txt
[pcie_up] [flush:phaseF.diag.post-5.8.a.axi2af-naked-apply.reachable-scan-done] wrote partial log (194386 bytes) to /tmp/m4-recon/nic-runtime.txt
[pcie_up] [flush:phaseF.diag.post-5.8.a.axi2af-naked-apply] wrote partial log (194386 bytes) to /tmp/m4-recon/nic-runtime.txt
[pcie_up] [flush:phaseF.naked-extra.apcie-pcieclkgen-tunables.enter] wrote partial log (194704 bytes) to /tmp/m4-recon/nic-runtime.txt
[pcie_up] [flush:phaseF.naked-extra.pre.apcie-pcieclkgen-tunables#0@0x0] wrote partial log (194704 bytes) to /tmp/m4-recon/nic-runtime.txt
[pcie_up] [flush:phaseF.naked-extra.write.apcie-pcieclkgen-tunables#0@0x0] wrote partial log (194801 bytes) to /tmp/m4-recon/nic-runtime.txt
[pcie_up] [flush:phaseF.naked-extra.post.apcie-pcieclkgen-tunables#0@0x0] wrote partial log (194900 bytes) to /tmp/m4-recon/nic-runtime.txt
[pcie_up] [flush:phaseF.naked-extra.done.apcie-pcieclkgen-tunables#0@0x0] wrote partial log (195098 bytes) to /tmp/m4-recon/nic-runtime.txt
[pcie_up] [flush:phaseF.naked-extra.apcie-pcieclkgen-tunables.complete] wrote partial log (195287 bytes) to /tmp/m4-recon/nic-runtime.txt
[pcie_up] [flush:phaseF.diag.post-5.8.b.pcieclkgen-naked-apply.phy-common-enter] wrote partial log (195364 bytes) to /tmp/m4-recon/nic-runtime.txt
[pcie_up] [flush:phaseF.diag.post-5.8.b.pcieclkgen-naked-apply.reachable-scan-enter] wrote partial log (195558 bytes) to /tmp/m4-recon/nic-runtime.txt
[pcie_up] [flush:phaseF.diag.post-5.8.b.pcieclkgen-naked-apply.reachable-scan.rc_base] wrote partial log (198001 bytes) to /tmp/m4-recon/nic-runtime.txt
[pcie_up] [flush:phaseF.diag.post-5.8.b.pcieclkgen-naked-apply.reachable-scan.phy_common_base] wrote partial log (199816 bytes) to /tmp/m4-recon/nic-runtime.txt
[pcie_up] [flush:phaseF.diag.post-5.8.b.pcieclkgen-naked-apply.reachable-scan.phy_common_base] wrote partial log (213632 bytes) to /tmp/m4-recon/nic-runtime.txt
[pcie_up] [flush:phaseF.diag.post-5.8.b.pcieclkgen-naked-apply.reachable-scan.phy_shared] wrote partial log (215362 bytes) to /tmp/m4-recon/nic-runtime.txt
[pcie_up] [flush:phaseF.diag.post-5.8.b.pcieclkgen-naked-apply.reachable-scan.axi_base] wrote partial log (217058 bytes) to /tmp/m4-recon/nic-runtime.txt
[pcie_up] [flush:phaseF.diag.post-5.8.b.pcieclkgen-naked-apply.reachable-scan.axi_sub5_base] wrote partial log (223714 bytes) to /tmp/m4-recon/nic-runtime.txt
[pcie_up] [flush:phaseF.diag.post-5.8.b.pcieclkgen-naked-apply.reachable-scan.axi_sub6_base] wrote partial log (230370 bytes) to /tmp/m4-recon/nic-runtime.txt
[pcie_up] [flush:phaseF.diag.post-5.8.b.pcieclkgen-naked-apply.reachable-scan-done] wrote partial log (230370 bytes) to /tmp/m4-recon/nic-runtime.txt
[pcie_up] [flush:phaseF.diag.post-5.8.b.pcieclkgen-naked-apply] wrote partial log (230370 bytes) to /tmp/m4-recon/nic-runtime.txt
[pcie_up] [flush:phaseF.naked-extra.apcie-cio3pllcore-tunables.enter] wrote partial log (230695 bytes) to /tmp/m4-recon/nic-runtime.txt
[pcie_up] [flush:phaseF.naked-extra.pre.apcie-cio3pllcore-tunables#0@0x0] wrote partial log (230695 bytes) to /tmp/m4-recon/nic-runtime.txt
[pcie_up] [flush:phaseF.naked-extra.write.apcie-cio3pllcore-tunables#0@0x0] wrote partial log (230793 bytes) to /tmp/m4-recon/nic-runtime.txt
[pcie_up] [flush:phaseF.naked-extra.post.apcie-cio3pllcore-tunables#0@0x0] wrote partial log (230893 bytes) to /tmp/m4-recon/nic-runtime.txt
[pcie_up] [flush:phaseF.naked-extra.done.apcie-cio3pllcore-tunables#0@0x0] wrote partial log (231094 bytes) to /tmp/m4-recon/nic-runtime.txt
[pcie_up] [flush:phaseF.naked-extra.pre.apcie-cio3pllcore-tunables#1@0x24] wrote partial log (231094 bytes) to /tmp/m4-recon/nic-runtime.txt
[pcie_up] [flush:phaseF.naked-extra.write.apcie-cio3pllcore-tunables#1@0x24] wrote partial log (231193 bytes) to /tmp/m4-recon/nic-runtime.txt
[pcie_up] [flush:phaseF.naked-extra.post.apcie-cio3pllcore-tunables#1@0x24] wrote partial log (231294 bytes) to /tmp/m4-recon/nic-runtime.txt
[pcie_up] [flush:phaseF.naked-extra.done.apcie-cio3pllcore-tunables#1@0x24] wrote partial log (231494 bytes) to /tmp/m4-recon/nic-runtime.txt
[pcie_up] [flush:phaseF.naked-extra.pre.apcie-cio3pllcore-tunables#2@0x28] wrote partial log (231494 bytes) to /tmp/m4-recon/nic-runtime.txt
[pcie_up] [flush:phaseF.naked-extra.write.apcie-cio3pllcore-tunables#2@0x28] wrote partial log (231593 bytes) to /tmp/m4-recon/nic-runtime.txt
[pcie_up] [flush:phaseF.naked-extra.post.apcie-cio3pllcore-tunables#2@0x28] wrote partial log (231694 bytes) to /tmp/m4-recon/nic-runtime.txt
[pcie_up] [flush:phaseF.naked-extra.done.apcie-cio3pllcore-tunables#2@0x28] wrote partial log (231894 bytes) to /tmp/m4-recon/nic-runtime.txt
[pcie_up] [flush:phaseF.naked-extra.pre.apcie-cio3pllcore-tunables#3@0x38] wrote partial log (231894 bytes) to /tmp/m4-recon/nic-runtime.txt
[pcie_up] [flush:phaseF.naked-extra.done.apcie-cio3pllcore-tunables#3@0x38] wrote partial log (232063 bytes) to /tmp/m4-recon/nic-runtime.txt
[pcie_up] [flush:phaseF.naked-extra.pre.apcie-cio3pllcore-tunables#4@0x4c] wrote partial log (232063 bytes) to /tmp/m4-recon/nic-runtime.txt
[pcie_up] [flush:phaseF.naked-extra.write.apcie-cio3pllcore-tunables#4@0x4c] wrote partial log (232162 bytes) to /tmp/m4-recon/nic-runtime.txt
[pcie_up] [flush:phaseF.naked-extra.post.apcie-cio3pllcore-tunables#4@0x4c] wrote partial log (232263 bytes) to /tmp/m4-recon/nic-runtime.txt
[pcie_up] [flush:phaseF.naked-extra.done.apcie-cio3pllcore-tunables#4@0x4c] wrote partial log (232461 bytes) to /tmp/m4-recon/nic-runtime.txt
[pcie_up] [flush:phaseF.naked-extra.pre.apcie-cio3pllcore-tunables#5@0xe8] wrote partial log (232461 bytes) to /tmp/m4-recon/nic-runtime.txt
[pcie_up] [flush:phaseF.naked-extra.write.apcie-cio3pllcore-tunables#5@0xe8] wrote partial log (232560 bytes) to /tmp/m4-recon/nic-runtime.txt
[pcie_up] [flush:phaseF.naked-extra.post.apcie-cio3pllcore-tunables#5@0xe8] wrote partial log (232661 bytes) to /tmp/m4-recon/nic-runtime.txt
[pcie_up] [flush:phaseF.naked-extra.done.apcie-cio3pllcore-tunables#5@0xe8] wrote partial log (232865 bytes) to /tmp/m4-recon/nic-runtime.txt
[pcie_up] [flush:phaseF.naked-extra.pre.apcie-cio3pllcore-tunables#6@0x100] wrote partial log (232865 bytes) to /tmp/m4-recon/nic-runtime.txt
[pcie_up] [flush:phaseF.naked-extra.write.apcie-cio3pllcore-tunables#6@0x100] wrote partial log (232965 bytes) to /tmp/m4-recon/nic-runtime.txt
[pcie_up] [flush:phaseF.naked-extra.post.apcie-cio3pllcore-tunables#6@0x100] wrote partial log (233067 bytes) to /tmp/m4-recon/nic-runtime.txt
[pcie_up] [flush:phaseF.naked-extra.done.apcie-cio3pllcore-tunables#6@0x100] wrote partial log (233273 bytes) to /tmp/m4-recon/nic-runtime.txt
[pcie_up] [flush:phaseF.naked-extra.apcie-cio3pllcore-tunables.complete] wrote partial log (233465 bytes) to /tmp/m4-recon/nic-runtime.txt
[pcie_up] [flush:phaseF.diag.post-5.8.c.cio3pllcore-naked-apply.phy-common-enter] wrote partial log (233543 bytes) to /tmp/m4-recon/nic-runtime.txt
[pcie_up] [flush:phaseF.diag.post-5.8.c.cio3pllcore-naked-apply.reachable-scan-enter] wrote partial log (233739 bytes) to /tmp/m4-recon/nic-runtime.txt
[pcie_up] [flush:phaseF.diag.post-5.8.c.cio3pllcore-naked-apply.reachable-scan.rc_base] wrote partial log (236182 bytes) to /tmp/m4-recon/nic-runtime.txt
[pcie_up] [flush:phaseF.diag.post-5.8.c.cio3pllcore-naked-apply.reachable-scan.phy_common_base] wrote partial log (237997 bytes) to /tmp/m4-recon/nic-runtime.txt
[pcie_up] [flush:phaseF.diag.post-5.8.c.cio3pllcore-naked-apply.reachable-scan.phy_common_base] wrote partial log (251813 bytes) to /tmp/m4-recon/nic-runtime.txt
[pcie_up] [flush:phaseF.diag.post-5.8.c.cio3pllcore-naked-apply.reachable-scan.phy_shared] wrote partial log (253543 bytes) to /tmp/m4-recon/nic-runtime.txt
[pcie_up] [flush:phaseF.diag.post-5.8.c.cio3pllcore-naked-apply.reachable-scan.axi_base] wrote partial log (255239 bytes) to /tmp/m4-recon/nic-runtime.txt
[pcie_up] [flush:phaseF.diag.post-5.8.c.cio3pllcore-naked-apply.reachable-scan.axi_sub5_base] wrote partial log (261895 bytes) to /tmp/m4-recon/nic-runtime.txt
[pcie_up] [flush:phaseF.diag.post-5.8.c.cio3pllcore-naked-apply.reachable-scan.axi_sub6_base] wrote partial log (268551 bytes) to /tmp/m4-recon/nic-runtime.txt
[pcie_up] [flush:phaseF.diag.post-5.8.c.cio3pllcore-naked-apply.reachable-scan-done] wrote partial log (268551 bytes) to /tmp/m4-recon/nic-runtime.txt
[pcie_up] [flush:phaseF.diag.post-5.8.c.cio3pllcore-naked-apply] wrote partial log (268551 bytes) to /tmp/m4-recon/nic-runtime.txt
[pcie_up] [flush:phaseF.skip.5.5] wrote partial log (268622 bytes) to /tmp/m4-recon/nic-runtime.txt
[pcie_up] [flush:phaseF.pre.6.a.set32(phy_shared+0, CLK0REQ=] wrote partial log (268672 bytes) to /tmp/m4-recon/nic-runtime.txt
[pcie_up] [flush:phaseF.post.6.a.set32(phy_shared+0, CLK0REQ=] wrote partial log (268779 bytes) to /tmp/m4-recon/nic-runtime.txt
[pcie_up] [flush:phaseF.pre.6.b.poll_CLK0ACK] wrote partial log (268863 bytes) to /tmp/m4-recon/nic-runtime.txt
[pcie_up] [flush:phaseF.post.6.b.poll_CLK0ACK] wrote partial log (268967 bytes) to /tmp/m4-recon/nic-runtime.txt
[pcie_up] [flush:phaseF.diag.post-6.b.CLK0ACK.phy-common-enter] wrote partial log (269027 bytes) to /tmp/m4-recon/nic-runtime.txt
[pcie_up] [flush:phaseF.diag.post-6.b.CLK0ACK.reachable-scan-enter] wrote partial log (269187 bytes) to /tmp/m4-recon/nic-runtime.txt
[pcie_up] [flush:phaseF.diag.post-6.b.CLK0ACK.reachable-scan.rc_base] wrote partial log (271630 bytes) to /tmp/m4-recon/nic-runtime.txt
[pcie_up] [flush:phaseF.diag.post-6.b.CLK0ACK.reachable-scan.phy_common_base] wrote partial log (273445 bytes) to /tmp/m4-recon/nic-runtime.txt
[pcie_up] [flush:phaseF.diag.post-6.b.CLK0ACK.reachable-scan.phy_common_base] wrote partial log (287261 bytes) to /tmp/m4-recon/nic-runtime.txt
[pcie_up] [flush:phaseF.diag.post-6.b.CLK0ACK.reachable-scan.phy_shared] wrote partial log (288991 bytes) to /tmp/m4-recon/nic-runtime.txt
[pcie_up] [flush:phaseF.diag.post-6.b.CLK0ACK.reachable-scan.axi_base] wrote partial log (290687 bytes) to /tmp/m4-recon/nic-runtime.txt
[pcie_up] [flush:phaseF.diag.post-6.b.CLK0ACK.reachable-scan.axi_sub5_base] wrote partial log (297343 bytes) to /tmp/m4-recon/nic-runtime.txt
[pcie_up] [flush:phaseF.diag.post-6.b.CLK0ACK.reachable-scan.axi_sub6_base] wrote partial log (303999 bytes) to /tmp/m4-recon/nic-runtime.txt
[pcie_up] [flush:phaseF.diag.post-6.b.CLK0ACK.reachable-scan-done] wrote partial log (303999 bytes) to /tmp/m4-recon/nic-runtime.txt
[pcie_up] [flush:phaseF.diag.post-6.b.CLK0ACK] wrote partial log (303999 bytes) to /tmp/m4-recon/nic-runtime.txt
[pcie_up] [flush:phaseF.pre.6.c.set32(phy_shared+0, CLK1REQ=] wrote partial log (304049 bytes) to /tmp/m4-recon/nic-runtime.txt
[pcie_up] [flush:phaseF.post.6.c.set32(phy_shared+0, CLK1REQ=] wrote partial log (304156 bytes) to /tmp/m4-recon/nic-runtime.txt
[pcie_up] [flush:phaseF.pre.6.d.poll_CLK1ACK] wrote partial log (304240 bytes) to /tmp/m4-recon/nic-runtime.txt
[pcie_up] [flush:phaseF.post.6.d.poll_CLK1ACK] wrote partial log (304344 bytes) to /tmp/m4-recon/nic-runtime.txt
[pcie_up] [flush:phaseF.diag.post-6.d.CLK1ACK.phy-common-enter] wrote partial log (304404 bytes) to /tmp/m4-recon/nic-runtime.txt
[pcie_up] [flush:phaseF.diag.post-6.d.CLK1ACK.reachable-scan-enter] wrote partial log (304564 bytes) to /tmp/m4-recon/nic-runtime.txt
[pcie_up] [flush:phaseF.diag.post-6.d.CLK1ACK.reachable-scan.rc_base] wrote partial log (307007 bytes) to /tmp/m4-recon/nic-runtime.txt
[pcie_up] [flush:phaseF.diag.post-6.d.CLK1ACK.reachable-scan.phy_common_base] wrote partial log (308822 bytes) to /tmp/m4-recon/nic-runtime.txt
[pcie_up] [flush:phaseF.diag.post-6.d.CLK1ACK.reachable-scan.phy_common_base] wrote partial log (322638 bytes) to /tmp/m4-recon/nic-runtime.txt
[pcie_up] [flush:phaseF.diag.post-6.d.CLK1ACK.reachable-scan.phy_shared] wrote partial log (324368 bytes) to /tmp/m4-recon/nic-runtime.txt
[pcie_up] [flush:phaseF.diag.post-6.d.CLK1ACK.reachable-scan.axi_base] wrote partial log (326064 bytes) to /tmp/m4-recon/nic-runtime.txt
[pcie_up] [flush:phaseF.diag.post-6.d.CLK1ACK.reachable-scan.axi_sub5_base] wrote partial log (332720 bytes) to /tmp/m4-recon/nic-runtime.txt
[pcie_up] [flush:phaseF.diag.post-6.d.CLK1ACK.reachable-scan.axi_sub6_base] wrote partial log (339376 bytes) to /tmp/m4-recon/nic-runtime.txt
[pcie_up] [flush:phaseF.diag.post-6.d.CLK1ACK.reachable-scan-done] wrote partial log (339376 bytes) to /tmp/m4-recon/nic-runtime.txt
[pcie_up] [flush:phaseF.diag.post-6.d.CLK1ACK] wrote partial log (339376 bytes) to /tmp/m4-recon/nic-runtime.txt
[pcie_up] [flush:phaseF.pre.6.e.clear32(phy_shared+0, RESET=] wrote partial log (339426 bytes) to /tmp/m4-recon/nic-runtime.txt
[pcie_up] [flush:phaseF.post.6.e.clear32(phy_shared+0, RESET=] wrote partial log (339533 bytes) to /tmp/m4-recon/nic-runtime.txt
[pcie_up] [flush:phaseF.pre.6.f.readback-enter] wrote partial log (339592 bytes) to /tmp/m4-recon/nic-runtime.txt
[pcie_up] [flush:phaseF.pre.6.f.readback] wrote partial log (339683 bytes) to /tmp/m4-recon/nic-runtime.txt
[pcie_up] [flush:phaseF.pre.6.f.set32(phy_shared+4, 0x01) [T] wrote partial log (339750 bytes) to /tmp/m4-recon/nic-runtime.txt
[pcie_up] [flush:phaseF.post.6.f.set32(phy_shared+4, 0x01) [T] wrote partial log (339865 bytes) to /tmp/m4-recon/nic-runtime.txt
[pcie_up] [flush:phaseF.post.6.f.readback-enter] wrote partial log (339925 bytes) to /tmp/m4-recon/nic-runtime.txt
[pcie_up] [flush:phaseF.post.6.f.readback] wrote partial log (340018 bytes) to /tmp/m4-recon/nic-runtime.txt
[pcie_up] [flush:phaseF.pre.7.mask32(phy_common+0, MODE_MASK] wrote partial log (340079 bytes) to /tmp/m4-recon/nic-runtime.txt
[pcie_up] [flush:phaseF.post.7.mask32(phy_common+0, MODE_MASK] wrote partial log (340197 bytes) to /tmp/m4-recon/nic-runtime.txt
[pcie_up] [flush:phaseF.diag.post-7.phycmn-early.phy-common-enter] wrote partial log (340260 bytes) to /tmp/m4-recon/nic-runtime.txt
[pcie_up] [flush:phaseF.diag.post-7.phycmn-early.reachable-scan-enter] wrote partial log (340426 bytes) to /tmp/m4-recon/nic-runtime.txt
[pcie_up] [flush:phaseF.diag.post-7.phycmn-early.reachable-scan.rc_base] wrote partial log (342869 bytes) to /tmp/m4-recon/nic-runtime.txt
[pcie_up] [flush:phaseF.diag.post-7.phycmn-early.reachable-scan.phy_common_base] wrote partial log (344684 bytes) to /tmp/m4-recon/nic-runtime.txt
[pcie_up] [flush:phaseF.diag.post-7.phycmn-early.reachable-scan.phy_common_base] wrote partial log (358500 bytes) to /tmp/m4-recon/nic-runtime.txt
[pcie_up] [flush:phaseF.diag.post-7.phycmn-early.reachable-scan.phy_shared] wrote partial log (360230 bytes) to /tmp/m4-recon/nic-runtime.txt
[pcie_up] [flush:phaseF.diag.post-7.phycmn-early.reachable-scan.axi_base] wrote partial log (361926 bytes) to /tmp/m4-recon/nic-runtime.txt
[pcie_up] [flush:phaseF.diag.post-7.phycmn-early.reachable-scan.axi_sub5_base] wrote partial log (368582 bytes) to /tmp/m4-recon/nic-runtime.txt
[pcie_up] [flush:phaseF.diag.post-7.phycmn-early.reachable-scan.axi_sub6_base] wrote partial log (375238 bytes) to /tmp/m4-recon/nic-runtime.txt
[pcie_up] [flush:phaseF.diag.post-7.phycmn-early.reachable-scan-done] wrote partial log (375238 bytes) to /tmp/m4-recon/nic-runtime.txt
[pcie_up] [flush:phaseF.diag.post-7.phycmn-early] wrote partial log (375238 bytes) to /tmp/m4-recon/nic-runtime.txt
[pcie_up] [flush:phaseF.diag.post-6.f.T8140-marker.phy-common-enter] wrote partial log (375303 bytes) to /tmp/m4-recon/nic-runtime.txt
[pcie_up] [flush:phaseF.diag.post-6.f.T8140-marker.reachable-scan-enter] wrote partial log (375473 bytes) to /tmp/m4-recon/nic-runtime.txt
[pcie_up] [flush:phaseF.diag.post-6.f.T8140-marker.reachable-scan.rc_base] wrote partial log (377916 bytes) to /tmp/m4-recon/nic-runtime.txt
[pcie_up] [flush:phaseF.diag.post-6.f.T8140-marker.reachable-scan.phy_common_base] wrote partial log (379731 bytes) to /tmp/m4-recon/nic-runtime.txt
[pcie_up] [flush:phaseF.diag.post-6.f.T8140-marker.reachable-scan.phy_common_base] wrote partial log (393547 bytes) to /tmp/m4-recon/nic-runtime.txt
[pcie_up] [flush:phaseF.diag.post-6.f.T8140-marker.reachable-scan.phy_shared] wrote partial log (395277 bytes) to /tmp/m4-recon/nic-runtime.txt
[pcie_up] [flush:phaseF.diag.post-6.f.T8140-marker.reachable-scan.axi_base] wrote partial log (396973 bytes) to /tmp/m4-recon/nic-runtime.txt
[pcie_up] [flush:phaseF.diag.post-6.f.T8140-marker.reachable-scan.axi_sub5_base] wrote partial log (403629 bytes) to /tmp/m4-recon/nic-runtime.txt
[pcie_up] [flush:phaseF.diag.post-6.f.T8140-marker.reachable-scan.axi_sub6_base] wrote partial log (410285 bytes) to /tmp/m4-recon/nic-runtime.txt
[pcie_up] [flush:phaseF.diag.post-6.f.T8140-marker.reachable-scan-done] wrote partial log (410285 bytes) to /tmp/m4-recon/nic-runtime.txt
[pcie_up] [flush:phaseF.diag.post-6.f.T8140-marker] wrote partial log (410285 bytes) to /tmp/m4-recon/nic-runtime.txt
[pcie_up] [flush:phaseF.plan.6.g] wrote partial log (410635 bytes) to /tmp/m4-recon/nic-runtime.txt
[pcie_up] [flush:phaseF.raise.6.g.0] wrote partial log (410717 bytes) to /tmp/m4-recon/nic-runtime.txt
>

