[ahmed@admin AppleSiliconM4]$ ./Scripts/m1n1/perstn-run.sh 24
using m1n1 device: /dev/ttyACM0
TTY> Initialized dockchannel UART at 0x388128000
TTY> Device info:
TTY>   Model: Mac16,10
TTY>   Target: J773g
TTY>   Board-ID: 0x2a
TTY>   Chip-ID: 0x8132
TTY> 
TTY> CPU init (MIDR: 0x611f0531 smp_id:0x6)...
TTY>   CPU part: 0x53 rev: 0x11
TTY>   CPU: M4 Donan (P core)
TTY> 
TTY> boot_args at 0x10002f70000
TTY>   revision:     3
TTY>   version:      2
TTY>   virt_base:    0x70f0000
TTY>   phys_base:    0x100010f0000
TTY>   mem_size:     0x3df834000
TTY>   top_of_kdata: 0x10002f80000
TTY>   video:
TTY>     base:       0x103e5234000
TTY>     display:    0x1
TTY>     stride:     0xa00
TTY>     width:      640
TTY>     height:     1136
TTY>     depth:      32bpp
TTY>     density:    1
TTY>   machine_type: 0
TTY>   devtree:      0x8724000
TTY>   devtree_size: 0x68000
TTY>   cmdline:      
TTY>   boot_flags:   0x0
TTY>   mem_size_act: 0x400000000
TTY> 
TTY> 
TTY> 
TTY> m1n1 v1.6.0-42-gdf2ae61
TTY> Copyright The Asahi Linux Contributors
TTY> Licensed under the MIT license
TTY> 
TTY> Running in EL2
TTY> 
TTY> OS FW version: 15.1 (iBoot-11881.41.5)
TTY> System FW version: 15.1 (iBoot-11881.41.5)
TTY> Heap base: 0x10002f80000
TTY> MCC: Unsupported version:mcc,t8132
TTY> MMU: Initializing...
TTY> MMU: RAM base: 0x10000000000
TTY> MMU: Top of normal RAM: 0x103e0924000
TTY> MMU: Adding Device-nGnRE mapping at 0x1c50000000 (0x4000)
TTY> MMU: Adding Device-nGnRE mapping at 0x1c60000000 (0x4000)
TTY> MMU: Adding Device-nGnRE mapping at 0x1c70000000 (0x4000)
TTY> MMU: Adding Device-nGnRE mapping at 0x1c80000000 (0x4000)
TTY> MMU: Adding Device-nGnRE mapping at 0x1cb0000000 (0x14000)
TTY> MMU: Adding Normal-NC mapping at 0x103fff1c000 (0x20000)
TTY> MMU: Adding Normal-NC mapping at 0x103ffe6c000 (0x10000)
TTY> MMU: Adding Normal-NC mapping at 0x103ffe4c000 (0x20000)
TTY> MMU: Adding Normal-NC mapping at 0x103ffddc000 (0x10000)
TTY> MMU: Adding Normal-NC mapping at 0x103ffdbc000 (0x20000)
TTY> MMU: Adding Normal-NC mapping at 0x103ffd4c000 (0x10000)
TTY> MMU: Adding Normal-NC mapping at 0x103fffb8000 (0x4000)
TTY> MMU: Adding Normal-NC mapping at 0x103fff70000 (0x4000)
TTY> MMU: SCTLR_EL1: 30000180 -> 30901085
TTY> MMU: running with MMU and caches enabled!
TTY> AIC: Version 3 @ 0x381000000
TTY> AIC: AIC3 with 1/2 dies, 2048/4096 IRQs, reg_size:40004, config:10000, extintrcfg_stride:04a00, intmaskset_stride:04a00, intmaskclear_stride:04a00
TTY> Primary WDT register @ 0x3882b0000
TTY> Primary WDT disabled
TTY> Secondary WDT register @ 0x3882b8008
TTY> Secondary WDT disabled
TTY> pmgr: Cleaning up device states...
TTY> pmgr: initialized, 392 devices on 1 dies found.
TTY> display: Display is external
TTY> display: Dummy framebuffer found, initializing display
TTY> dart: dart /arm-io/dart-dcp at 0x30a340000 is a t8110 (locked)
TTY> dart: dart /arm-io/dart-disp0 at 0x30a300000 is a t8110 (locked)
TTY> dart: dart /arm-io/dart-disp0.0.0 L1 0 is real-time at 0x103fff1c000
TTY> dart: allocating L2 tbl at 0, 1 to 0x103fff24000
TTY> dcp: Mapping segment #2 100028f4000 -> 100028f4000 [24000]
TTY> rtkit(dcp): booting with version 12
TTY> rtkit(dcp): unknown system endpoint 0x0a
TTY> rtkit(dcp): pre-allocated buffer (ep 0x1, dva 0x100025eb000, phys 0x103e51a3000)
TTY> rtkit(dcp): unknown oslog message 105ff8010002604
TTY> rtkit(dcp): unknown oslog message 3010042100000a1
TTY> rtkit(dcp): unknown oslog message 4000020d51e4021
TTY> rtkit(dcp): unknown oslog message 4000040d28078a1
TTY> rtkit(dcp): unknown oslog message 4000060d51e4001
TTY> AFK: ring buffer size mismatch
TTY> AFK: ring buffer size mismatch
TTY> dcp-iboot: failed to initialize disp0 service
TTY> display: failed to initialize DCP iBoot interface
TTY> rtkit(dcp): IOP crashed!
TTY> rtkit(dcp): == CRASH INFO ==
TTY> rtkit(dcp):   Message 1: ASSERT!Messenger.c:299 0xc0000000000000 0x7 
TTY> rtkit(dcp):   0x43766572
TTY> rtkit(dcp):   0x4374696d
TTY> rtkit(dcp):   0x43637374
TTY> rtkit(dcp):   0x4372746b
TTY> rtkit(dcp):   0x43617343
TTY> rtkit(dcp):   0x436d6278
TTY> rtkit(dcp):   0x43636470
TTY> rtkit(dcp):   0x43706374
TTY> rtkit(dcp):   0x43737461
TTY> rtkit(dcp):   0x43737461
TTY> rtkit(dcp): IOP died during shutdown
TTY> fb init: 640x1136 (32) [s=640] @0x103e5234000
TTY> fb console: max rows 35, max cols 40
TTY> fb: display logo
TTY> cpufreq: Chip 0x8132 is unsupported
TTY> Initialization complete.
TTY> Checking for payloads...
TTY> Devicetree compatible value: apple,j773g
TTY> Unknown payload at 0x100028f4000 (magic: 5b41464b)
TTY> No valid payload found
TTY> dart: dart /arm-io/dart-usb0 at 0x402f80000 is a t8110
TTY> USB0: initialized at 0x1000336a030
TTY> dart: dart /arm-io/dart-usb1 at 0x40af80000 is a t8110
TTY> USB1: initialized at 0x1000336a360
TTY> dart: dart /arm-io/dart-usb2 at 0x412f80000 is a t8110
TTY> USB2: initialized at 0x1000336a690
TTY> dart: dart /arm-io/dart-usb3 at 0x41af80000 is a t8110
TTY> USB3: initialized at 0x1000336a9c0
TTY> Running proxy...
m1n1 base: 0x100027e8000
Fetching ADT (0x00068000 bytes)...
usage: perstn.py [-h] [--out OUT] [--no-perstn] [--perstn-pin PERSTN_PIN] [--no-clkreq] [--clkreq-pin CLKREQ_PIN] [--no-ltssm-kick] [--ltssm-kick-aggressive] [--tier1 | --tier2 | --tier3]
                 [--dump-timeout DUMP_TIMEOUT] [--unblock-experiment] [--unblock-port UNBLOCK_PORT] [--t602x-init] [--t602x-aggressive] [--t602x-do-again] [--t602x-msimap] [--no-pcie-init] [--no-phy-ip-report]
                 [--preinit-probe] [--pmgr-enable] [--pmgr-per-port] [--gate-poke] [--phy-ip-probe] [--t8140-replay] [--extra-tunables] [--extra-tunables-only {cio3pllcore,pcieclkgen,both}] [--phycmn-first]
                 [--phycmn-early] [--phy4-x10-early] [--phyif-ctrl-run] [--naked-write-test] [--naked-write-test-readonly] [--axi2af-naked-apply] [--pcieclkgen-naked-apply-to ATTR]
                 [--pcieclkgen-set5-only-to ATTR] [--cio3pllcore-naked-apply-to ATTR] [--t8122-shared-post] [--t8122-shared-post-val T8122_SHARED_POST_VAL] [--phy-ip-stub-apply {tail,bare}] [--pmgr-pre6g-scan]
                 [--clkreq-mode {gpio,periph}] [--setup-refclk {pre,post,both}] [--refclk-cgen] [--perst-resequence] [--perst-settle-ms PERST_SETTLE_MS] [--endpoint-diag] [--tier3-phyextra]
                 [--phyip-apply-local] [--t8140-replay-post-init] [--require-build SUBSTR] [--post-init-phy-ip] [--phy-ip-write-probe] [--reachable-scan] [--phy-ip-diag]
                 [--phy-ip-diag-at {F.entry,post-1.pmgr,post-5.phy-tunables,post-5.75.naked-write-test,post-5.5.extra-tunables,post-5.8.c.cio3pllcore-naked-apply,post-6.b.CLK0ACK,post-6.d.CLK1ACK,post-6.f.T8140-marker,post-7.phycmn-early,post-6.5.t8122-shared-post,post-6.i.phy4-x10-early,none}]
                 [--pmgr-explore] [--dart-power] [--fuse-recon]
perstn.py: error: unrecognized arguments: --smp-start --soc-recon
[ahmed@admin AppleSiliconM4]$ 

